Component: ARM Compiler 5.06 update 2 (build 183) Tool: armlink [4d35b7]

==============================================================================

Section Cross References

    main.o(i._Z6updateP12DisplayState) refers to main.o(i._ZN4mbed10DigitalOutaSEi) for mbed::DigitalOut::operator =(int)
    main.o(i._Z6updateP12DisplayState) refers to main.o(.bss) for red
    main.o(i.__sti___8_main_cpp_ebaa1b93) refers to ios.o(i._ZNSt8ios_base4InitC1Ev) for std::ios_base::Init::Init()
    main.o(i.__sti___8_main_cpp_ebaa1b93) refers to aeabi_atexit.o(.text) for __aeabi_atexit
    main.o(i.__sti___8_main_cpp_ebaa1b93) refers to main.o(i._ZN4mbed8AnalogInC1E7PinName) for mbed::AnalogIn::AnalogIn(PinName)
    main.o(i.__sti___8_main_cpp_ebaa1b93) refers to main.o(i._ZN4mbed10DigitalOutC1E7PinName) for mbed::DigitalOut::DigitalOut(PinName)
    main.o(i.__sti___8_main_cpp_ebaa1b93) refers to Serial.o(i._ZN4mbed6SerialC1E7PinNameS1_PKc) for mbed::Serial::Serial(PinName, PinName, const char*)
    main.o(i.__sti___8_main_cpp_ebaa1b93) refers to flex_sensor.o(i._ZN7Sensing16FlexSensorReaderC1Ev) for Sensing::FlexSensorReader::FlexSensorReader()
    main.o(i.__sti___8_main_cpp_ebaa1b93) refers to main.o(.data) for __rw::__rw_stream_initializer
    main.o(i.__sti___8_main_cpp_ebaa1b93) refers to ios.o(i._ZNSt8ios_base4InitD1Ev) for std::ios_base::Init::~Init()
    main.o(i.__sti___8_main_cpp_ebaa1b93) refers to main.o(.bss) for led1
    main.o(i.__sti___8_main_cpp_ebaa1b93) refers to Serial.o(i._ZN4mbed6SerialD1Ev) for mbed::Serial::~Serial()
    main.o(i.__sti___8_main_cpp_ebaa1b93) refers to main.o(i._ZN7Sensing16FlexSensorReaderD1Ev) for Sensing::FlexSensorReader::~FlexSensorReader()
    main.o(i.main) refers to SerialBase.o(i._ZN4mbed10SerialBase4baudEi) for mbed::SerialBase::baud(int)
    main.o(i.main) refers to Stream.o(i._ZN4mbed6Stream6printfEPKcz) for mbed::Stream::printf(const char*, ...)
    main.o(i.main) refers to main.o(i._ZN4mbed10DigitalOutaSEi) for mbed::DigitalOut::operator =(int)
    main.o(i.main) refers to flex_sensor.o(i._ZN7Sensing16FlexSensorReaderC1Ev) for Sensing::FlexSensorReader::FlexSensorReader()
    main.o(i.main) refers to flex_sensor.o(i._ZNK7Sensing16FlexSensorReader8ADCSetupEi) for Sensing::FlexSensorReader::ADCSetup(int) const
    main.o(i.main) refers to main.o(t._ZNSs7_C_nullEv) for std::basic_string<char, std::char_traits<char>, std::allocator<char>>::_C_null()
    main.o(i.main) refers to wait_api.o(i.wait_ms) for wait_ms
    main.o(i.main) refers to flex_sensor.o(i._ZN7Sensing16FlexSensorReader4PollEPNS_13SensorReadingE) for Sensing::FlexSensorReader::Poll(Sensing::SensorReading*)
    main.o(i.main) refers to flex_sensor.o(i._ZNK7Sensing16FlexSensorReader7ConvertEPKNS_13SensorReadingE) for Sensing::FlexSensorReader::Convert(const Sensing::SensorReading*) const
    main.o(i.main) refers to main.o(t._ZNKSs5c_strEv) for std::basic_string<char, std::char_traits<char>, std::allocator<char>>::c_str() const
    main.o(i.main) refers to main.o(t._ZNKSs4sizeEv) for std::basic_string<char, std::char_traits<char>, std::allocator<char>>::size() const
    main.o(i.main) refers to ios.o(t._ZNSsD1Ev) for std::basic_string<char, std::char_traits<char>, std::allocator<char>>::~basic_string()
    main.o(i.main) refers to main.o(.bss) for pc
    main.o(.ARM.exidx) refers to main.o(i._Z3setcP12DisplayState) for i._Z3setcP12DisplayState
    main.o(.ARM.exidx) refers to main.o(i._Z6updateP12DisplayState) for i._Z6updateP12DisplayState
    main.o(.ARM.exidx) refers to main.o(i.main) for i.main
    main.o(.ARM.exidx) refers to main.o(i.__sti___8_main_cpp_ebaa1b93) for i.__sti___8_main_cpp_ebaa1b93
    main.o(.init_array) refers to main.o(i.__sti___8_main_cpp_ebaa1b93) for __sti___8_main_cpp_ebaa1b93
    main.o(.init_array) refers to init_aeabi.o(.text) for __cpp_initialize__aeabi_
    flex_sensor.o(i._ZN7Sensing16FlexSensorReader4PollEPNS_13SensorReadingE) refers to _printf_percent.o(.ARM.Collect$$_printf_percent$$00000000) for _printf_percent
    flex_sensor.o(i._ZN7Sensing16FlexSensorReader4PollEPNS_13SensorReadingE) refers to _printf_d.o(.ARM.Collect$$_printf_percent$$00000009) for _printf_d
    flex_sensor.o(i._ZN7Sensing16FlexSensorReader4PollEPNS_13SensorReadingE) refers to _printf_dec.o(.text) for _printf_int_dec
    flex_sensor.o(i._ZN7Sensing16FlexSensorReader4PollEPNS_13SensorReadingE) refers to rt_memcpy_w.o(.text) for __aeabi_memcpy4
    flex_sensor.o(i._ZN7Sensing16FlexSensorReader4PollEPNS_13SensorReadingE) refers to flex_sensor.o(i._ZNK7Sensing16FlexSensorReader8ADCSetupEi) for Sensing::FlexSensorReader::ADCSetup(int) const
    flex_sensor.o(i._ZN7Sensing16FlexSensorReader4PollEPNS_13SensorReadingE) refers to wait_api.o(i.wait_ms) for wait_ms
    flex_sensor.o(i._ZN7Sensing16FlexSensorReader4PollEPNS_13SensorReadingE) refers to flex_sensor.o(i._ZNK7Sensing16FlexSensorReader15StartConversionEv) for Sensing::FlexSensorReader::StartConversion() const
[...]
    led1                                     0x10000178   Data          24  main.o(.bss)
    led2                                     0x10000190   Data          24  main.o(.bss)
    led3                                     0x100001a8   Data          24  main.o(.bss)
    ssEn                                     0x100001c0   Data          24  main.o(.bss)
    red                                      0x100001d8   Data          24  main.o(.bss)
    orange                                   0x100001f0   Data          24  main.o(.bss)
    yellow                                   0x10000208   Data          24  main.o(.bss)
    green                                    0x10000220   Data          24  main.o(.bss)
    blue                                     0x10000238   Data          24  main.o(.bss)
    purple                                   0x10000250   Data          24  main.o(.bss)
    gray                                     0x10000268   Data          24  main.o(.bss)
    white                                    0x10000280   Data          24  main.o(.bss)
    pc                                       0x10000298   Data          96  main.o(.bss)
    bt                                       0x100002f8   Data          96  main.o(.bss)
    flex_reader                              0x10000358   Data          24  main.o(.bss)
    ssOut                                    0x10000370   Data          32  main.o(.bss)
    __stdin                                  0x100004b0   Data          84  stdio_streams.o(.bss)
    __stdout                                 0x10000504   Data          84  stdio_streams.o(.bss)
    __stderr                                 0x10000558   Data          84  stdio_streams.o(.bss)
    std::__rw_cin_databuf                    0x100005b0   Data         512  ios.o(.bss)
    std::__rw_cin_buffer                     0x100007b0   Data          88  ios.o(.bss)
    std::__rw_indestructible_cin             0x10000808   Data          80  ios.o(.bss)
    std::__rw_cout_databuf                   0x10000858   Data         512  ios.o(.bss)
    std::__rw_cout_buffer                    0x10000a58   Data          88  ios.o(.bss)
    std::__rw_indestructible_cout            0x10000ab0   Data          72  ios.o(.bss)
    std::__rw_cerr_databuf                   0x10000af8   Data         512  ios.o(.bss)
    std::__rw_cerr_buffer                    0x10000cf8   Data          88  ios.o(.bss)
    std::__rw_indestructible_cerr            0x10000d50   Data          72  ios.o(.bss)
    std::__rw_clog_databuf                   0x10000d98   Data         512  ios.o(.bss)
    std::__rw_clog_buffer                    0x10000f98   Data          88  ios.o(.bss)
    std::__rw_indestructible_clog            0x10000ff0   Data          72  ios.o(.bss)
    std::__rw_wcin_databuf                   0x10001038   Data        1024  ios.o(.bss)
    std::__rw_wcin_buffer                    0x10001438   Data          88  ios.o(.bss)
    std::__rw_indestructible_wcin            0x10001490   Data          80  ios.o(.bss)
    std::__rw_wcout_databuf                  0x100014e0   Data        1024  ios.o(.bss)
    std::__rw_wcout_buffer                   0x100018e0   Data          88  ios.o(.bss)
    std::__rw_indestructible_wcout           0x10001938   Data          72  ios.o(.bss)
    std::__rw_wcerr_databuf                  0x10001980   Data        1024  ios.o(.bss)
    std::__rw_wcerr_buffer                   0x10001d80   Data          88  ios.o(.bss)
    std::__rw_indestructible_wcerr           0x10001dd8   Data          72  ios.o(.bss)
    std::__rw_wclog_databuf                  0x10001e20   Data        1024  ios.o(.bss)
    std::__rw_wclog_buffer                   0x10002220   Data          88  ios.o(.bss)
    std::__rw_indestructible_wclog           0x10002278   Data          72  ios.o(.bss)
    std::__rw_std_streams                    0x100022c0   Data          32  ios.o(.bss)
    std::basic_string<char, std::char_traits<char>, std::allocator<char>>::__nullref 0x1000234c   Data          16  vendor.o(.bss__ZNSs9__nullrefE)
    Image$$RW_IRAM1$$ZI$$Limit               0x1000235c   Number         0  anon$$obj.o ABSOLUTE



==============================================================================

Memory Map of the image

  Image Entry point : 0x000000c5

  Load Region LR_IROM1 (Base: 0x00000000, Size: 0x0000a318, Max: 0x00080000, ABSOLUTE)

    Execution Region ER_IROM1 (Base: 0x00000000, Size: 0x0000a268, Max: 0x00080000, ABSOLUTE)

    Base Addr    Size         Type   Attr      Idx    E Section Name        Object

    0x00000000   0x000000c4   Data   RO         2060    RESET               startup_LPC17xx.o
    0x000000c4   0x00000008   Code   RO         2982  * !!!main             c_w.l(__main.o)
    0x000000cc   0x00000034   Code   RO         5402    !!!scatter          c_w.l(__scatter.o)
    0x00000100   0x0000001a   Code   RO         5404    !!handler_copy      c_w.l(__scatter_copy.o)
    0x0000011a   0x00000002   PAD
    0x0000011c   0x0000001c   Code   RO         5406    !!handler_zi        c_w.l(__scatter_zi.o)
    0x00000138   0x00000000   Code   RO         2915    .ARM.Collect$$_printf_percent$$00000000  c_w.l(_printf_percent.o)
    0x00000138   0x00000006   Code   RO         4305    .ARM.Collect$$_printf_percent$$00000001  c_w.l(_printf_n.o)
    0x0000013e   0x00000006   Code   RO         2913    .ARM.Collect$$_printf_percent$$00000002  c_w.l(_printf_p.o)
    0x00000144   0x00000006   Code   RO         4310    .ARM.Collect$$_printf_percent$$00000003  c_w.l(_printf_f.o)
    0x0000014a   0x00000006   Code   RO         4311    .ARM.Collect$$_printf_percent$$00000004  c_w.l(_printf_e.o)
    0x00000150   0x00000006   Code   RO         4312    .ARM.Collect$$_printf_percent$$00000005  c_w.l(_printf_g.o)
    0x00000156   0x00000006   Code   RO         4313    .ARM.Collect$$_printf_percent$$00000006  c_w.l(_printf_a.o)
    0x0000015c   0x0000000a   Code   RO         4318    .ARM.Collect$$_printf_percent$$00000007  c_w.l(_printf_ll.o)
    0x00000166   0x00000006   Code   RO         4308    .ARM.Collect$$_printf_percent$$00000008  c_w.l(_printf_i.o)
    0x0000016c   0x00000006   Code   RO         2914    .ARM.Collect$$_printf_percent$$00000009  c_w.l(_printf_d.o)
    0x00000172   0x00000006   Code   RO         4309    .ARM.Collect$$_printf_percent$$0000000A  c_w.l(_printf_u.o)
    0x00000178   0x00000006   Code   RO         4307    .ARM.Collect$$_printf_percent$$0000000B  c_w.l(_printf_o.o)
    0x0000017e   0x00000006   Code   RO         4306    .ARM.Collect$$_printf_percent$$0000000C  c_w.l(_printf_x.o)
    0x00000184   0x00000006   Code   RO         4315    .ARM.Collect$$_printf_percent$$0000000D  c_w.l(_printf_lli.o)
    0x0000018a   0x00000006   Code   RO         4316    .ARM.Collect$$_printf_percent$$0000000E  c_w.l(_printf_lld.o)
    0x00000190   0x00000006   Code   RO         4317    .ARM.Collect$$_printf_percent$$0000000F  c_w.l(_printf_llu.o)
    0x00000196   0x00000006   Code   RO         4322    .ARM.Collect$$_printf_percent$$00000010  c_w.l(_printf_llo.o)
    0x0000019c   0x00000006   Code   RO         4323    .ARM.Collect$$_printf_percent$$00000011  c_w.l(_printf_llx.o)
    0x000001a2   0x0000000a   Code   RO         4319    .ARM.Collect$$_printf_percent$$00000012  c_w.l(_printf_l.o)
    0x000001ac   0x00000006   Code   RO         4304    .ARM.Collect$$_printf_percent$$00000013  c_w.l(_printf_c.o)
    0x000001b2   0x00000006   Code   RO         2912    .ARM.Collect$$_printf_percent$$00000014  c_w.l(_printf_s.o)
    0x000001b8   0x00000006   Code   RO         4320    .ARM.Collect$$_printf_percent$$00000015  c_w.l(_printf_lc.o)
    0x000001be   0x00000006   Code   RO         4321    .ARM.Collect$$_printf_percent$$00000016  c_w.l(_printf_ls.o)
    0x000001c4   0x00000004   Code   RO         4314    .ARM.Collect$$_printf_percent$$00000017  c_w.l(_printf_percent_end.o)
    0x000001c8   0x00000002   Code   RO         5270    .ARM.Collect$$libinit$$00000000  c_w.l(libinit.o)
    0x000001ca   0x00000000   Code   RO         4403    .ARM.Collect$$libinit$$00000002  c_w.l(libinit2.o)
    0x000001ca   0x00000000   Code   RO         4405    .ARM.Collect$$libinit$$00000004  c_w.l(libinit2.o)
    0x000001ca   0x00000008   Code   RO         4406    .ARM.Collect$$libinit$$00000005  c_w.l(libinit2.o)
    0x000001d2   0x00000000   Code   RO         4408    .ARM.Collect$$libinit$$0000000A  c_w.l(libinit2.o)
    0x000001d2   0x00000000   Code   RO         4410    .ARM.Collect$$libinit$$0000000C  c_w.l(libinit2.o)
    0x000001d2   0x00000000   Code   RO         4412    .ARM.Collect$$libinit$$0000000E  c_w.l(libinit2.o)
    0x000001d2   0x00000006   Code   RO         4413    .ARM.Collect$$libinit$$0000000F  c_w.l(libinit2.o)
    0x000001d8   0x00000000   Code   RO         4415    .ARM.Collect$$libinit$$00000011  c_w.l(libinit2.o)
    0x000001d8   0x0000000c   Code   RO         4416    .ARM.Collect$$libinit$$00000012  c_w.l(libinit2.o)
    0x000001e4   0x00000000   Code   RO         4417    .ARM.Collect$$libinit$$00000013  c_w.l(libinit2.o)
    0x000001e4   0x00000000   Code   RO         4419    .ARM.Collect$$libinit$$00000015  c_w.l(libinit2.o)
    0x000001e4   0x0000000a   Code   RO         4420    .ARM.Collect$$libinit$$00000016  c_w.l(libinit2.o)
    0x000001ee   0x00000000   Code   RO         4421    .ARM.Collect$$libinit$$00000017  c_w.l(libinit2.o)
    0x000001ee   0x00000000   Code   RO         4423    .ARM.Collect$$libinit$$00000019  c_w.l(libinit2.o)
    0x000001ee   0x00000000   Code   RO         4425    .ARM.Collect$$libinit$$0000001B  c_w.l(libinit2.o)
    0x000001ee   0x00000000   Code   RO         4427    .ARM.Collect$$libinit$$0000001D  c_w.l(libinit2.o)
    0x000001ee   0x00000000   Code   RO         4429    .ARM.Collect$$libinit$$0000001F  c_w.l(libinit2.o)
    0x000001ee   0x00000000   Code   RO         4431    .ARM.Collect$$libinit$$00000021  c_w.l(libinit2.o)
    0x000001ee   0x00000000   Code   RO         4433    .ARM.Collect$$libinit$$00000023  c_w.l(libinit2.o)
    0x000001ee   0x00000004   Code   RO         4434    .ARM.Collect$$libinit$$00000024  c_w.l(libinit2.o)
    0x000001f2   0x00000000   Code   RO         4435    .ARM.Collect$$libinit$$00000025  c_w.l(libinit2.o)
    0x000001f2   0x00000000   Code   RO         4439    .ARM.Collect$$libinit$$0000002C  c_w.l(libinit2.o)
    0x000001f2   0x00000000   Code   RO         4441    .ARM.Collect$$libinit$$0000002E  c_w.l(libinit2.o)
    0x000001f2   0x00000000   Code   RO         4443    .ARM.Collect$$libinit$$00000030  c_w.l(libinit2.o)
    0x000001f2   0x00000004   Code   RO         4444    .ARM.Collect$$libinit$$00000031  c_w.l(libinit2.o)
    0x000001f6   0x00000000   Code   RO         4445    .ARM.Collect$$libinit$$00000032  c_w.l(libinit2.o)
    0x000001f6   0x00000002   Code   RO         4446    .ARM.Collect$$libinit$$00000033  c_w.l(libinit2.o)
    0x000001f8   0x00000000   Code   RO         5046    .ARM.Collect$$libshutdown$$00000002  c_w.l(libshutdown2.o)
    0x000001f8   0x00000000   Code   RO         5048    .ARM.Collect$$libshutdown$$00000004  c_w.l(libshutdown2.o)
    0x000001f8   0x00000000   Code   RO         4233    .ARM.Collect$$rtentry$$00000000  c_w.l(__rtentry.o)
    0x000001f8   0x00000000   Code   RO         4914    .ARM.Collect$$rtentry$$00000002  c_w.l(__rtentry2.o)
    0x000001f8   0x00000006   Code   RO         4926    .ARM.Collect$$rtentry$$00000004  c_w.l(__rtentry4.o)
    0x000001fe   0x00000000   Code   RO         4916    .ARM.Collect$$rtentry$$00000009  c_w.l(__rtentry2.o)
    0x000001fe   0x00000004   Code   RO         4917    .ARM.Collect$$rtentry$$0000000A  c_w.l(__rtentry2.o)
    0x00000202   0x00000000   Code   RO         4919    .ARM.Collect$$rtentry$$0000000C  c_w.l(__rtentry2.o)
    0x00000202   0x00000008   Code   RO         4920    .ARM.Collect$$rtentry$$0000000D  c_w.l(__rtentry2.o)
    0x0000020a   0x00000002   PAD
    0x0000020c   0x00000000   Code   RO         4941    .emb_text           c_w.l(maybetermalloc1.o)
    0x0000020c   0x00000024   Code   RO         2062    .text               startup_LPC17xx.o
    0x00000230   0x0000005e   Code   RO         2789    .text               c_w.l(h1_alloc.o)
    0x0000028e   0x0000004e   Code   RO         2791    .text               c_w.l(h1_free.o)
    0x000002dc   0x0000000a   Code   RO         2849    .text               c_w.l(vfprintf.o)
    0x000002e6   0x0000000a   Code   RO         2851    .text               c_w.l(c89vfprintf.o)
    0x000002f0   0x00000008   Code   RO         4238    .text               c_w.l(rt_heap_descriptor.o)
    0x000002f8   0x00000004   Code   RO         4253    .text               c_w.l(hguard.o)
    0x000002fc   0x00000004   Code   RO         2061    .ARM.__at_0x02FC    startup_LPC17xx.o
    0x00000300   0x00000018   Code   RO         2853    .text               c_w.l(__2printf.o)
    0x00000318   0x00000014   Code   RO         2855    .text               c_w.l(__2fprintf.o)
    0x0000032c   0x0000002c   Code   RO         2857    .text               c_w.l(__2sprintf.o)
    0x00000358   0x00000052   Code   RO         2867    .text               c_w.l(_printf_str.o)
    0x000003aa   0x00000002   PAD
    0x000003ac   0x00000078   Code   RO         2869    .text               c_w.l(_printf_dec.o)
    0x00000424   0x00000094   Code   RO         2889    .text               c_w.l(_printf_hex_int_ll_ptr.o)
    0x000004b8   0x00000188   Code   RO         2909    .text               c_w.l(__printf_flags_ss_wp.o)
    0x00000640   0x0000003c   Code   RO         2918    .text               c_w.l(__0sscanf.o)
    0x0000067c   0x0000014c   Code   RO         2920    .text               c_w.l(_scanf_int.o)
    0x000007c8   0x00000064   Code   RO         2922    .text               c_w.l(fflush.o)
    0x0000082c   0x000000ec   Code   RO         2936    .text               c_w.l(fopen.o)
    0x00000918   0x00000014   Code   RO         2938    .text               c_w.l(setbuf.o)
    0x0000092c   0x0000004c   Code   RO         2946    .text               c_w.l(fclose.o)
    0x00000978   0x0000002e   Code   RO         2961    .text               c_w.l(aeabi_atexit.o)
    0x000009a6   0x0000003e   Code   RO         2964    .text               c_w.l(strlen.o)
    0x000009e4   0x00000096   Code   RO         2966    .text               c_w.l(strncmp.o)
    0x00000a7a   0x0000008a   Code   RO         2968    .text               c_w.l(rt_memcpy_v6.o)
    0x00000b04   0x00000084   Code   RO         2970    .text               c_w.l(rt_memmove_v6.o)
    0x00000b88   0x00000064   Code   RO         2972    .text               c_w.l(rt_memcpy_w.o)
    0x00000bec   0x0000007a   Code   RO         2974    .text               c_w.l(rt_memmove_w.o)
    0x00000c66   0x0000004e   Code   RO         2976    .text               c_w.l(rt_memclr_w.o)
    0x00000cb4   0x00000080   Code   RO         2980    .text               c_w.l(strcmpv7m.o)
    0x00000d34   0x00000024   Code   RO         2987    .text               c_w.l(init_aeabi.o)
    0x00000d58   0x00000008   Code   RO         4243    .text               c_w.l(rt_new_handler_addr.o)
    0x00000d60   0x00000008   Code   RO         4248    .text               c_w.l(rt_ddtor_pointer_addr.o)
    0x00000d68   0x0000008a   Code   RO         4255    .text               c_w.l(init_alloc.o)
    0x00000df2   0x0000000e   Code   RO         4259    .text               c_w.l(h1_init.o)
    0x00000e00   0x00000014   Code   RO         4273    .text               c_w.l(fprintf.o)
    0x00000e14   0x00000034   Code   RO         4275    .text               c_w.l(vsnprintf.o)
    0x00000e48   0x0000004e   Code   RO         4277    .text               c_w.l(_printf_pad.o)
    0x00000e96   0x00000024   Code   RO         4279    .text               c_w.l(_printf_truncate.o)
    0x00000eba   0x000000b2   Code   RO         4281    .text               c_w.l(_printf_intcommon.o)
    0x00000f6c   0x00000028   Code   RO         4283    .text               c_w.l(_printf_charcount.o)
    0x00000f94   0x00000030   Code   RO         4285    .text               c_w.l(_printf_char_common.o)
    0x00000fc4   0x0000000a   Code   RO         4287    .text               c_w.l(_sputc.o)
    0x00000fce   0x0000002c   Code   RO         4289    .text               c_w.l(_printf_char.o)
    0x00000ffa   0x00000002   PAD
    0x00000ffc   0x00000024   Code   RO         4291    .text               c_w.l(_printf_char_file.o)
    0x00001020   0x000000bc   Code   RO         4293    .text               c_w.l(_printf_wctomb.o)
    0x000010dc   0x0000007c   Code   RO         4296    .text               c_w.l(_printf_longlong_dec.o)
    0x00001158   0x00000070   Code   RO         4302    .text               c_w.l(_printf_oct_int_ll.o)
    0x000011c8   0x0000003c   Code   RO         4324    .text               c_w.l(sscanf.o)
    0x00001204   0x0000001c   Code   RO         4326    .text               c_w.l(_chval.o)
    0x00001220   0x00000156   Code   RO         4328    .text               c_w.l(_scanf_longlong.o)
    0x00001376   0x000000e0   Code   RO         4330    .text               c_w.l(_scanf_str.o)
    0x00001456   0x00000002   PAD
    0x00001458   0x0000002c   Code   RO         4332    .text               c_w.l(scanf_char.o)
    0x00001484   0x00000040   Code   RO         4334    .text               c_w.l(_sgetc.o)
    0x000014c4   0x00000114   Code   RO         4338    .text               c_w.l(_scanf_mbtowc.o)
    0x000015d8   0x000000e8   Code   RO         4340    .text               c_w.l(_scanf_wctomb.o)
    0x000016c0   0x000000d0   Code   RO         4342    .text               c_w.l(_scanf_wstr.o)
    0x00001790   0x00000008   Code   RO         4346    .text               c_w.l(ferror.o)
    0x00001798   0x000001d6   Code   RO         4350    .text               c_w.l(flsbuf.o)
    0x0000196e   0x00000002   PAD
    0x00001970   0x000000f8   Code   RO         4352    .text               c_w.l(fseek.o)
    0x00001a68   0x00000042   Code   RO         4354    .text               c_w.l(ftell.o)
    0x00001aaa   0x00000046   Code   RO         4358    .text               c_w.l(setvbuf.o)
    0x00001af0   0x000000f0   Code   RO         4360    .text               c_w.l(stdio.o)
    0x00001be0   0x00000138   Code   RO         4365    .text               c_w.l(initio.o)
    0x00001d18   0x00000016   Code   RO         4381    .text               c_w.l(abort.o)
    0x00001d2e   0x00000042   Code   RO         4383    .text               c_w.l(cxa_finalize.o)
    0x00001d70   0x0000000e   Code   RO         4386    .text               c_w.l(defsig_pvfn_outer.o)
    0x00001d7e   0x00000048   Code   RO         4390    .text               c_w.l(strcpy.o)
    0x00001dc6   0x00000016   Code   RO         4392    .text               c_w.l(strrchr.o)
    0x00001ddc   0x00000006   Code   RO         4394    .text               c_w.l(wmemmove.o)
    0x00001de2   0x00000018   Code   RO         4396    .text               c_w.l(strcat.o)
    0x00001dfa   0x00000004   Code   RO         4823    .text               cpprt_w.l(arm_newhandler_noexceptions.o)
    0x00001dfe   0x00000002   Code   RO         4826    .text               cpprt_w.l(arm_rethrow_noexceptions.o)
    0x00001e00   0x0000000e   Code   RO         4871    .text               cpprt_w.l(aeabi_vec_delete_noexceptions.o)
    0x00001e0e   0x00000002   PAD
    0x00001e10   0x0000000c   Code   RO         4908    .text               c_w.l(sys_exit.o)
    0x00001e1c   0x00000010   Code   RO         4928    .text               c_w.l(rt_ctype_table.o)
    0x00001e2c   0x00000008   Code   RO         4934    .text               c_w.l(rt_errno_addr.o)
    0x00001e34   0x00000034   Code   RO         4943    .text               c_w.l(h1_extend.o)
    0x00001e68   0x0000008a   Code   RO         4947    .text               c_w.l(lludiv10.o)
    0x00001ef2   0x00000012   Code   RO         4949    .text               c_w.l(isspace.o)
    0x00001f04   0x0000041a   Code   RO         4951    .text               c_w.l(_printf_fp_dec.o)
    0x0000231e   0x00000002   PAD
    0x00002320   0x000002fc   Code   RO         4953    .text               c_w.l(_printf_fp_hex.o)
    0x0000261c   0x00000010   Code   RO         4956    .text               c_w.l(_snputc.o)
    0x0000262c   0x0000002c   Code   RO         4962    .text               c_w.l(_printf_wchar.o)
    0x00002658   0x00000374   Code   RO         4964    .text               c_w.l(_scanf.o)
    0x000029cc   0x000004a4   Code   RO         4966    .text               c_w.l(scanf_fp.o)
    0x00002e70   0x0000001e   Code   RO         4970    .text               c_w.l(_scanf_wcharmap.o)
    0x00002e8e   0x000000bc   Code   RO         4978    .text               c_w.l(fwritefast.o)
    0x00002f4a   0x00000002   PAD
    0x00002f4c   0x00000010   Code   RO         4996    .text               c_w.l(locale.o)
    0x00002f5c   0x0000003c   Code   RO         5006    .text               c_w.l(_mbrtowc.o)
    0x00002f98   0x00000040   Code   RO         5008    .text               c_w.l(_wcrtomb.o)
    0x00002fd8   0x0000000a   Code   RO         5012    .text               c_w.l(defsig_exit.o)
    0x00002fe2   0x0000000e   Code   RO         5014    .text               c_w.l(defsig_abrt_outer.o)
    0x00002ff0   0x0000000e   Code   RO         5018    .text               c_w.l(defsig_rtred_outer.o)
    0x00002ffe   0x0000000e   Code   RO         5022    .text               c_w.l(defsig_rtmem_outer.o)
    0x0000300c   0x00000030   Code   RO         5026    .text               c_w.l(defsig_pvfn_inner.o)
    0x0000303c   0x00000008   Code   RO         5034    .text               c_w.l(memcpy.o)
    0x00003044   0x00000008   Code   RO         5036    .text               c_w.l(memmove.o)
    0x0000304c   0x00000050   Code   RO         5038    .text               c_w.l(heapauxa.o)
    0x0000309c   0x0000001a   Code   RO         5172    .text               cpprt_w.l(arm_exceptions_terminate.o)
    0x000030b6   0x00000002   PAD
    0x000030b8   0x00000050   Code   RO         5175    .text               cpprt_w.l(arm_exceptions_globs.o)
    0x00003108   0x00000002   Code   RO         5186    .text               c_w.l(use_no_semi.o)
    0x0000310a   0x00000000   Code   RO         5188    .text               c_w.l(indicate_semi.o)
    0x0000310a   0x00000002   PAD
    0x0000310c   0x00000008   Code   RO         5189    .text               c_w.l(rt_locale.o)
    0x00003114   0x00000008   Code   RO         5194    .text               c_w.l(rt_eh_globals_addr.o)
    0x0000311c   0x00000080   Code   RO         5203    .text               c_w.l(_printf_fp_infnan.o)
    0x0000319c   0x000000dc   Code   RO         5207    .text               c_w.l(bigflt0.o)
    0x00003278   0x000001ac   Code   RO         5236    .text               c_w.l(locale_r.o)
    0x00003424   0x00000032   Code   RO         5249    .text               c_w.l(defsig_general.o)
    0x00003456   0x00000002   PAD
    0x00003458   0x00000030   Code   RO         5251    .text               c_w.l(defsig_abrt_inner.o)
    0x00003488   0x00000034   Code   RO         5257    .text               c_w.l(defsig_rtred_inner.o)
    0x000034bc   0x00000050   Code   RO         5259    .text               c_w.l(defsig_rtmem_inner.o)
    0x0000350c   0x00000022   Code   RO         5274    .text               cpprt_w.l(aeabi_vec_dtor_noexceptions.o)
    0x0000352e   0x0000003c   Code   RO         5277    .text               cpprt_w.l(arm_exceptions_mem.o)
    0x0000356a   0x0000000e   Code   RO         5313    .text               c_w.l(sys_wrch.o)
    0x00003578   0x00000016   Code   RO         5319    .text               c_w.l(_rserrno.o)
    0x0000358e   0x00000002   PAD
    0x00003590   0x00000320   Code   RO         5321    .text               c_w.l(scanf_hexfp.o)
    0x000038b0   0x00000134   Code   RO         5323    .text               c_w.l(scanf_infnan.o)
    0x000039e4   0x00000026   Code   RO         5351    .text               c_w.l(llshl.o)
    0x00003a0a   0x0000001c   Code   RO         5363    .text               cpprt_w.l(ARM_vec_cleanup_noexceptions.o)
    0x00003a26   0x0000003e   Code   RO         5210    CL$$btod_d2e        c_w.l(btod.o)
    0x00003a64   0x00000046   Code   RO         5212    CL$$btod_d2e_denorm_low  c_w.l(btod.o)
    0x00003aaa   0x00000060   Code   RO         5211    CL$$btod_d2e_norm_op1  c_w.l(btod.o)
    0x00003b0a   0x00000338   Code   RO         5220    CL$$btod_div_common  c_w.l(btod.o)
    0x00003e42   0x00000002   PAD
    0x00003e44   0x00000054   Code   RO         5218    CL$$btod_e2d        c_w.l(btod.o)
    0x00003e98   0x000000c6   Code   RO         5217    CL$$btod_e2e        c_w.l(btod.o)
    0x00003f5e   0x00000028   Code   RO         5214    CL$$btod_ediv       c_w.l(btod.o)
    0x00003f86   0x00000028   Code   RO         5216    CL$$btod_edivd      c_w.l(btod.o)
    0x00003fae   0x00000028   Code   RO         5213    CL$$btod_emul       c_w.l(btod.o)
    0x00003fd6   0x00000028   Code   RO         5215    CL$$btod_emuld      c_w.l(btod.o)
    0x00003ffe   0x00000244   Code   RO         5219    CL$$btod_mult_common  c_w.l(btod.o)
    0x00004242   0x00000012   Code   RO         2086    i.$Sub$$main        retarget.o
    0x00004254   0x00000006   Code   RO         2419    i.<Func1>           mbed.ar(SerialBase.o)
    0x0000425a   0x00000014   Code   RO         4603    i.<Func5>           cpp_ws.l(locale.o)
    0x0000426e   0x00000002   PAD
    0x00004270   0x0000006c   Code   RO         2076    i.NVIC_SetVector    cmsis_nvic.o
    0x000042dc   0x000000a0   Code   RO         2067    i.SystemInit        system_LPC17xx.o
    0x0000437c   0x00000020   Code   RO         5061    i._Z7catgetsPN4__rw8__rw_catEiiPKc  cpp_ws.l(rwcats.o)
    0x0000439c   0x00000022   Code   RO         5062    i._Z7catopenPKci    cpp_ws.l(rwcats.o)
    0x000043be   0x00000058   Code   RO         3990    i._ZN37_INTERNAL_15_rwstdexcept_cpp_8697b68a4__rw13__rw_vfmatstrEPcjPKcSt9__va_list  cpp_ws.l(rwstdexcept.o)
    0x00004416   0x00000002   PAD
    0x00004418   0x0000014c   Code   RO         3991    i._ZN37_INTERNAL_15_rwstdexcept_cpp_8697b68a4__rw13__rw_vfmatstrEPcjiSt9__va_list  cpp_ws.l(rwstdexcept.o)
    0x00004564   0x0000005c   Code   RO         3993    i._ZN4__rw10__rw_throwEiz  cpp_ws.l(rwstdexcept.o)
    0x000045c0   0x0000002c   Code   RO         3382    i._ZN4__rw11__rw_file_t11_C_get_modeEPSt6__FILE  cpp_ws.l(ios.o)
    0x000045ec   0x0000001c   Code   RO         3607    i._ZN4__rw11__rw_file_t7_C_seekEli  cpp_ws.l(ios.o)
    0x00004608   0x00000020   Code   RO         3513    i._ZN4__rw11__rw_file_t8_C_writeEPKvjj  cpp_ws.l(ios.o)
    0x00004628   0x00000020   Code   RO         3938    i._ZN4__rw13__rw_allocateEji  cpp_ws.l(rwalloc.o)
    0x00004648   0x00000004   Code   RO         3939    i._ZN4__rw15__rw_deallocateEPvji  cpp_ws.l(rwalloc.o)
    0x0000464c   0x00000002   Code   RO         3911    i._ZN4__rw15__rw_facet_base12_C_initfacetERKSt6locale  cpp_ws.l(ios.o)
    0x0000464e   0x00000002   PAD
    0x00004650   0x000000ec   Code   RO         4706    i._ZN4__rw15__rw_locale_impC1EPKcjj  cpp_ws.l(locale.o)
    0x0000473c   0x0000001a   Code   RO         3332    i._ZN4__rw15__rw_locale_impD1Ev  cpp_ws.l(ios.o)
    0x00004756   0x0000003a   Code   RO         4604    i._ZN4__rw21__rw_use_c_lib_localeC1EPKci  cpp_ws.l(locale.o)
    0x00004790   0x00000018   Code   RO         4571    i._ZN4__rw21__rw_use_c_lib_localeD1Ev  cpp_ws.l(char.o)
    0x000047a8   0x00000098   Code   RO         5085    i._ZN4__rw25__rw_throw_exception_noexEiPc  cpp_ws.l(rwthrowproc_impl_noex.o)
    0x00004840   0x00000030   Code   RO         5065    i._ZN4__rw9__catfindEPNS_8__rw_catE  cpp_ws.l(rwcats.o)
    0x00004870   0x0000001a   Code   RO          207    i._ZN4mbed10DigitalOutC1E7PinName  main.o
    0x0000488a   0x00000002   PAD
    0x0000488c   0x0000005c   Code   RO           47    i._ZN4mbed10DigitalOutaSEi  main.o
    0x000048e8   0x0000003a   Code   RO         2184    i._ZN4mbed10FileHandle4flenEv  retarget.o
    0x00004922   0x00000002   PAD
    0x00004924   0x00000030   Code   RO         2088    i._ZN4mbed10FileHandleD2Ev  retarget.o
    0x00004954   0x0000000e   Code   RO         2421    i._ZN4mbed10SerialBase10_base_putcEi  mbed.ar(SerialBase.o)
    0x00004962   0x0000000e   Code   RO         2423    i._ZN4mbed10SerialBase12_irq_handlerEj9SerialIrq  mbed.ar(SerialBase.o)
    0x00004970   0x00000010   Code   RO         2425    i._ZN4mbed10SerialBase4baudEi  mbed.ar(SerialBase.o)
    0x00004980   0x0000004c   Code   RO         2430    i._ZN4mbed10SerialBaseC1E7PinNameS1_  mbed.ar(SerialBase.o)
    0x000049cc   0x00000018   Code   RO         2679    i._ZN4mbed15FunctionPointer4callEv  mbed.ar(FunctionPointer.o)
    0x000049e4   0x0000000a   Code   RO         2681    i._ZN4mbed15FunctionPointerC1EPFvvE  mbed.ar(FunctionPointer.o)
    0x000049ee   0x00000002   PAD
    0x000049f0   0x00000024   Code   RO         2378    i._ZN4mbed6SerialC1E7PinNameS1_PKc  mbed.ar(Serial.o)
    0x00004a14   0x0000000c   Code   RO         2395    i._ZN4mbed6SerialD1Ev  mbed.ar(Serial.o)
    0x00004a20   0x00000004   Code   RO         2467    i._ZN4mbed6Stream4flenEv  mbed.ar(Stream.o)
    0x00004a24   0x00000004   Code   RO         2473    i._ZN4mbed6Stream5closeEv  mbed.ar(Stream.o)
    0x00004a28   0x00000004   Code   RO         2475    i._ZN4mbed6Stream5lseekEli  mbed.ar(Stream.o)
    0x00004a2c   0x0000002a   Code   RO         2477    i._ZN4mbed6Stream5writeEPKvj  mbed.ar(Stream.o)
    0x00004a56   0x00000004   Code   RO         2478    i._ZN4mbed6Stream6isattyEv  mbed.ar(Stream.o)
    0x00004a5a   0x0000001e   Code   RO         2479    i._ZN4mbed6Stream6printfEPKcz  mbed.ar(Stream.o)
    0x00004a78   0x00000044   Code   RO         2480    i._ZN4mbed6StreamC2EPKc  mbed.ar(Stream.o)
    0x00004abc   0x00000020   Code   RO         2482    i._ZN4mbed6StreamD2Ev  mbed.ar(Stream.o)
    0x00004adc   0x00000012   Code   RO          213    i._ZN4mbed8AnalogInC1E7PinName  main.o
    0x00004aee   0x00000004   Code   RO         2628    i._ZN4mbed8FileBase11getPathTypeEv  mbed.ar(FileBase.o)
    0x00004af2   0x00000002   PAD
    0x00004af4   0x00000038   Code   RO         2630    i._ZN4mbed8FileBase6lookupEPKcj  mbed.ar(FileBase.o)
    0x00004b2c   0x00000024   Code   RO         2632    i._ZN4mbed8FileBaseC1EPKcNS_8PathTypeE  mbed.ar(FileBase.o)
    0x00004b50   0x00000038   Code   RO         2634    i._ZN4mbed8FileBaseD1Ev  mbed.ar(FileBase.o)
    0x00004b88   0x00000024   Code   RO         2658    i._ZN4mbed8FileLikeC2EPKc  mbed.ar(FileLike.o)
    0x00004bac   0x00000012   Code   RO         2660    i._ZN4mbed8FileLikeD2Ev  mbed.ar(FileLike.o)
    0x00004bbe   0x00000018   Code   RO         2259    i._ZN4mbed8FilePath10fileSystemEv  mbed.ar(FilePath.o)
    0x00004bd6   0x0000001c   Code   RO         2261    i._ZN4mbed8FilePath4fileEv  mbed.ar(FilePath.o)
    0x00004bf2   0x0000000a   Code   RO         2262    i._ZN4mbed8FilePath6existsEv  mbed.ar(FilePath.o)
    0x00004bfc   0x00000018   Code   RO         2263    i._ZN4mbed8FilePath6isFileEv  mbed.ar(FilePath.o)
    0x00004c14   0x00000004   Code   RO         2264    i._ZN4mbed8FilePath8fileNameEv  mbed.ar(FilePath.o)
    0x00004c18   0x00000040   Code   RO         2265    i._ZN4mbed8FilePathC1EPKc  mbed.ar(FilePath.o)
    0x00004c58   0x0000003a   Code   RO         1076    i._ZN7Sensing13SensorReadingC1EtttttSs  flex_sensor.o
    0x00004c92   0x00000014   Code   RO          234    i._ZN7Sensing13SensorReadingD1Ev  main.o
    0x00004ca6   0x0000002e   Code   RO         1061    i._ZN7Sensing13SensorReadingaSERKS0_  flex_sensor.o
    0x00004cd4   0x000001b4   Code   RO          960    i._ZN7Sensing16FlexSensorReader4PollEPNS_13SensorReadingE  flex_sensor.o
    0x00004e88   0x000002e0   Code   RO          961    i._ZN7Sensing16FlexSensorReaderC1Ev  flex_sensor.o
    0x00005168   0x0000001a   Code   RO          141    i._ZN7Sensing16FlexSensorReaderD1Ev  main.o
    0x00005182   0x0000000a   Code   RO         3595    i._ZNK4__rw11__rw_file_t10_C_is_openEv  cpp_ws.l(ios.o)
    0x0000518c   0x00000050   Code   RO         1130    i._ZNK7Sensing13SensorReading17distance_from_keyERKS0_  flex_sensor.o
    0x000051dc   0x00000012   Code   RO         1142    i._ZNK7Sensing13SensorReading8min_distEii  flex_sensor.o
    0x000051ee   0x00000002   PAD
    0x000051f0   0x00000010   Code   RO          962    i._ZNK7Sensing16FlexSensorReader11ExtractDataEv  flex_sensor.o
    0x00005200   0x00000014   Code   RO          963    i._ZNK7Sensing16FlexSensorReader13EndConversionEv  flex_sensor.o
    0x00005214   0x00000014   Code   RO          964    i._ZNK7Sensing16FlexSensorReader15StartConversionEv  flex_sensor.o
    0x00005228   0x000000c8   Code   RO          965    i._ZNK7Sensing16FlexSensorReader7ConvertEPKNS_13SensorReadingE  flex_sensor.o
    0x000052f0   0x00000060   Code   RO          966    i._ZNK7Sensing16FlexSensorReader8ADCSetupEi  flex_sensor.o
    0x00005350   0x00000004   Code   RO         4078    i._ZNKSt14__rw_exception4whatEv  cpp_ws.l(rwstdexcept.o)
    0x00005354   0x00000072   Code   RO         4758    i._ZNKSt18__rw_messages_base11_C_cat_openERKSsRKSt6locale  cpp_ws.l(messages.o)
    0x000053c6   0x00000020   Code   RO         4761    i._ZNKSt18__rw_messages_base13_C_get_localeEi  cpp_ws.l(messages.o)
    0x000053e6   0x00000034   Code   RO         4762    i._ZNKSt18__rw_messages_base14_C_get_messageEiii  cpp_ws.l(messages.o)
    0x0000541a   0x0000000e   Code   RO         4541    i._ZNKSt5ctypeIcE2isENSt10ctype_base4maskEc  cpp_ws.l(char.o)
    0x00005428   0x00000004   Code   RO         4559    i._ZNKSt5ctypeIcE8do_widenEc  cpp_ws.l(char.o)
    0x0000542c   0x00000004   Code   RO         3720    i._ZNKSt5ctypeIwE8do_widenEc  cpp_ws.l(ios.o)
    0x00005430   0x00000028   Code   RO         3099    i._ZNKSt6locale12_C_use_facetERKNS_2idEbiPFPN4__rw15__rw_facet_baseEiPKcjE  cpp_ws.l(ios.o)
    0x00005458   0x00000108   Code   RO         4609    i._ZNKSt6locale13_C_make_facetERKNS_2idEbiPFPN4__rw15__rw_facet_baseEiPKcjE  cpp_ws.l(locale.o)
    0x00005560   0x00000074   Code   RO         4611    i._ZNKSt6locale16_C_install_facetEPN4__rw15__rw_facet_baseERKNS_2idE  cpp_ws.l(locale.o)
    0x000055d4   0x00000030   Code   RO         4612    i._ZNKSt6locale4nameEv  cpp_ws.l(locale.o)
    0x00005604   0x00000004   Code   RO         3774    i._ZNKSt7codecvtIccSt11__mbstate_tE11do_encodingEv  cpp_ws.l(ios.o)
    0x00005608   0x0000000a   Code   RO         3447    i._ZNKSt7codecvtIccSt11__mbstate_tE13always_noconvEv  cpp_ws.l(ios.o)
    0x00005612   0x00000004   Code   RO         3777    i._ZNKSt7codecvtIccSt11__mbstate_tE16do_always_noconvEv  cpp_ws.l(ios.o)
    0x00005616   0x0000001c   Code   RO         3438    i._ZNKSt7codecvtIccSt11__mbstate_tE3outERS0_PKcS4_RS4_PcS6_RS6_  cpp_ws.l(ios.o)
    0x00005632   0x0000000e   Code   RO         3765    i._ZNKSt7codecvtIccSt11__mbstate_tE6do_outERS0_PKcS4_RS4_PcS6_RS6_  cpp_ws.l(ios.o)
    0x00005640   0x0000000a   Code   RO         3442    i._ZNKSt7codecvtIccSt11__mbstate_tE8encodingEv  cpp_ws.l(ios.o)
    0x0000564a   0x00000004   Code   RO         3804    i._ZNKSt7codecvtIwcSt11__mbstate_tE11do_encodingEv  cpp_ws.l(ios.o)
    0x0000564e   0x0000000a   Code   RO         3469    i._ZNKSt7codecvtIwcSt11__mbstate_tE13always_noconvEv  cpp_ws.l(ios.o)
    0x00005658   0x00000004   Code   RO         3801    i._ZNKSt7codecvtIwcSt11__mbstate_tE16do_always_noconvEv  cpp_ws.l(ios.o)
    0x0000565c   0x0000001c   Code   RO         3460    i._ZNKSt7codecvtIwcSt11__mbstate_tE3outERS0_PKwS4_RS4_PcS6_RS6_  cpp_ws.l(ios.o)
    0x00005678   0x00000030   Code   RO         3792    i._ZNKSt7codecvtIwcSt11__mbstate_tE6do_outERS0_PKwS4_RS4_PcS6_RS6_  cpp_ws.l(ios.o)
    0x000056a8   0x0000000a   Code   RO         3464    i._ZNKSt7codecvtIwcSt11__mbstate_tE8encodingEv  cpp_ws.l(ios.o)
    0x000056b2   0x00000010   Code   RO         3573    i._ZNSt11char_traitsIcE11eq_int_typeERKiS2_  cpp_ws.l(ios.o)
    0x000056c2   0x0000000c   Code   RO         3300    i._ZNSt11char_traitsIcE4copyEPcPKcj  cpp_ws.l(ios.o)
    0x000056ce   0x0000000c   Code   RO         3297    i._ZNSt11char_traitsIcE4moveEPcPKcj  cpp_ws.l(ios.o)
    0x000056da   0x0000001c   Code   RO         3303    i._ZNSt11char_traitsIcE7not_eofERKi  cpp_ws.l(ios.o)
    0x000056f6   0x00000010   Code   RO         3576    i._ZNSt11char_traitsIwE11eq_int_typeERKiS2_  cpp_ws.l(ios.o)
    0x00005706   0x0000000c   Code   RO         3309    i._ZNSt11char_traitsIwE4moveEPwPKwj  cpp_ws.l(ios.o)
    0x00005712   0x0000001c   Code   RO         3312    i._ZNSt11char_traitsIwE7not_eofERKi  cpp_ws.l(ios.o)
    0x0000572e   0x00000002   PAD
    0x00005730   0x000000cc   Code   RO         4455    i._ZNSt12ctype_bynameIcE17_C_get_mask_tableEPKc  cpp_ws.l(char.o)
    0x000057fc   0x00000120   Code   RO         4457    i._ZNSt12ctype_bynameIcEC1EPKcj  cpp_ws.l(char.o)
    0x0000591c   0x0000000e   Code   RO         4600    i._ZNSt12ctype_bynameIcED0Ev  cpp_ws.l(char.o)
    0x0000592a   0x00000008   Code   RO         4597    i._ZNSt12ctype_bynameIcED1Ev  cpp_ws.l(char.o)
    0x00005932   0x00000002   PAD
    0x00005934   0x00000084   Code   RO         3996    i._ZNSt14__rw_exception10_C_vformatEiSt9__va_list  cpp_ws.l(rwstdexcept.o)
    0x000059b8   0x00000014   Code   RO         4049    i._ZNSt14__rw_exceptionC1Ev  cpp_ws.l(rwstdexcept.o)
    0x000059cc   0x0000001c   Code   RO         4072    i._ZNSt14__rw_exceptionD1Ev  cpp_ws.l(rwstdexcept.o)
    0x000059e8   0x00000008   Code   RO         4046    i._ZNSt18__rw_messages_baseD1Ev  cpp_ws.l(rwstdexcept.o)
    0x000059f0   0x0000001a   Code   RO         4798    i._ZNSt18__rw_open_cat_dataC1Ev  cpp_ws.l(messages.o)
    0x00005a0a   0x0000000c   Code   RO         4795    i._ZNSt18__rw_open_cat_dataD1Ev  cpp_ws.l(messages.o)
    0x00005a16   0x00000012   Code   RO         4801    i._ZNSt18__rw_open_cat_dataaSERKS_  cpp_ws.l(messages.o)
    0x00005a28   0x000000fa   Code   RO         4459    i._ZNSt5ctypeIcE12_C_initfacetERKSt6locale  cpp_ws.l(char.o)
    0x00005b22   0x00000002   PAD
    0x00005b24   0x00000118   Code   RO         4461    i._ZNSt5ctypeIcEC1EPKNSt10ctype_base4maskEbj  cpp_ws.l(char.o)
    0x00005c3c   0x0000000e   Code   RO         4544    i._ZNSt5ctypeIcED0Ev  cpp_ws.l(char.o)
    0x00005c4a   0x00000002   PAD
    0x00005c4c   0x0000002c   Code   RO         4506    i._ZNSt5ctypeIcED1Ev  cpp_ws.l(char.o)
    0x00005c78   0x00000018   Code   RO         3356    i._ZNSt5ctypeIwEC1Ej  cpp_ws.l(ios.o)
    0x00005c90   0x0000000e   Code   RO         3732    i._ZNSt5ctypeIwED0Ev  cpp_ws.l(ios.o)
    0x00005c9e   0x00000008   Code   RO         3729    i._ZNSt5ctypeIwED1Ev  cpp_ws.l(ios.o)
    0x00005ca6   0x00000002   PAD
    0x00005ca8   0x00000014   Code   RO         3586    i._ZNSt6locale5facetC1Eji  cpp_ws.l(ios.o)
    0x00005cbc   0x0000000e   Code   RO         3687    i._ZNSt6locale5facetD0Ev  cpp_ws.l(ios.o)
    0x00005cca   0x00000002   PAD
    0x00005ccc   0x00000084   Code   RO         4615    i._ZNSt6locale7_C_initEv  cpp_ws.l(locale.o)
    0x00005d50   0x00000044   Code   RO         4617    i._ZNSt6locale7classicEv  cpp_ws.l(locale.o)
    0x00005d94   0x00000020   Code   RO         4734    i._ZNSt6localeC1EPN4__rw15__rw_locale_impE  cpp_ws.l(locale.o)
    0x00005db4   0x0000000c   Code   RO         3329    i._ZNSt6localeC1ERKS_  cpp_ws.l(ios.o)
    0x00005dc0   0x00000020   Code   RO         3325    i._ZNSt6localeC1Ev  cpp_ws.l(ios.o)
    0x00005de0   0x00000020   Code   RO         3096    i._ZNSt6localeD1Ev  cpp_ws.l(ios.o)
    0x00005e00   0x00000032   Code   RO         4625    i._ZNSt6localeaSERKS_  cpp_ws.l(locale.o)
    0x00005e32   0x00000002   PAD
    0x00005e34   0x00000014   Code   RO         3435    i._ZNSt7codecvtIccSt11__mbstate_tEC1Ej  cpp_ws.l(ios.o)
    0x00005e48   0x0000000e   Code   RO         3789    i._ZNSt7codecvtIccSt11__mbstate_tED0Ev  cpp_ws.l(ios.o)
    0x00005e56   0x00000008   Code   RO         3786    i._ZNSt7codecvtIccSt11__mbstate_tED1Ev  cpp_ws.l(ios.o)
    0x00005e5e   0x00000002   PAD
    0x00005e60   0x00000014   Code   RO         3457    i._ZNSt7codecvtIwcSt11__mbstate_tEC1Ej  cpp_ws.l(ios.o)
    0x00005e74   0x0000000e   Code   RO         3816    i._ZNSt7codecvtIwcSt11__mbstate_tED0Ev  cpp_ws.l(ios.o)
    0x00005e82   0x00000008   Code   RO         3813    i._ZNSt7codecvtIwcSt11__mbstate_tED1Ev  cpp_ws.l(ios.o)
    0x00005e8a   0x00000002   PAD
    0x00005e8c   0x00000318   Code   RO         2996    i._ZNSt8ios_base4InitC1Ev  cpp_ws.l(ios.o)
    0x000061a4   0x000000a8   Code   RO         2998    i._ZNSt8ios_base4InitD1Ev  cpp_ws.l(ios.o)
    0x0000624c   0x00000024   Code   RO         3114    i._ZNSt8ios_baseC1Ev  cpp_ws.l(ios.o)
    0x00006270   0x0000000e   Code   RO         4058    i._ZNSt8messagesIcED0Ev  cpp_ws.l(rwstdexcept.o)
    0x0000627e   0x00000010   Code   RO         4043    i._ZNSt8messagesIcED1Ev  cpp_ws.l(rwstdexcept.o)
    0x0000628e   0x00000002   PAD
    0x00006290   0x0000000c   Code   RO         4848    i._ZNSt9exceptionC1Ev  cpprt_w.l(exception_ctor.o)
    0x0000629c   0x0000003c   Code   RO         4779    i._ZSt13__rw_get_catsv  cpp_ws.l(messages.o)
    0x000062d8   0x00000006   Code   RO         2380    i._ZThn72_N4mbed6Serial5_putcEi  mbed.ar(Serial.o)
    0x000062de   0x00000008   Code   RO         4807    i._ZdaPv            cpprt_w.l(array_del.o)
    0x000062e6   0x00000008   Code   RO         4081    i._ZdlPv            cpprt_w.l(delete.o)
    0x000062ee   0x00000008   Code   RO         4810    i._Znaj             cpprt_w.l(array_new.o)
    0x000062f6   0x00000002   PAD
    0x000062f8   0x00000028   Code   RO         4084    i._Znwj             cpprt_w.l(new.o)
    0x00006320   0x00000092   Code   RO         5337    i.__ARM_array_new_general  cpprt_w.l(array_new_general.o)
    0x000063b2   0x00000028   Code   RO         5305    i.__ARM_fpclassify  m_ws.l(fpclassify.o)
    0x000063da   0x00000024   Code   RO         4194    i.__aeabi_vec_ctor_nocookie_nodtor  cpprt_w.l(aeabi_vec_ctor_nocookie_nodtor.o)
    0x000063fe   0x00000010   Code   RO         5162    i.__aeabi_vec_dtor_cookie  cpprt_w.l(aeabi_vec_dtor_cookie.o)
    0x0000640e   0x00000014   Code   RO         5159    i.__aeabi_vec_new_cookie  cpprt_w.l(aeabi_vec_new_cookie.o)
    0x00006422   0x00000010   Code   RO         4839    i.__cxa_guard_acquire  cpprt_w.l(cxa_guard_acquire.o)
    0x00006432   0x00000006   Code   RO         4088    i.__cxa_pure_virtual  cpprt_w.l(pure_virt.o)
    0x00006438   0x00000018   Code   RO         5271    i.__cxa_vec_new     cpprt_w.l(cxa_vec_new.o)
    0x00006450   0x0000000e   Code   RO         5386    i.__mathlib_dbl_overflow  m_ws.l(dunder.o)
    0x0000645e   0x00000002   PAD
    0x00006460   0x00000010   Code   RO         5388    i.__mathlib_dbl_underflow  m_ws.l(dunder.o)
    0x00006470   0x00000010   Code   RO         5307    i.__mathlib_narrow  m_ws.l(narrow.o)
    0x00006480   0x00000088   Code   RO         5308    i.__mathlib_tofloat  m_ws.l(narrow.o)
    0x00006508   0x00000010   Code   RO         4626    i.__sti___10_locale_cpp_ff99fc7b  cpp_ws.l(locale.o)
    0x00006518   0x00000038   Code   RO         5066    i.__sti___10_rwcats_cpp_64e8068e  cpp_ws.l(rwcats.o)
    0x00006550   0x00000020   Code   RO          967    i.__sti___15_flex_sensor_cpp_64ce7295  flex_sensor.o
    0x00006570   0x00000010   Code   RO         4463    i.__sti___8_char_cpp_a3dc957a  cpp_ws.l(char.o)
    0x00006580   0x00000194   Code   RO            5    i.__sti___8_main_cpp_ebaa1b93  main.o
    0x00006714   0x00000016   Code   RO         5369    i.__support_ldexp   m_ws.l(ldexp.o)
    0x0000672a   0x00000002   PAD
    0x0000672c   0x00000010   Code   RO         2081    i.__user_setup_stackheap  sys.o
    0x0000673c   0x0000000e   Code   RO         2902    i._is_digit         c_w.l(__printf_wp.o)
    0x0000674a   0x00000002   PAD
    0x0000674c   0x0000002c   Code   RO         2089    i._sys_close        retarget.o
    0x00006778   0x00000028   Code   RO         2092    i._sys_flen         retarget.o
    0x000067a0   0x00000028   Code   RO         2093    i._sys_istty        retarget.o
    0x000067c8   0x0000014c   Code   RO         2094    i._sys_open         retarget.o
    0x00006914   0x00000028   Code   RO         2096    i._sys_seek         retarget.o
    0x0000693c   0x00000064   Code   RO         2097    i._sys_write        retarget.o
    0x000069a0   0x00000098   Code   RO         2199    i.analogin_init     mbed.ar(analogin_api.o)
    0x00006a38   0x00000018   Code   RO         2702    i.error             mbed.ar(error.o)
    0x00006a50   0x0000002c   Code   RO         2721    i.exit              mbed.ar(exit.o)
    0x00006a7c   0x0000001a   Code   RO         2931    i.fputc             c_w.l(fputc.o)
    0x00006a96   0x00000002   PAD
    0x00006a98   0x00000058   Code   RO         5348    i.frexp             m_ws.l(frexp.o)
    0x00006af0   0x00000050   Code   RO         2558    i.gpio_dir          mbed.ar(gpio_api.o)
    0x00006b40   0x00000038   Code   RO         2559    i.gpio_init         mbed.ar(gpio_api.o)
    0x00006b78   0x00000026   Code   RO         2537    i.gpio_init_in      mbed.ar(gpio.o)
    0x00006b9e   0x00000002   PAD
    0x00006ba0   0x00000044   Code   RO         2540    i.gpio_init_out     mbed.ar(gpio.o)
    0x00006be4   0x00000050   Code   RO         2541    i.gpio_init_out_ex  mbed.ar(gpio.o)
    0x00006c34   0x00000006   Code   RO         2560    i.gpio_mode         mbed.ar(gpio_api.o)
    0x00006c3a   0x00000074   Code   RO         5370    i.ldexp             m_ws.l(ldexp.o)
    0x00006cae   0x00000002   PAD
    0x00006cb0   0x000000d8   Code   RO            6    i.main              main.o
    0x00006d88   0x00000050   Code   RO         2531    i.mbed_assert_internal  mbed.ar(assert.o)
    0x00006dd8   0x00000108   Code   RO         2192    i.mbed_die          board.o
    0x00006ee0   0x00000004   Code   RO         2727    i.mbed_interface_connected  mbed.ar(mbed_interface.o)
    0x00006ee4   0x00000002   Code   RO         2099    i.mbed_main         retarget.o
    0x00006ee6   0x00000002   Code   RO         2100    i.mbed_sdk_init     retarget.o
    0x00006ee8   0x0000005c   Code   RO         2604    i.pin_function      mbed.ar(pinmap.o)
    0x00006f44   0x00000084   Code   RO         2605    i.pin_mode          mbed.ar(pinmap.o)
    0x00006fc8   0x0000001e   Code   RO         2690    i.pinmap_find_peripheral  mbed.ar(pinmap_common.o)
    0x00006fe6   0x00000002   PAD
    0x00006fe8   0x00000038   Code   RO         2691    i.pinmap_merge      mbed.ar(pinmap_common.o)
    0x00007020   0x00000058   Code   RO         2692    i.pinmap_peripheral  mbed.ar(pinmap_common.o)
    0x00007078   0x00000050   Code   RO         2693    i.pinmap_pinout     mbed.ar(pinmap_common.o)
    0x000070c8   0x00000010   Code   RO         2748    i.semihost_connected  mbed.ar(semihost_api.o)
    0x000070d8   0x0000000c   Code   RO         2751    i.semihost_exit     mbed.ar(semihost_api.o)
    0x000070e4   0x000001c4   Code   RO         2210    i.serial_baud       mbed.ar(serial_api.o)
    0x000072a8   0x000000a0   Code   RO         2214    i.serial_format     mbed.ar(serial_api.o)
    0x00007348   0x00000178   Code   RO         2217    i.serial_init       mbed.ar(serial_api.o)
    0x000074c0   0x0000001c   Code   RO         2218    i.serial_irq_handler  mbed.ar(serial_api.o)
    0x000074dc   0x000000d4   Code   RO         2220    i.serial_irq_set_internal  mbed.ar(serial_api.o)
    0x000075b0   0x00000068   Code   RO         2222    i.serial_putc       mbed.ar(serial_api.o)
    0x00007618   0x0000010c   Code   RO         2224    i.serial_set_flow_control  mbed.ar(serial_api.o)
    0x00007724   0x00000014   Code   RO         2226    i.uart0_irq         mbed.ar(serial_api.o)
    0x00007738   0x00000014   Code   RO         2227    i.uart1_irq         mbed.ar(serial_api.o)
    0x0000774c   0x00000014   Code   RO         2228    i.uart2_irq         mbed.ar(serial_api.o)
    0x00007760   0x00000014   Code   RO         2229    i.uart3_irq         mbed.ar(serial_api.o)
    0x00007774   0x00000064   Code   RO         2230    i.uart_irq          mbed.ar(serial_api.o)
    0x000077d8   0x0000000c   Code   RO         2613    i.us_ticker_clear_interrupt  mbed.ar(us_ticker.o)
    0x000077e4   0x00000010   Code   RO         2614    i.us_ticker_disable_interrupt  mbed.ar(us_ticker.o)
    0x000077f4   0x00000054   Code   RO         2709    i.us_ticker_irq_handler  mbed.ar(us_ticker_api.o)
    0x00007848   0x00000060   Code   RO         2616    i.us_ticker_read    mbed.ar(us_ticker.o)
    0x000078a8   0x00000014   Code   RO         2617    i.us_ticker_set_interrupt  mbed.ar(us_ticker.o)
    0x000078bc   0x0000001c   Code   RO         2551    i.wait_ms           mbed.ar(wait_api.o)
    0x000078d8   0x0000002c   Code   RO         5239    locale$$code        c_w.l(lc_ctype_c.o)
    0x00007904   0x0000002c   Code   RO         5245    locale$$code        c_w.l(lc_numeric_c.o)
    0x00007930   0x00000014   Code   RO          168    t._ZN4__rw12__string_refIcSt11char_traitsIcESaIcEE10_C_inc_refEv  main.o
    0x00007944   0x00000008   Code   RO          117    t._ZN4__rw12__string_refIcSt11char_traitsIcESaIcEE4dataEv  main.o
    0x0000794c   0x00000046   Code   RO         3388    t._ZN4__rw16__rw_facet_makerISt5ctypeIcEE13_C_maker_funcEiPKcj  cpp_ws.l(ios.o)
    0x00007992   0x00000002   PAD
    0x00007994   0x00000034   Code   RO         3361    t._ZN4__rw16__rw_facet_makerISt5ctypeIwEE13_C_maker_funcEiPKcj  cpp_ws.l(ios.o)
    0x000079c8   0x00000034   Code   RO         3601    t._ZN4__rw16__rw_facet_makerISt7codecvtIccSt11__mbstate_tEE13_C_maker_funcEiPKcj  cpp_ws.l(ios.o)
    0x000079fc   0x00000034   Code   RO         3610    t._ZN4__rw16__rw_facet_makerISt7codecvtIwcSt11__mbstate_tEE13_C_maker_funcEiPKcj  cpp_ws.l(ios.o)
    0x00007a30   0x00000056   Code   RO         4722    t._ZN4__rw18__rw_locale_vectorIPNS_15__rw_facet_baseEE6resizeEjRKS2_  cpp_ws.l(locale.o)
    0x00007a86   0x0000000e   Code   RO         3579    t._ZN4__rw18__rw_locale_vectorIPNS_15__rw_facet_baseEED1Ev  cpp_ws.l(ios.o)
    0x00007a94   0x0000000e   Code   RO         5082    t._ZN4__rw18__rw_locale_vectorIPNS_8__rw_catEED1Ev  cpp_ws.l(rwcats.o)
    0x00007aa2   0x00000002   PAD
    0x00007aa4   0x00000014   Code   RO         3582    t._ZN4__rw18__rw_locale_vectorISsED1Ev  cpp_ws.l(ios.o)
    0x00007ab8   0x00000088   Code   RO         4785    t._ZN4__rw18__rw_locale_vectorISt18__rw_open_cat_dataE6resizeEj  cpp_ws.l(messages.o)
    0x00007b40   0x00000014   Code   RO         4791    t._ZN4__rw18__rw_locale_vectorISt18__rw_open_cat_dataED1Ev  cpp_ws.l(messages.o)
    0x00007b54   0x00000016   Code   RO         3117    t._ZN4__rw23__rw_create_named_facetISt5ctypeIwEEEPT_S4_PKcj  cpp_ws.l(ios.o)
    0x00007b6a   0x00000016   Code   RO         3189    t._ZN4__rw23__rw_create_named_facetISt7codecvtIccSt11__mbstate_tEEEPT_S5_PKcj  cpp_ws.l(ios.o)
    0x00007b80   0x00000016   Code   RO         3242    t._ZN4__rw23__rw_create_named_facetISt7codecvtIwcSt11__mbstate_tEEEPT_S5_PKcj  cpp_ws.l(ios.o)
    0x00007b96   0x0000000e   Code   RO          150    t._ZNKSs4sizeEv     main.o
    0x00007ba4   0x00000006   Code   RO          144    t._ZNKSs5c_strEv    main.o
    0x00007baa   0x00000008   Code   RO           99    t._ZNKSs7_C_prefEv  main.o
    0x00007bb2   0x00000006   Code   RO         3519    t._ZNKSt13basic_filebufIcSt11char_traitsIcEE7is_openEv  cpp_ws.l(ios.o)
    0x00007bb8   0x00000006   Code   RO         3560    t._ZNKSt13basic_filebufIwSt11char_traitsIwEE7is_openEv  cpp_ws.l(ios.o)
    0x00007bbe   0x00000014   Code   RO         3486    t._ZNKSt15basic_streambufIcSt11char_traitsIcEE9_C_is_eofEi  cpp_ws.l(ios.o)
    0x00007bd2   0x00000014   Code   RO         3548    t._ZNKSt15basic_streambufIwSt11char_traitsIwEE9_C_is_eofEi  cpp_ws.l(ios.o)
    0x00007be6   0x00000010   Code   RO         3507    t._ZNKSt4fposISt11__mbstate_tEeqERKS1_  cpp_ws.l(ios.o)
    0x00007bf6   0x0000001c   Code   RO         3504    t._ZNKSt4fposISt11__mbstate_tEplEl  cpp_ws.l(ios.o)
    0x00007c12   0x00000018   Code   RO         1118    t._ZNKSt6vectorIN7Sensing13SensorReadingESaIS1_EE4sizeEv  flex_sensor.o
    0x00007c2a   0x00000008   Code   RO         1136    t._ZNKSt6vectorIN7Sensing13SensorReadingESaIS1_EE5beginEv  flex_sensor.o
    0x00007c32   0x0000000c   Code   RO         1100    t._ZNKSt6vectorIN7Sensing13SensorReadingESaIS1_EE8capacityEv  flex_sensor.o
    0x00007c3e   0x00000012   Code   RO         1124    t._ZNKSt6vectorIN7Sensing13SensorReadingESaIS1_EEixEj  flex_sensor.o
    0x00007c50   0x00000090   Code   RO         4037    t._ZNKSt8messagesIcE6do_getEiiiRKSs  cpp_ws.l(rwstdexcept.o)
    0x00007ce0   0x00000006   Code   RO         4052    t._ZNKSt8messagesIcE7do_openERKSsRKSt6locale  cpp_ws.l(rwstdexcept.o)
    0x00007ce6   0x00000014   Code   RO         1088    t._ZNSaIN7Sensing13SensorReadingEE10deallocateEPS0_j  flex_sensor.o
    0x00007cfa   0x00000012   Code   RO         1094    t._ZNSaIN7Sensing13SensorReadingEE7destroyEPS0_  flex_sensor.o
    0x00007d0c   0x00000046   Code   RO         1043    t._ZNSaIN7Sensing13SensorReadingEE9constructEPS0_RKS0_  flex_sensor.o
    0x00007d52   0x00000002   PAD
    0x00007d54   0x00000034   Code   RO         3155    t._ZNSoC1EPSt15basic_streambufIcSt11char_traitsIcEE  cpp_ws.l(ios.o)
    0x00007d88   0x00000032   Code   RO         4694    t._ZNSs11_C_allocateEjjj  cpp_ws.l(locale.o)
    0x00007dba   0x00000002   PAD
    0x00007dbc   0x00000010   Code   RO          123    t._ZNSs7_C_nullEv   main.o
    0x00007dcc   0x00000018   Code   RO         4731    t._ZNSs7replaceEjjPKcj  cpp_ws.l(locale.o)
    0x00007de4   0x00000168   Code   RO         3089    t._ZNSs7replaceEjjPKcjjj  cpp_ws.l(ios.o)
    0x00007f4c   0x00000074   Code   RO         3080    t._ZNSs9_C_getRepEjj  cpp_ws.l(ios.o)
    0x00007fc0   0x00000048   Code   RO         3086    t._ZNSs9_C_unlinkEv  cpp_ws.l(ios.o)
    0x00008008   0x00000038   Code   RO         4697    t._ZNSsC1EPKcRKSaIcE  cpp_ws.l(locale.o)
    0x00008040   0x00000010   Code   RO         4728    t._ZNSsC1ERKSaIcE   cpp_ws.l(locale.o)
    0x00008050   0x0000003e   Code   RO         3083    t._ZNSsC1ERKSs      cpp_ws.l(ios.o)
    0x0000808e   0x0000000c   Code   RO         3321    t._ZNSsD1Ev         cpp_ws.l(ios.o)
    0x0000809a   0x00000002   PAD
    0x0000809c   0x0000004c   Code   RO         4703    t._ZNSsaSEPKc       cpp_ws.l(locale.o)
    0x000080e8   0x0000003e   Code   RO         4700    t._ZNSsaSERKSs      cpp_ws.l(locale.o)
    0x00008126   0x00000020   Code   RO         3529    t._ZNSt13basic_filebufIcSt11char_traitsIcEE12_C_file_seekEli  cpp_ws.l(ios.o)
    0x00008146   0x00000122   Code   RO         3231    t._ZNSt13basic_filebufIcSt11char_traitsIcEE4syncEv  cpp_ws.l(ios.o)
    0x00008268   0x00000072   Code   RO         3161    t._ZNSt13basic_filebufIcSt11char_traitsIcEE6setbufEPcl  cpp_ws.l(ios.o)
    0x000082da   0x0000016e   Code   RO         3216    t._ZNSt13basic_filebufIcSt11char_traitsIcEE8overflowEi  cpp_ws.l(ios.o)
    0x00008448   0x00000074   Code   RO         3165    t._ZNSt13basic_filebufIcSt11char_traitsIcEEC1EPSt6__FILEPcl  cpp_ws.l(ios.o)
    0x000084bc   0x00000020   Code   RO         3570    t._ZNSt13basic_filebufIwSt11char_traitsIwEE12_C_file_seekEli  cpp_ws.l(ios.o)
    0x000084dc   0x0000012a   Code   RO         3284    t._ZNSt13basic_filebufIwSt11char_traitsIwEE4syncEv  cpp_ws.l(ios.o)
    0x00008606   0x0000006e   Code   RO         3137    t._ZNSt13basic_filebufIwSt11char_traitsIwEE6setbufEPwl  cpp_ws.l(ios.o)
    0x00008674   0x00000172   Code   RO         3269    t._ZNSt13basic_filebufIwSt11char_traitsIwEE8overflowEi  cpp_ws.l(ios.o)
    0x000087e6   0x00000002   PAD
    0x000087e8   0x00000074   Code   RO         3141    t._ZNSt13basic_filebufIwSt11char_traitsIwEEC1EPSt6__FILEPwl  cpp_ws.l(ios.o)
    0x0000885c   0x00000034   Code   RO         3131    t._ZNSt13basic_ostreamIwSt11char_traitsIwEEC1EPSt15basic_streambufIwS1_E  cpp_ws.l(ios.o)
    0x00008890   0x00000012   Code   RO         3403    t._ZNSt15basic_streambufIcSt11char_traitsIcEE10_C_own_bufEb  cpp_ws.l(ios.o)
    0x000088a2   0x00000012   Code   RO         3492    t._ZNSt15basic_streambufIcSt11char_traitsIcEE11_C_out_lastEb  cpp_ws.l(ios.o)
    0x000088b4   0x00000012   Code   RO         3400    t._ZNSt15basic_streambufIcSt11char_traitsIcEE17_C_set_unbufferedEb  cpp_ws.l(ios.o)
    0x000088c6   0x00000020   Code   RO         3182    t._ZNSt15basic_streambufIcSt11char_traitsIcEE5sputcEc  cpp_ws.l(ios.o)
    0x000088e6   0x00000002   Code   RO         3834    t._ZNSt15basic_streambufIcSt11char_traitsIcEE6setbufEPcl  cpp_ws.l(ios.o)
    0x000088e8   0x00000006   Code   RO         3853    t._ZNSt15basic_streambufIcSt11char_traitsIcEE8overflowEi  cpp_ws.l(ios.o)
    0x000088ee   0x00000006   Code   RO         3410    t._ZNSt15basic_streambufIcSt11char_traitsIcEE9pubsetbufEPcl  cpp_ws.l(ios.o)
    0x000088f4   0x00000012   Code   RO         3376    t._ZNSt15basic_streambufIwSt11char_traitsIwEE10_C_own_bufEb  cpp_ws.l(ios.o)
    0x00008906   0x00000012   Code   RO         3554    t._ZNSt15basic_streambufIwSt11char_traitsIwEE11_C_out_lastEb  cpp_ws.l(ios.o)
    0x00008918   0x00000012   Code   RO         3373    t._ZNSt15basic_streambufIwSt11char_traitsIwEE17_C_set_unbufferedEb  cpp_ws.l(ios.o)
    0x0000892a   0x00000022   Code   RO         3238    t._ZNSt15basic_streambufIwSt11char_traitsIwEE5sputcEw  cpp_ws.l(ios.o)
    0x0000894c   0x00000002   Code   RO         3880    t._ZNSt15basic_streambufIwSt11char_traitsIwEE6setbufEPwl  cpp_ws.l(ios.o)
    0x0000894e   0x00000006   Code   RO         3899    t._ZNSt15basic_streambufIwSt11char_traitsIwEE8overflowEi  cpp_ws.l(ios.o)
    0x00008954   0x00000006   Code   RO         3406    t._ZNSt15basic_streambufIwSt11char_traitsIwEE9pubsetbufEPwl  cpp_ws.l(ios.o)
    0x0000895a   0x0000000e   Code   RO         3495    t._ZNSt4fposISt11__mbstate_tEC1ERKS1_  cpp_ws.l(ios.o)
    0x00008968   0x0000000a   Code   RO         3379    t._ZNSt4fposISt11__mbstate_tEC1El  cpp_ws.l(ios.o)
    0x00008972   0x00000012   Code   RO         3498    t._ZNSt4fposISt11__mbstate_tEaSERKS1_  cpp_ws.l(ios.o)
    0x00008984   0x00000008   Code   RO         3592    t._ZNSt4fposISt11__mbstate_tEpLEl  cpp_ws.l(ios.o)
    0x0000898c   0x0000001a   Code   RO         1049    t._ZNSt6vectorIN7Sensing13SensorReadingESaIS1_EE10_C_destroyEPS1_S4_  flex_sensor.o
    0x000089a6   0x00000138   Code   RO         1064    t._ZNSt6vectorIN7Sensing13SensorReadingESaIS1_EE13_C_insert_auxEPS1_RKS1_  flex_sensor.o
    0x00008ade   0x00000008   Code   RO         1106    t._ZNSt6vectorIN7Sensing13SensorReadingESaIS1_EE3endEv  flex_sensor.o
    0x00008ae6   0x00000008   Code   RO         1112    t._ZNSt6vectorIN7Sensing13SensorReadingESaIS1_EE5beginEv  flex_sensor.o
    0x00008aee   0x0000003a   Code   RO         1070    t._ZNSt6vectorIN7Sensing13SensorReadingESaIS1_EE9push_backERKS1_  flex_sensor.o
    0x00008b28   0x0000004a   Code   RO          222    t._ZNSt6vectorIN7Sensing13SensorReadingESaIS1_EED1Ev  main.o
    0x00008b72   0x00000040   Code   RO          228    t._ZNSt6vectorIiSaIiEED1Ev  main.o
    0x00008bb2   0x00000002   PAD
    0x00008bb4   0x0000005c   Code   RO         3147    t._ZNSt9basic_iosIcSt11char_traitsIcEE4initEPSt15basic_streambufIcS1_E  cpp_ws.l(ios.o)
    0x00008c10   0x00000010   Code   RO         3394    t._ZNSt9basic_iosIcSt11char_traitsIcEEC1Ev  cpp_ws.l(ios.o)
    0x00008c20   0x0000005c   Code   RO         3123    t._ZNSt9basic_iosIwSt11char_traitsIwEE4initEPSt15basic_streambufIwS1_E  cpp_ws.l(ios.o)
    0x00008c7c   0x00000010   Code   RO         3367    t._ZNSt9basic_iosIwSt11char_traitsIwEEC1Ev  cpp_ws.l(ios.o)
    0x00008c8c   0x0000002c   Code   RO         1055    t._ZSt18uninitialized_copyIPN7Sensing13SensorReadingES2_SaIS1_EET0_T_S5_S4_RT1_  flex_sensor.o
    0x00008cb8   0x0000000c   Code   RO         4538    t._ZSt3maxIjERKT_S2_S2_  cpp_ws.l(char.o)
    0x00008cc4   0x0000001c   Code   RO         3516    t._ZSt9use_facetISt7codecvtIccSt11__mbstate_tEERKT_RKSt6locale  cpp_ws.l(ios.o)
    0x00008ce0   0x0000001c   Code   RO         3557    t._ZSt9use_facetISt7codecvtIwcSt11__mbstate_tEERKT_RKSt6locale  cpp_ws.l(ios.o)
    0x00008cfc   0x00000062   Code   RO         4197    x$fpl$d2f           fz_ws.l(d2f.o)
    0x00008d5e   0x00000002   PAD
    0x00008d60   0x00000010   Code   RO         5380    x$fpl$dcheck1       fz_ws.l(dcheck1.o)
    0x00008d70   0x00000018   Code   RO         5343    x$fpl$dcmpinf       fz_ws.l(dcmpi.o)
    0x00008d88   0x00000078   Code   RO         5290    x$fpl$deqf          fz_ws.l(deqf.o)
    0x00008e00   0x00000078   Code   RO         5292    x$fpl$dleqf         fz_ws.l(dleqf.o)
    0x00008e78   0x0000009c   Code   RO         4889    x$fpl$dnaninf       fz_ws.l(dnaninf.o)
    0x00008f14   0x0000006c   Code   RO         5345    x$fpl$drleqf        fz_ws.l(drleqf.o)
    0x00008f80   0x0000000a   Code   RO         4895    x$fpl$fretinf       fz_ws.l(fretinf.o)
    0x00008f8a   0x00000004   Code   RO         4897    x$fpl$printf1       fz_ws.l(printf1.o)
    0x00008f8e   0x00000004   Code   RO         4899    x$fpl$printf2       fz_ws.l(printf2.o)
    0x00008f92   0x00000064   Code   RO         5397    x$fpl$retnan        fz_ws.l(retnan.o)
    0x00008ff6   0x0000005c   Code   RO         5366    x$fpl$scalbn        fz_ws.l(scalbn.o)
    0x00009052   0x00000004   Code   RO         4905    x$fpl$scanf1        fz_ws.l(scanf1.o)
    0x00009056   0x00000008   Code   RO         5299    x$fpl$scanf2        fz_ws.l(scanf2.o)
    0x0000905e   0x00000030   Code   RO         5399    x$fpl$trapveneer    fz_ws.l(trapv.o)
    0x0000908e   0x00000000   Code   RO         4907    x$fpl$usenofp       fz_ws.l(usenofp.o)
    0x0000908e   0x00000002   PAD
    0x00009090   0x00000018   Data   RO          976    .constdata          flex_sensor.o
    0x000090a8   0x00000017   Data   RO         2137    .constdata          retarget.o
    0x000090bf   0x00000001   PAD
    0x000090c0   0x00000080   Data   RO         2193    .constdata          board.o
    0x00009140   0x000000d6   Data   RO         2202    .constdata          mbed.ar(analogin_api.o)
    0x00009216   0x00000002   PAD
    0x00009218   0x000002dc   Data   RO         2232    .constdata          mbed.ar(serial_api.o)
    0x000094f4   0x00000080   Data   RO         2542    .constdata          mbed.ar(gpio.o)
    0x00009574   0x0000007c   Data   RO         2562    .constdata          mbed.ar(gpio_api.o)
    0x000095f0   0x00000064   Data   RO         2606    .constdata          mbed.ar(pinmap.o)
    0x00009654   0x00000028   Data   RO         2890    .constdata          c_w.l(_printf_hex_int_ll_ptr.o)
    0x0000967c   0x00000011   Data   RO         2910    .constdata          c_w.l(__printf_flags_ss_wp.o)
    0x0000968d   0x00000003   PAD
    0x00009690   0x0000005c   Data   RO         4016    .constdata          cpp_ws.l(rwstdexcept.o)
    0x000096ec   0x00000008   Data   RO         4294    .constdata          c_w.l(_printf_wctomb.o)
    0x000096f4   0x00000200   Data   RO         4483    .constdata          cpp_ws.l(char.o)
    0x000098f4   0x00000026   Data   RO         4954    .constdata          c_w.l(_printf_fp_hex.o)
    0x0000991a   0x00000002   PAD
    0x0000991c   0x00000094   Data   RO         5208    .constdata          c_w.l(bigflt0.o)
    0x000099b0   0x0000002c   Data   RO         2183    .constdata__ZTVN4mbed10FileHandleE  retarget.o
    0x000099dc   0x00000010   Data   RO         2458    .constdata__ZTVN4mbed10SerialBaseE  mbed.ar(SerialBase.o)
    0x000099ec   0x0000005c   Data   RO         2394    .constdata__ZTVN4mbed6SerialE  mbed.ar(Serial.o)
    0x00009a48   0x00000044   Data   RO         2526    .constdata__ZTVN4mbed6StreamE  mbed.ar(Stream.o)
    0x00009a8c   0x00000010   Data   RO         2653    .constdata__ZTVN4mbed8FileBaseE  mbed.ar(FileBase.o)
    0x00009a9c   0x0000003c   Data   RO         2676    .constdata__ZTVN4mbed8FileLikeE  mbed.ar(FileLike.o)
    0x00009ad8   0x00000014   Data   RO         3620    .constdata__ZTVNSt6locale5facetE  cpp_ws.l(ios.o)
    0x00009aec   0x00000008   Data   RO         3635    .constdata__ZTVSi   cpp_ws.l(ios.o)
    0x00009af4   0x00000028   Data   RO         3637    .constdata__ZTVSi   cpp_ws.l(ios.o)
    0x00009b1c   0x00000008   Data   RO         3638    .constdata__ZTVSo   cpp_ws.l(ios.o)
    0x00009b24   0x00000028   Data   RO         3640    .constdata__ZTVSo   cpp_ws.l(ios.o)
    0x00009b4c   0x00000034   Data   RO         4582    .constdata__ZTVSt12ctype_bynameIcE  cpp_ws.l(char.o)
    0x00009b80   0x00000040   Data   RO         3074    .constdata__ZTVSt13basic_filebufIcSt11char_traitsIcEE  cpp_ws.l(ios.o)
    0x00009bc0   0x00000040   Data   RO         3076    .constdata__ZTVSt13basic_filebufIwSt11char_traitsIwEE  cpp_ws.l(ios.o)
    0x00009c00   0x00000008   Data   RO         3643    .constdata__ZTVSt13basic_istreamIwSt11char_traitsIwEE  cpp_ws.l(ios.o)
    0x00009c08   0x00000028   Data   RO         3645    .constdata__ZTVSt13basic_istreamIwSt11char_traitsIwEE  cpp_ws.l(ios.o)
    0x00009c30   0x00000008   Data   RO         3646    .constdata__ZTVSt13basic_ostreamIwSt11char_traitsIwEE  cpp_ws.l(ios.o)
    0x00009c38   0x00000028   Data   RO         3648    .constdata__ZTVSt13basic_ostreamIwSt11char_traitsIwEE  cpp_ws.l(ios.o)
    0x00009c60   0x00000014   Data   RO         4062    .constdata__ZTVSt14__rw_exception  cpp_ws.l(rwstdexcept.o)
    0x00009c74   0x00000040   Data   RO         3634    .constdata__ZTVSt15basic_streambufIcSt11char_traitsIcEE  cpp_ws.l(ios.o)
    0x00009cb4   0x00000040   Data   RO         3642    .constdata__ZTVSt15basic_streambufIwSt11char_traitsIwEE  cpp_ws.l(ios.o)
    0x00009cf4   0x00000034   Data   RO         4494    .constdata__ZTVSt5ctypeIcE  cpp_ws.l(char.o)
    0x00009d28   0x00000044   Data   RO         3624    .constdata__ZTVSt5ctypeIwE  cpp_ws.l(ios.o)
    0x00009d6c   0x00000030   Data   RO         3630    .constdata__ZTVSt7codecvtIccSt11__mbstate_tE  cpp_ws.l(ios.o)
    0x00009d9c   0x00000030   Data   RO         3632    .constdata__ZTVSt7codecvtIwcSt11__mbstate_tE  cpp_ws.l(ios.o)
    0x00009dcc   0x00000010   Data   RO         3622    .constdata__ZTVSt8ios_base  cpp_ws.l(ios.o)
    0x00009ddc   0x00000020   Data   RO         4029    .constdata__ZTVSt8messagesIcE  cpp_ws.l(rwstdexcept.o)
    0x00009dfc   0x00000010   Data   RO         3626    .constdata__ZTVSt9basic_iosIcSt11char_traitsIcEE  cpp_ws.l(ios.o)
    0x00009e0c   0x00000010   Data   RO         3628    .constdata__ZTVSt9basic_iosIwSt11char_traitsIwEE  cpp_ws.l(ios.o)
    0x00009e1c   0x00000014   Data   RO         4858    .constdata__ZTVSt9exception  cpprt_w.l(exception_dtor.o)
    0x00009e30   0x00000001   Data   RO         3077    .constdata__ZZN4__rw24__rw_create_native_facetISt5ctypeIwEEEPT_S4_Es  cpp_ws.l(ios.o)
    0x00009e31   0x00000001   Data   RO         3078    .constdata__ZZN4__rw24__rw_create_native_facetISt7codecvtIccSt11__mbstate_tEEEPT_S5_Es  cpp_ws.l(ios.o)
    0x00009e32   0x00000001   Data   RO         3079    .constdata__ZZN4__rw24__rw_create_native_facetISt7codecvtIwcSt11__mbstate_tEEEPT_S5_Es  cpp_ws.l(ios.o)
    0x00009e33   0x00000001   Data   RO         4691    .constdata__ZZNK4__rw15__rw_locale_imp16_C_category_nameEiEs  cpp_ws.l(locale.o)
    0x00009e34   0x00000001   Data   RO           45    .constdata__ZZNSs7replaceEjjPKcjjjEs  main.o
    0x00009e35   0x00000001   Data   RO           46    .constdata__ZZNSs9_C_getRepEjjEs  main.o
    0x00009e36   0x00000002   Data   RO         4030    .constdata__ZZNSt8messagesIcEC1EjEs  cpp_ws.l(rwstdexcept.o)
    0x00009e38   0x00000042   Data   RO           12    .conststring        main.o
    0x00009e7a   0x00000002   PAD
    0x00009e7c   0x00000272   Data   RO         4017    .conststring        cpp_ws.l(rwstdexcept.o)
    0x0000a0ee   0x00000002   PAD
    0x0000a0f0   0x00000020   Data   RO         5401    Region$$Table       anon$$obj.o
    0x0000a110   0x00000008   Data   RO         5294    c$$dinf             fz_ws.l(fpconst.o)
    0x0000a118   0x00000110   Data   RO         5238    locale$$data        c_w.l(lc_ctype_c.o)
    0x0000a228   0x0000001c   Data   RO         5244    locale$$data        c_w.l(lc_numeric_c.o)
    0x0000a244   0x00000010   Data   RO         5327    locale$$data        c_w.l(null_locale.o)
    0x0000a254   0x00000004   Data   RO           14    .init_array         main.o
    0x0000a258   0x00000004   Data   RO          978    .init_array         flex_sensor.o
    0x0000a25c   0x00000000   Data   RO         2985    .init_array         c_w.l(init_aeabi.o)
    0x0000a25c   0x00000004   Data   RO         4485    .init_array         cpp_ws.l(char.o)
    0x0000a260   0x00000004   Data   RO         4674    .init_array         cpp_ws.l(locale.o)
    0x0000a264   0x00000004   Data   RO         5076    .init_array         cpp_ws.l(rwcats.o)


    Execution Region RW_IRAM1 (Base: 0x100000c8, Size: 0x00002294, Max: 0x00007f38, ABSOLUTE)

    Base Addr    Size         Type   Attr      Idx    E Section Name        Object

    0x100000c8   0x00000015   Data   RW           13    .data               main.o
    0x100000dd   0x00000001   Data   RW          977    .data               flex_sensor.o
    0x100000de   0x00000002   PAD
    0x100000e0   0x00000004   Data   RW         2068    .data               system_LPC17xx.o
    0x100000e4   0x00000010   Data   RW         2233    .data               mbed.ar(serial_api.o)
    0x100000f4   0x00000004   Data   RW         2618    .data               mbed.ar(us_ticker.o)
    0x100000f8   0x00000004   Data   RW         2642    .data               mbed.ar(FileBase.o)
    0x100000fc   0x00000008   Data   RW         2712    .data               mbed.ar(us_ticker_api.o)
    0x10000104   0x00000004   Data   RW         2943    .data               c_w.l(stdio_streams.o)
    0x10000108   0x00000004   Data   RW         2944    .data               c_w.l(stdio_streams.o)
    0x1000010c   0x00000004   Data   RW         2945    .data               c_w.l(stdio_streams.o)
    0x10000110   0x0000000c   Data   RW         3056    .data               cpp_ws.l(ios.o)
    0x1000011c   0x00000017   Data   RW         4018    .data               cpp_ws.l(rwstdexcept.o)
    0x10000133   0x00000001   PAD
    0x10000134   0x00000008   Data   RW         4484    .data               cpp_ws.l(char.o)
    0x1000013c   0x0000001c   Data   RW         4673    .data               cpp_ws.l(locale.o)
    0x10000158   0x00000004   Data   RW         4806    .data               cpp_ws.l(rwthrowproc_noex.o)
    0x1000015c   0x00000004   Data   RW         5039    .data               c_w.l(heapauxa.o)
    0x10000160   0x00000008   Data   RW         5075    .data               cpp_ws.l(rwcats.o)
    0x10000168   0x00000004   Data   RW         4755    .data__ZZNKSt6locale2id7_C_initEvE9_C_id_gen  cpp_ws.l(locale.o)
    0x1000016c   0x0000000c   Data   RW         4804    .data__ZZSt13__rw_get_catsvE11__open_cats  cpp_ws.l(messages.o)
    0x10000178   0x00000218   Zero   RW           11    .bss                main.o
    0x10000390   0x00000040   Zero   RW         2136    .bss                retarget.o
    0x100003d0   0x000000e0   Zero   RW         2231    .bss                mbed.ar(serial_api.o)
    0x100004b0   0x00000054   Zero   RW         2940    .bss                c_w.l(stdio_streams.o)
    0x10000504   0x00000054   Zero   RW         2941    .bss                c_w.l(stdio_streams.o)
    0x10000558   0x00000054   Zero   RW         2942    .bss                c_w.l(stdio_streams.o)
    0x100005ac   0x00000004   PAD
    0x100005b0   0x00001d30   Zero   RW         3016    .bss                cpp_ws.l(ios.o)
    0x100022e0   0x00000018   Zero   RW         4015    .bss                cpp_ws.l(rwstdexcept.o)
    0x100022f8   0x00000004   Zero   RW         4239    .bss                c_w.l(rt_heap_descriptor.o)
    0x100022fc   0x00000004   Zero   RW         4244    .bss                c_w.l(rt_new_handler_addr.o)
    0x10002300   0x00000004   Zero   RW         4249    .bss                c_w.l(rt_ddtor_pointer_addr.o)
    0x10002304   0x00000004   Zero   RW         4935    .bss                c_w.l(rt_errno_addr.o)
    0x10002308   0x0000002a   Zero   RW         4997    .bss                c_w.l(locale.o)
    0x10002332   0x00000002   PAD
    0x10002334   0x00000014   Zero   RW         5190    .bss                c_w.l(rt_locale.o)
    0x10002348   0x00000004   Zero   RW         5195    .bss                c_w.l(rt_eh_globals_addr.o)
    0x1000234c   0x00000010   Zero   RW         5149    .bss__ZNSs9__nullrefE  cpp_ws.l(vendor.o)


    Execution Region RW_IRAM2 (Base: 0x2007c000, Size: 0x00000000, Max: 0x00004000, ABSOLUTE)

    **** No section assigned to this execution region ****


    Execution Region RW_IRAM3 (Base: 0x20080000, Size: 0x00000000, Max: 0x00004000, ABSOLUTE)

    **** No section assigned to this execution region ****


    Execution Region RW_IRAM4 (Base: 0x40038000, Size: 0x00000000, Max: 0x00000800, ABSOLUTE)

    **** No section assigned to this execution region ****


==============================================================================

Image component sizes


      Code (inc. data)   RO Data    RW Data    ZI Data      Debug   Object Name

       264         22        128          0          0         76   board.o
       108          6          0          0          0         84   cmsis_nvic.o
      2384        376         28          1          0      90567   flex_sensor.o
      1012        200         72         21        536     122481   main.o
       724         80         67          0         64        848   retarget.o
        40         12        196          0          0        228   startup_LPC17xx.o
        16          6          0          0          0         68   sys.o
       160         10          0          4          0         68   system_LPC17xx.o

    ----------------------------------------------------------------------
      4718        712        526         28        600     214420   Object Totals
         0          0         32          0          0          0   (incl. Generated)
        10          0          3          2          0          0   (incl. Padding)

    ----------------------------------------------------------------------

      Code (inc. data)   RO Data    RW Data    ZI Data      Debug   Library Member Name

        60          8          0          0          0         84   __0sscanf.o
        20          0          0          0          0         84   __2fprintf.o
        24          4          0          0          0         84   __2printf.o
        44          6          0          0          0         84   __2sprintf.o
         8          0          0          0          0         68   __main.o
       392          4         17          0          0         92   __printf_flags_ss_wp.o
        14          0          0          0          0         68   __printf_wp.o
         0          0          0          0          0          0   __rtentry.o
        12          0          0          0          0          0   __rtentry2.o
         6          0          0          0          0          0   __rtentry4.o
        52          8          0          0          0          0   __scatter.o
        26          0          0          0          0          0   __scatter_copy.o
        28          0          0          0          0          0   __scatter_zi.o
        28          0          0          0          0         68   _chval.o
        60          0          0          0          0         92   _mbrtowc.o
         6          0          0          0          0          0   _printf_a.o
         6          0          0          0          0          0   _printf_c.o
        44          0          0          0          0        108   _printf_char.o
        48          6          0          0          0         96   _printf_char_common.o
        36          4          0          0          0         80   _printf_char_file.o
        40          0          0          0          0         68   _printf_charcount.o
         6          0          0          0          0          0   _printf_d.o
       120         16          0          0          0         92   _printf_dec.o
         6          0          0          0          0          0   _printf_e.o
         6          0          0          0          0          0   _printf_f.o
      1050          0          0          0          0        216   _printf_fp_dec.o
       764          8         38          0          0        100   _printf_fp_hex.o
       128         16          0          0          0         84   _printf_fp_infnan.o
         6          0          0          0          0          0   _printf_g.o
       148          4         40          0          0        160   _printf_hex_int_ll_ptr.o
         6          0          0          0          0          0   _printf_i.o
       178          0          0          0          0         88   _printf_intcommon.o
        10          0          0          0          0          0   _printf_l.o
         6          0          0          0          0          0   _printf_lc.o
        10          0          0          0          0          0   _printf_ll.o
         6          0          0          0          0          0   _printf_lld.o
         6          0          0          0          0          0   _printf_lli.o
         6          0          0          0          0          0   _printf_llo.o
         6          0          0          0          0          0   _printf_llu.o
         6          0          0          0          0          0   _printf_llx.o
       124         16          0          0          0         92   _printf_longlong_dec.o
         6          0          0          0          0          0   _printf_ls.o
         6          0          0          0          0          0   _printf_n.o
         6          0          0          0          0          0   _printf_o.o
       112          8          0          0          0        124   _printf_oct_int_ll.o
         6          0          0          0          0          0   _printf_p.o
        78          0          0          0          0        108   _printf_pad.o
         0          0          0          0          0          0   _printf_percent.o
         4          0          0          0          0          0   _printf_percent_end.o
         6          0          0          0          0          0   _printf_s.o
        82          0          0          0          0         80   _printf_str.o
        36          0          0          0          0         84   _printf_truncate.o
         6          0          0          0          0          0   _printf_u.o
        44          0          0          0          0        108   _printf_wchar.o
       188          6          8          0          0         92   _printf_wctomb.o
         6          0          0          0          0          0   _printf_x.o
        22          0          0          0          0        100   _rserrno.o
       884          6          0          0          0        100   _scanf.o
       332          0          0          0          0         96   _scanf_int.o
       342          0          0          0          0        100   _scanf_longlong.o
       276          0          0          0          0        100   _scanf_mbtowc.o
       224          0          0          0          0         96   _scanf_str.o
        30          0          0          0          0         76   _scanf_wcharmap.o
       232          0          0          0          0        100   _scanf_wctomb.o
       208          0          0          0          0         96   _scanf_wstr.o
        64          0          0          0          0         84   _sgetc.o
        16          0          0          0          0         68   _snputc.o
        10          0          0          0          0         68   _sputc.o
        64          0          0          0          0         92   _wcrtomb.o
        22          0          0          0          0         80   abort.o
        46          0          0          0          0         84   aeabi_atexit.o
       220          4        148          0          0         96   bigflt0.o
      2074        132          0          0          0        940   btod.o
        10          0          0          0          0         68   c89vfprintf.o
        66          0          0          0          0         84   cxa_finalize.o
        48         34          0          0          0         76   defsig_abrt_inner.o
        14          0          0          0          0         80   defsig_abrt_outer.o
        10          0          0          0          0         68   defsig_exit.o
        50          0          0          0          0         88   defsig_general.o
        48         34          0          0          0         76   defsig_pvfn_inner.o
        14          0          0          0          0         80   defsig_pvfn_outer.o
        80         58          0          0          0         76   defsig_rtmem_inner.o
        14          0          0          0          0         80   defsig_rtmem_outer.o
        52         38          0          0          0         76   defsig_rtred_inner.o
        14          0          0          0          0         80   defsig_rtred_outer.o
        76          0          0          0          0         88   fclose.o
         8          0          0          0          0         68   ferror.o
       100          4          0          0          0        120   fflush.o
       470          0          0          0          0         88   flsbuf.o
       236          4          0          0          0        128   fopen.o
        20          0          0          0          0         84   fprintf.o
        26          0          0          0          0         68   fputc.o
       248          6          0          0          0         84   fseek.o
        66          0          0          0          0         76   ftell.o
       188          0          0          0          0         88   fwritefast.o
        94          0          0          0          0         80   h1_alloc.o
        52          0          0          0          0         68   h1_extend.o
        78          0          0          0          0         80   h1_free.o
        14          0          0          0          0         84   h1_init.o
        80          6          0          4          0         96   heapauxa.o
         4          0          0          0          0        136   hguard.o
         0          0          0          0          0          0   indicate_semi.o
        36         10          0          0          0         80   init_aeabi.o
       138          0          0          0          0        168   init_alloc.o
       312         46          0          0          0        112   initio.o
        18          0          0          0          0         76   isspace.o
        44         10        272          0          0         76   lc_ctype_c.o
        44         10         28          0          0         76   lc_numeric_c.o
         2          0          0          0          0          0   libinit.o
        46          0          0          0          0          0   libinit2.o
         0          0          0          0          0          0   libshutdown2.o
        38          0          0          0          0         68   llshl.o
       138          0          0          0          0         80   lludiv10.o
        16          6          0          0         42         68   locale.o
       428         10          0          0          0        188   locale_r.o
         0          0          0          0          0          0   maybetermalloc1.o
         8          0          0          0          0         76   memcpy.o
         8          0          0          0          0         76   memmove.o
         0          0         16          0          0          0   null_locale.o
        16          4          0          0          0         76   rt_ctype_table.o
         8          4          0          0          4         68   rt_ddtor_pointer_addr.o
         8          4          0          0          4         68   rt_eh_globals_addr.o
         8          4          0          0          4         68   rt_errno_addr.o
         8          4          0          0          4         68   rt_heap_descriptor.o
         8          4          0          0         20         68   rt_locale.o
        78          0          0          0          0         80   rt_memclr_w.o
       138          0          0          0          0         68   rt_memcpy_v6.o
       100          0          0          0          0         80   rt_memcpy_w.o
       132          0          0          0          0         68   rt_memmove_v6.o
       122          0          0          0          0         80   rt_memmove_w.o
         8          4          0          0          4         68   rt_new_handler_addr.o
        44          8          0          0          0         84   scanf_char.o
      1188         12          0          0          0        148   scanf_fp.o
       800         14          0          0          0        100   scanf_hexfp.o
       308         16          0          0          0        100   scanf_infnan.o
        20          0          0          0          0         68   setbuf.o
        70          0          0          0          0         80   setvbuf.o
        60          8          0          0          0         84   sscanf.o
       240          6          0          0          0        156   stdio.o
         0          0          0         12        252          0   stdio_streams.o
        24          0          0          0          0         68   strcat.o
       128          0          0          0          0         68   strcmpv7m.o
        72          0          0          0          0         80   strcpy.o
        62          0          0          0          0         76   strlen.o
       150          0          0          0          0         80   strncmp.o
        22          0          0          0          0         68   strrchr.o
        12          4          0          0          0         68   sys_exit.o
        14          0          0          0          0         76   sys_wrch.o
         2          0          0          0          0         68   use_no_semi.o
        10          0          0          0          0         68   vfprintf.o
        52          4          0          0          0         80   vsnprintf.o
         6          0          0          0          0         68   wmemmove.o
      1172         46        620          8          0        996   char.o
      5236        258        683         12       7472       7668   ios.o
      1410         78          5         32          0       1456   locale.o
       470         34          0         12          0        716   messages.o
        36          0          0          0          0        144   rwalloc.o
       184         24          4          8          0        400   rwcats.o
       884         64        772         23         24        980   rwstdexcept.o
       152         94          0          0          0         72   rwthrowproc_impl_noex.o
         0          0          0          4          0          0   rwthrowproc_noex.o
         0          0          0          0         16          0   vendor.o
        28          0          0          0          0         84   ARM_vec_cleanup_noexceptions.o
        36          0          0          0          0         84   aeabi_vec_ctor_nocookie_nodtor.o
        14          0          0          0          0         80   aeabi_vec_delete_noexceptions.o
        16          0          0          0          0         68   aeabi_vec_dtor_cookie.o
        34          0          0          0          0         84   aeabi_vec_dtor_noexceptions.o
        20          0          0          0          0         80   aeabi_vec_new_cookie.o
        80         12          0          0          0        104   arm_exceptions_globs.o
        60          0          0          0          0        108   arm_exceptions_mem.o
        26          0          0          0          0         76   arm_exceptions_terminate.o
         4          0          0          0          0         68   arm_newhandler_noexceptions.o
         2          0          0          0          0         68   arm_rethrow_noexceptions.o
         8          0          0          0          0         76   array_del.o
         8          0          0          0          0         76   array_new.o
       146          0          0          0          0         96   array_new_general.o
        16          0          0          0          0         68   cxa_guard_acquire.o
        24          6          0          0          0         84   cxa_vec_new.o
         8          0          0          0          0         76   delete.o
        12          6          0          0          0         68   exception_ctor.o
         0          0         20          0          0          0   exception_dtor.o
        40          6          0          0          0         76   new.o
         6          0          0          0          0         68   pure_virt.o
        98          4          0          0          0         92   d2f.o
        16          4          0          0          0         68   dcheck1.o
        24          0          0          0          0         68   dcmpi.o
       120          4          0          0          0         92   deqf.o
       120          4          0          0          0         92   dleqf.o
       156          4          0          0          0         92   dnaninf.o
       108          0          0          0          0         80   drleqf.o
         0          0          8          0          0          0   fpconst.o
        10          0          0          0          0         68   fretinf.o
         4          0          0          0          0         68   printf1.o
         4          0          0          0          0         68   printf2.o
       100          0          0          0          0         68   retnan.o
        92          0          0          0          0         68   scalbn.o
         4          0          0          0          0         68   scanf1.o
         8          0          0          0          0         84   scanf2.o
        48          0          0          0          0         68   trapv.o
         0          0          0          0          0          0   usenofp.o
        30          6          0          0          0        136   dunder.o
        40          0          0          0          0         68   fpclassify.o
        88          8          0          0          0         76   frexp.o
       138          0          0          0          0        160   ldexp.o
       152          4          0          0          0        168   narrow.o
       152         24         16          4          0        284   FileBase.o
        54         10         60          0          0        156   FileLike.o
       154          0          0          0          0        440   FilePath.o
        34          0          0          0          0        136   FunctionPointer.o
        54          4         92          0          0        220   Serial.o
       126         14         16          0          0        372   SerialBase.o
       188         18         68          0          0        608   Stream.o
       152         50        214          0          0         88   analogin_api.o
        80         56          0          0          0         80   assert.o
        24          4          0          0          0         80   error.o
        44          8          0          0          0         72   exit.o
       186         12        128          0          0        268   gpio.o
       142         28        124          0          0        228   gpio_api.o
         4          0          0          0          0         68   mbed_interface.o
       224         58        100          0          0        160   pinmap.o
       254         76          0          0          0        308   pinmap_common.o
        28          6          0          0          0        144   semihost_api.o
      1780        180        732         16        224        996   serial_api.o
       144         38          0          4          0        280   us_ticker.o
        84          6          0          8          0         96   us_ticker_api.o
        28          0          0          0          0         80   wait_api.o

    ----------------------------------------------------------------------
     32094       1892       4238        148       8076      31880   Library Totals
        88          2          9          1          6          0   (incl. Padding)

    ----------------------------------------------------------------------

      Code (inc. data)   RO Data    RW Data    ZI Data      Debug   Library Name

     16578        632        567         16        334      10940   c_w.l
      9544        598       2084         99       7512      12432   cpp_ws.l
       588         30         20          0          0       1592   cpprt_w.l
       912         20          8          0          0       1144   fz_ws.l
       448         18          0          0          0        608   m_ws.l
      3936        592       1550         32        224       5164   mbed.ar

    ----------------------------------------------------------------------
     32094       1892       4238        148       8076      31880   Library Totals

    ----------------------------------------------------------------------

==============================================================================


      Code (inc. data)   RO Data    RW Data    ZI Data      Debug   

     36812       2604       4764        176       8676     223416   Grand Totals
     36812       2604       4764        176       8676     223416   ELF Image Totals
     36812       2604       4764        176          0          0   ROM Totals

==============================================================================

    Total RO  Size (Code + RO Data)                41576 (  40.60kB)
    Total RW  Size (RW Data + ZI Data)              8852 (   8.64kB)
    Total ROM Size (Code + RO Data + RW Data)      41752 (  40.77kB)

==============================================================================

