Component: ARM Compiler 5.06 update 2 (build 183) Tool: armlink [4d35b7]

==============================================================================

Section Cross References

    main.o(i._Z18nrk_create_tasksetv) refers to nrk_cpu.o(i._Z27nrk_task_set_entry_functionP9task_typePFvvE) for nrk_task_set_entry_function(task_type*, void(*)())
    main.o(i._Z18nrk_create_tasksetv) refers to nrk_cpu.o(i._Z16nrk_task_set_stkP9task_typePjt) for nrk_task_set_stk(task_type*, unsigned*, unsigned short)
    main.o(i._Z18nrk_create_tasksetv) refers to nrk_task.o(i._Z17nrk_activate_taskP9task_type) for nrk_activate_task(task_type*)
    main.o(i._Z18nrk_create_tasksetv) refers to main.o(i._Z5Task1v) for Task1()
    main.o(i._Z18nrk_create_tasksetv) refers to main.o(.bss) for TaskOne
    main.o(i._Z18nrk_create_tasksetv) refers to main.o(i._Z5Task2v) for Task2()
    main.o(i._Z5Task1v) refers to DigitalOut.cpp.lpc1768.arm.o(i._ZN4mbed10DigitalOutC1E7PinNamePKc) for mbed::DigitalOut::DigitalOut(PinName, const char*)
    main.o(i._Z5Task1v) refers to DigitalOut.cpp.lpc1768.arm.o(i._ZN4mbed10DigitalOutcviEv) for mbed::DigitalOut::operator int()
    main.o(i._Z5Task1v) refers to DigitalOut.cpp.lpc1768.arm.o(i._ZN4mbed10DigitalOutaSEi) for mbed::DigitalOut::operator =(int)
    main.o(i._Z5Task1v) refers to nrk_task.o(i._Z26nrk_wait_until_next_periodv) for nrk_wait_until_next_period()
    main.o(i._Z5Task2v) refers to DigitalOut.cpp.lpc1768.arm.o(i._ZN4mbed10DigitalOutC1E7PinNamePKc) for mbed::DigitalOut::DigitalOut(PinName, const char*)
    main.o(i._Z5Task2v) refers to DigitalOut.cpp.lpc1768.arm.o(i._ZN4mbed10DigitalOutcviEv) for mbed::DigitalOut::operator int()
    main.o(i._Z5Task2v) refers to DigitalOut.cpp.lpc1768.arm.o(i._ZN4mbed10DigitalOutaSEi) for mbed::DigitalOut::operator =(int)
    main.o(i._Z5Task2v) refers to nrk_task.o(i._Z26nrk_wait_until_next_periodv) for nrk_wait_until_next_period()
    main.o(i.__sti___8_main_cpp_led1) refers to DigitalOut.cpp.lpc1768.arm.o(i._ZN4mbed10DigitalOutC1E7PinNamePKc) for mbed::DigitalOut::DigitalOut(PinName, const char*)
    main.o(i.__sti___8_main_cpp_led1) refers to aeabi_atexit.o(.text) for __aeabi_atexit
    main.o(i.__sti___8_main_cpp_led1) refers to main.o(.bss) for led1
    main.o(i.__sti___8_main_cpp_led1) refers to DigitalOut.cpp.lpc1768.arm.o(i._ZN4mbed10DigitalOutD1Ev) for mbed::DigitalOut::~DigitalOut()
    main.o(i.main) refers to ulib.o(i._Z15nrk_setup_portsv) for nrk_setup_ports()
    main.o(i.main) refers to nrk.o(i._Z8nrk_initv) for nrk_init()
    main.o(i.main) refers to main.o(i._Z18nrk_create_tasksetv) for nrk_create_taskset()
    main.o(i.main) refers to nrk.o(i._Z9nrk_startv) for nrk_start()
    main.o(.ARM.exidx) refers to main.o(i._Z5Task2v) for i._Z5Task2v
    main.o(.ARM.exidx) refers to main.o(i._Z5Task1v) for i._Z5Task1v
    main.o(.ARM.exidx) refers to main.o(i._Z18nrk_create_tasksetv) for i._Z18nrk_create_tasksetv
    main.o(.ARM.exidx) refers to main.o(i.main) for i.main
    main.o(.ARM.exidx) refers to main.o(i.__sti___8_main_cpp_led1) for i.__sti___8_main_cpp_led1
    main.o(.init_array) refers to main.o(i.__sti___8_main_cpp_led1) for __sti___8_main_cpp_led1
    main.o(.init_array) refers to init_aeabi.o(.text) for __cpp_initialize__aeabi_
    adc_driver.o(i._Z11get_adc_valv) refers to adc_driver.o(.data) for adc_reg
    adc_driver.o(i._Z12set_adc_chanh) refers to adc_driver.o(.data) for adc_reg
    adc_driver.o(i._Z15dev_manager_adchhPhh) refers to adc_driver.o(i._Z8init_adcv) for init_adc()
    adc_driver.o(i._Z15dev_manager_adchhPhh) refers to adc_driver.o(i._Z11get_adc_valv) for get_adc_val()
    adc_driver.o(i._Z15dev_manager_adchhPhh) refers to adc_driver.o(i._Z12set_adc_chanh) for set_adc_chan(unsigned char)
    adc_driver.o(i._Z15dev_manager_adchhPhh) refers to nrk_error.o(i._Z20nrk_kernel_error_addhh) for nrk_kernel_error_add(unsigned char, unsigned char)
    adc_driver.o(i._Z15dev_manager_adchhPhh) refers to adc_driver.o(.data) for channel
    adc_driver.o(i._Z8init_adcv) refers to nrk_timer.o(i._Z16nrk_spin_wait_usj) for nrk_spin_wait_us(unsigned)
    adc_driver.o(.ARM.exidx) refers to adc_driver.o(i._Z12set_adc_chanh) for i._Z12set_adc_chanh
    adc_driver.o(.ARM.exidx) refers to adc_driver.o(i._Z11get_adc_valv) for i._Z11get_adc_valv
    adc_driver.o(.ARM.exidx) refers to adc_driver.o(i._Z8init_adcv) for i._Z8init_adcv
    adc_driver.o(.ARM.exidx) refers to adc_driver.o(i._Z15dev_manager_adchhPhh) for i._Z15dev_manager_adchhPhh
    adc_driver.o(.ARM.exidx) refers to adc_driver.o(i._Z5delayv) for i._Z5delayv
    ff_basic_sensor.o(i._Z22dev_manager_ff_sensorshhPhh) refers to adc_driver.o(i._Z8init_adcv) for init_adc()
    ff_basic_sensor.o(i._Z22dev_manager_ff_sensorshhPhh) refers to adc_driver.o(i._Z12set_adc_chanh) for set_adc_chan(unsigned char)
    ff_basic_sensor.o(i._Z22dev_manager_ff_sensorshhPhh) refers to nrk_timer.o(i._Z16nrk_spin_wait_usj) for nrk_spin_wait_us(unsigned)
[...]
    .text                                    0x00000be4   Section        0  init_alloc.o(.text)
    .text                                    0x00000c6e   Section        0  h1_init.o(.text)
    .text                                    0x00000c7c   Section      138  lludiv10.o(.text)
    .text                                    0x00000d06   Section        0  _printf_fp_dec.o(.text)
    _fp_digits                               0x00000d09   Thumb Code   428  _printf_fp_dec.o(.text)
    .text                                    0x00001120   Section        0  _printf_fp_hex.o(.text)
    .text                                    0x0000141c   Section        0  _printf_char.o(.text)
    .text                                    0x00001448   Section        0  _printf_wchar.o(.text)
    .text                                    0x00001474   Section        0  _wcrtomb.o(.text)
    .text                                    0x000014b4   Section        0  defsig_exit.o(.text)
    .text                                    0x000014be   Section        2  use_no_semi.o(.text)
    .text                                    0x000014c0   Section        0  indicate_semi.o(.text)
    .text                                    0x000014c0   Section        0  h1_extend.o(.text)
    .text                                    0x000014f4   Section        0  _printf_fp_infnan.o(.text)
    .text                                    0x00001574   Section        0  bigflt0.o(.text)
    .text                                    0x00001650   Section        0  defsig_general.o(.text)
    .text                                    0x00001682   Section        0  defsig_rtmem_outer.o(.text)
    .text                                    0x00001690   Section        0  heapauxa.o(.text)
    .text                                    0x000016e0   Section        0  defsig_rtmem_inner.o(.text)
    CL$$btod_d2e                             0x00001730   Section       62  btod.o(CL$$btod_d2e)
    CL$$btod_d2e_denorm_low                  0x0000176e   Section       70  btod.o(CL$$btod_d2e_denorm_low)
    CL$$btod_d2e_norm_op1                    0x000017b4   Section       96  btod.o(CL$$btod_d2e_norm_op1)
    CL$$btod_div_common                      0x00001814   Section      824  btod.o(CL$$btod_div_common)
    CL$$btod_e2e                             0x00001b4c   Section      198  btod.o(CL$$btod_e2e)
    CL$$btod_ediv                            0x00001c12   Section       40  btod.o(CL$$btod_ediv)
    CL$$btod_emul                            0x00001c3a   Section       40  btod.o(CL$$btod_emul)
    CL$$btod_mult_common                     0x00001c62   Section      580  btod.o(CL$$btod_mult_common)
    i.SystemInit                             0x00001ea8   Section        0  system_LPC17xx.o(i.SystemInit)
    i.TIMER0_IRQHandler                      0x00001f20   Section        0  nrk_timer.o(i.TIMER0_IRQHandler)
    i.TIMER1_IRQHandler                      0x00001f54   Section        0  nrk_timer.o(i.TIMER1_IRQHandler)
    i._Z11GPIO_SetDirhjh                     0x00001f70   Section        0  ulib.o(i._Z11GPIO_SetDirhjh)
    i._Z11set_PinFunchhh                     0x00001fa0   Section        0  ulib.o(i._Z11set_PinFunchhh)
    i._Z12nrk_TCB_initP9task_typePjS1_tPvt   0x00001fe0   Section        0  nrk.o(i._Z12nrk_TCB_initP9task_typePjS1_tPvt)
    i._Z12setupSPIPinsv                      0x000021c8   Section        0  ulib.o(i._Z12setupSPIPinsv)
    i._Z13nrk_error_addh                     0x00002214   Section        0  nrk_error.o(i._Z13nrk_error_addh)
    i._Z13nrk_idle_taskv                     0x00002230   Section        0  nrk_idle_task.o(i._Z13nrk_idle_taskv)
    i._Z14NVIC_EnableIRQ4IRQn                0x00002254   Section        0  nrk_timer.o(i._Z14NVIC_EnableIRQ4IRQn)
    NVIC_EnableIRQ(IRQn)                     0x00002255   Thumb Code    22  nrk_timer.o(i._Z14NVIC_EnableIRQ4IRQn)
    i._Z14_nrk_schedulerv                    0x0000226c   Section        0  nrk_scheduler.o(i._Z14_nrk_schedulerv)
    i._Z14nrk_int_enablev                    0x000028b8   Section        0  nrk.o(i._Z14nrk_int_enablev)
    i._Z14setup_uartPinsv                    0x000028bc   Section        0  ulib.o(i._Z14setup_uartPinsv)
    i._Z15GPIO_ClearValuehj                  0x00002906   Section        0  ulib.o(i._Z15GPIO_ClearValuehj)
    i._Z15GPIO_GetPointerh                   0x00002920   Section        0  ulib.o(i._Z15GPIO_GetPointerh)
    GPIO_GetPointer(unsigned char)           0x00002921   Thumb Code    52  ulib.o(i._Z15GPIO_GetPointerh)
    i._Z15nrk_int_disablev                   0x00002958   Section        0  nrk.o(i._Z15nrk_int_disablev)
    i._Z15nrk_setup_portsv                   0x0000295c   Section        0  ulib.o(i._Z15nrk_setup_portsv)
    i._Z16PINSEL_ConfigPinP15PINSEL_CFG_Type 0x00002964   Section        0  ulib.o(i._Z16PINSEL_ConfigPinP15PINSEL_CFG_Type)
    i._Z16_nrk_setup_timerv                  0x00002988   Section        0  nrk_timer.o(i._Z16_nrk_setup_timerv)
    i._Z16nrk_target_startv                  0x00002a48   Section        0  nrk_cpu.o(i._Z16nrk_target_startv)
    i._Z16nrk_task_set_stkP9task_typePjt     0x00002a52   Section        0  nrk_cpu.o(i._Z16nrk_task_set_stkP9task_typePjt)
    i._Z16set_ResistorModehhh                0x00002a70   Section        0  ulib.o(i._Z16set_ResistorModehhh)
    i._Z17_nrk_os_timer_getv                 0x00002ab0   Section        0  nrk_timer.o(i._Z17_nrk_os_timer_getv)
    i._Z17nrk_activate_taskP9task_type       0x00002abc   Section        0  nrk_task.o(i._Z17nrk_activate_taskP9task_type)
    i._Z17nrk_add_to_readyQa                 0x00002b58   Section        0  nrk_task.o(i._Z17nrk_add_to_readyQa)
    i._Z17nrk_task_stk_initPFvvEPjS1_        0x00002c94   Section        0  nrk_cpu.o(i._Z17nrk_task_stk_initPFvvEPjS1_)
    i._Z17set_OpenDrainModehhh               0x00002d38   Section        0  ulib.o(i._Z17set_OpenDrainModehhh)
    i._Z18_nrk_time_to_ticksP10nrk_time_t    0x00002d68   Section        0  nrk_time.o(i._Z18_nrk_time_to_ticksP10nrk_time_t)
    i._Z18nrk_create_tasksetv                0x00002dc4   Section        0  main.o(i._Z18nrk_create_tasksetv)
    i._Z19_nrk_os_timer_resetv               0x00002e74   Section        0  nrk_timer.o(i._Z19_nrk_os_timer_resetv)
    i._Z19_nrk_os_timer_startv               0x00002e88   Section        0  nrk_timer.o(i._Z19_nrk_os_timer_startv)
    i._Z19nrk_rem_from_readyQa               0x00002e9c   Section        0  nrk_task.o(i._Z19nrk_rem_from_readyQa)
    i._Z20_nrk_get_next_wakeupv              0x00002f1c   Section        0  nrk_timer.o(i._Z20_nrk_get_next_wakeupv)
    i._Z20_nrk_set_next_wakeuph              0x00002f26   Section        0  nrk_timer.o(i._Z20_nrk_set_next_wakeuph)
    i._Z20nrk_kernel_error_addhh             0x00002f30   Section        0  nrk_error.o(i._Z20nrk_kernel_error_addhh)
    i._Z22nrk_stack_pointer_initv            0x00002f44   Section        0  nrk_cpu.o(i._Z22nrk_stack_pointer_initv)
    i._Z23_nrk_wait_for_schedulerv           0x00002ffc   Section        0  nrk_task.o(i._Z23_nrk_wait_for_schedulerv)
    i._Z25_nrk_high_speed_timer_getv         0x00003010   Section        0  nrk_timer.o(i._Z25_nrk_high_speed_timer_getv)
    i._Z25nrk_high_speed_timer_waittt        0x00003024   Section        0  nrk_timer.o(i._Z25nrk_high_speed_timer_waittt)
    i._Z25nrk_stack_pointer_restorev         0x00003058   Section        0  nrk_cpu.o(i._Z25nrk_stack_pointer_restorev)
    i._Z26nrk_get_high_ready_task_IDv        0x00003104   Section        0  nrk_task.o(i._Z26nrk_get_high_ready_task_IDv)
    i._Z26nrk_wait_until_next_periodv        0x00003110   Section        0  nrk_task.o(i._Z26nrk_wait_until_next_periodv)
    i._Z27_nrk_high_speed_timer_resetv       0x0000315c   Section        0  nrk_timer.o(i._Z27_nrk_high_speed_timer_resetv)
    i._Z27nrk_task_set_entry_functionP9task_typePFvvE 0x00003178   Section        0  nrk_cpu.o(i._Z27nrk_task_set_entry_functionP9task_typePFvvE)
    i._Z5Task1v                              0x0000317c   Section        0  main.o(i._Z5Task1v)
    i._Z5Task2v                              0x000031c4   Section        0  main.o(i._Z5Task2v)
    i._Z7initLEDv                            0x000031fc   Section        0  ulib.o(i._Z7initLEDv)
    i._Z8nrk_initv                           0x000032a0   Section        0  nrk.o(i._Z8nrk_initv)
    i._Z9PORT_INITv                          0x000033a8   Section        0  ulib.o(i._Z9PORT_INITv)
    i._Z9initDEBUGv                          0x000033bc   Section        0  ulib.o(i._Z9initDEBUGv)
    i._Z9nrk_startv                          0x00003460   Section        0  nrk.o(i._Z9nrk_startv)
    i._ZN4mbed10DigitalOutC1E7PinNamePKc     0x00003524   Section        0  DigitalOut.cpp.lpc1768.arm.o(i._ZN4mbed10DigitalOutC1E7PinNamePKc)
    i._ZN4mbed10DigitalOutD0Ev               0x00003544   Section        0  DigitalOut.cpp.lpc1768.arm.o(i._ZN4mbed10DigitalOutD0Ev)
    i._ZN4mbed10DigitalOutD1Ev               0x00003552   Section        0  DigitalOut.cpp.lpc1768.arm.o(i._ZN4mbed10DigitalOutD1Ev)
    i._ZN4mbed10DigitalOutaSEi               0x00003556   Section        0  DigitalOut.cpp.lpc1768.arm.o(i._ZN4mbed10DigitalOutaSEi)
    i._ZN4mbed10DigitalOutcviEv              0x00003564   Section        0  DigitalOut.cpp.lpc1768.arm.o(i._ZN4mbed10DigitalOutcviEv)
    i._ZN4mbed4Base5clearEPKcPc              0x0000356c   Section        0  Base.cpp.lpc1768.arm.o(i._ZN4mbed4Base5clearEPKcPc)
    i._ZN4mbed4Base9list_objsEPKcPc          0x0000359c   Section        0  Base.cpp.lpc1768.arm.o(i._ZN4mbed4Base9list_objsEPKcPc)
    i._ZN4mbed4BaseC1EPKc                    0x000035dc   Section        0  Base.cpp.lpc1768.arm.o(i._ZN4mbed4BaseC1EPKc)
    i._ZN4mbed4BaseD0Ev                      0x00003600   Section        0  Base.cpp.lpc1768.arm.o(i._ZN4mbed4BaseD0Ev)
    i._ZN4mbed4BaseD1Ev                      0x00003634   Section        0  Base.cpp.lpc1768.arm.o(i._ZN4mbed4BaseD1Ev)
    i._ZdaPv                                 0x0000366c   Section        0  array_del.o(i._ZdaPv)
    i._ZdlPv                                 0x00003674   Section        0  delete.o(i._ZdlPv)
    i.__ARM_fpclassify                       0x0000367c   Section        0  fpclassify.o(i.__ARM_fpclassify)
    i.__sti___8_main_cpp_led1                0x000036a4   Section        0  main.o(i.__sti___8_main_cpp_led1)
    __sti___8_main_cpp_led1                  0x000036a5   Thumb Code    90  main.o(i.__sti___8_main_cpp_led1)
    i.__user_setup_stackheap                 0x0000371c   Section        0  stackheap.o(i.__user_setup_stackheap)
    i._is_digit                              0x00003728   Section        0  __printf_wp.o(i._is_digit)
    i._nrk_timer_tick                        0x00003736   Section        0  nrk.o(i._nrk_timer_tick)
    i.exit                                   0x0000373e   Section        0  exit.c.lpc1768.arm.o(i.exit)
    i.gpio_output                            0x00003754   Section        0  gpio_api.c.lpc1768.arm.o(i.gpio_output)
    i.gpio_read                              0x00003784   Section        0  gpio_api.c.lpc1768.arm.o(i.gpio_read)
    i.gpio_write                             0x0000379c   Section        0  gpio_api.c.lpc1768.arm.o(i.gpio_write)
    i.main                                   0x000037b4   Section        0  main.o(i.main)
    i.mbed_die                               0x000037cc   Section        0  utils_api.c.lpc1768.arm.o(i.mbed_die)
    i.pin_function                           0x00003844   Section        0  pinmap.c.lpc1768.arm.o(i.pin_function)
    i.pin_mode                               0x0000387c   Section        0  pinmap.c.lpc1768.arm.o(i.pin_mode)
    i.semihost_exit                          0x000038b4   Section        0  semihost_api.c.lpc1768.arm.o(i.semihost_exit)
    i.timer_frequency                        0x000038c0   Section        0  timer_api.c.lpc1768.arm.o(i.timer_frequency)
    i.timer_init                             0x000038d4   Section        0  timer_api.c.lpc1768.arm.o(i.timer_init)
    i.timer_read                             0x00003944   Section        0  timer_api.c.lpc1768.arm.o(i.timer_read)
    i.timer_start                            0x00003948   Section        0  timer_api.c.lpc1768.arm.o(i.timer_start)
    i.us_ticker_read                         0x00003954   Section        0  us_ticker_api.c.lpc1768.arm.o(i.us_ticker_read)
    i.wait_ms                                0x0000398c   Section        0  wait_api.c.lpc1768.arm.o(i.wait_ms)
    locale$$code                             0x000039a8   Section       44  lc_ctype_c.o(locale$$code)
    locale$$code                             0x000039d4   Section       44  lc_numeric_c.o(locale$$code)
    x$fpl$printf1                            0x00003a00   Section        4  printf1.o(x$fpl$printf1)
    x$fpl$printf2                            0x00003a04   Section        4  printf2.o(x$fpl$printf2)
    .constdata                               0x00003a08   Section       24  Base.cpp.lpc1768.arm.o(.constdata)
    x$fpl$usenofp                            0x00003a08   Section        0  usenofp.o(x$fpl$usenofp)
    .constdata                               0x00003a20   Section       40  _printf_hex_int_ll_ptr.o(.constdata)
    uc_hextab                                0x00003a20   Data          20  _printf_hex_int_ll_ptr.o(.constdata)
    lc_hextab                                0x00003a34   Data          20  _printf_hex_int_ll_ptr.o(.constdata)
    .constdata                               0x00003a48   Section       17  __printf_flags_ss_wp.o(.constdata)
    maptable                                 0x00003a48   Data          17  __printf_flags_ss_wp.o(.constdata)
    .constdata                               0x00003a5c   Section        8  _printf_wctomb.o(.constdata)
    initial_mbstate                          0x00003a5c   Data           8  _printf_wctomb.o(.constdata)
    .constdata                               0x00003a64   Section       38  _printf_fp_hex.o(.constdata)
    lc_hextab                                0x00003a64   Data          19  _printf_fp_hex.o(.constdata)
    uc_hextab                                0x00003a77   Data          19  _printf_fp_hex.o(.constdata)
    .constdata                               0x00003a8c   Section      148  bigflt0.o(.constdata)
    tenpwrs_x                                0x00003a8c   Data          60  bigflt0.o(.constdata)
    tenpwrs_i                                0x00003ac8   Data          64  bigflt0.o(.constdata)
    .constdata__ZTVN4mbed10DigitalOutE       0x00003b20   Section       24  DigitalOut.cpp.lpc1768.arm.o(.constdata__ZTVN4mbed10DigitalOutE)
    .constdata__ZTVN4mbed4BaseE              0x00003b38   Section       24  Base.cpp.lpc1768.arm.o(.constdata__ZTVN4mbed4BaseE)
    .conststring                             0x00003b50   Section       14  Base.cpp.lpc1768.arm.o(.conststring)
    .conststring                             0x00003b5e   Section        5  Base.cpp.lpc1768.arm.o(.conststring)
    locale$$data                             0x00003b84   Section      272  lc_ctype_c.o(locale$$data)
    __lcctype_c_name                         0x00003b88   Data           2  lc_ctype_c.o(locale$$data)
    __lcctype_c_start                        0x00003b90   Data           0  lc_ctype_c.o(locale$$data)
    locale$$data                             0x00003c94   Section       28  lc_numeric_c.o(locale$$data)
    __lcctype_c_end                          0x00003c94   Data           0  lc_ctype_c.o(locale$$data)
    __lcnum_c_name                           0x00003c98   Data           2  lc_numeric_c.o(locale$$data)
    __lcnum_c_start                          0x00003ca0   Data           0  lc_numeric_c.o(locale$$data)
    __lcnum_c_point                          0x00003cac   Data           0  lc_numeric_c.o(locale$$data)
    __lcnum_c_thousands                      0x00003cae   Data           0  lc_numeric_c.o(locale$$data)
    __lcnum_c_grouping                       0x00003caf   Data           0  lc_numeric_c.o(locale$$data)
    .init_array                              0x00003cb0   Section        4  main.o(.init_array)
    __lcnum_c_end                            0x00003cb0   Data           0  lc_numeric_c.o(locale$$data)
    .init_array                              0x00003cb4   Section        0  init_aeabi.o(.init_array)
    .ARM.__AT_0x10000000                     0x10000000   Section      196  cmsis_nvic.o(.ARM.__AT_0x10000000)
    vectors                                  0x10000000   Data         196  cmsis_nvic.o(.ARM.__AT_0x10000000)
    .data                                    0x100000c4   Section        2  nrk_timer.o(.data)
    .data                                    0x100000c8   Section       49  nrk.o(.data)
    .data                                    0x100000f9   Section        2  nrk_error.o(.data)
    .data                                    0x100000fc   Section        9  nrk_scheduler.o(.data)
    .data                                    0x10000108   Section        4  system_LPC17xx.o(.data)
    .data                                    0x1000010c   Section        8  Base.cpp.lpc1768.arm.o(.data)
    .data                                    0x10000114   Section       12  Base.cpp.lpc1768.arm.o(.data)
    .data                                    0x10000120   Section        4  us_ticker_api.c.lpc1768.arm.o(.data)
    us_ticker_running                        0x10000120   Data           4  us_ticker_api.c.lpc1768.arm.o(.data)
    .data                                    0x10000124   Section        4  heapauxa.o(.data)
    __rt_heap_escrow_base                    0x10000124   Data           4  heapauxa.o(.data)
    .bss                                     0x10000128   Section     2216  main.o(.bss)
    .bss                                     0x100009d0   Section      828  nrk.o(.bss)
    .bss                                     0x10000d0c   Section        4  rt_ddtor_pointer_addr.o(.bss)
    __rt_ddtor_pointer_addr_data             0x10000d0c   Data           4  rt_ddtor_pointer_addr.o(.bss)
    .bss                                     0x10000d10   Section        4  rt_heap_descriptor.o(.bss)
    __rt_heap_descriptor_data                0x10000d10   Data           4  rt_heap_descriptor.o(.bss)
    .bss                                     0x10000d14   Section       20  rt_locale.o(.bss)
    __rt_locale_data                         0x10000d14   Data          20  rt_locale.o(.bss)

    Global Symbols

    Symbol Name                              Value     Ov Type        Size  Object(Section)

    BuildAttributes$$THM_ISAv4$P$D$K$B$S$PE$A:L22UL41UL21$X:L11$S22US41US21$IEEE1$IW$USESV6$~STKCKD$USESV7$~SHL$OTIME$ROPI$IEEEX$EBA8$UX$STANDARDLIB$REQ8$PRES8$EABIv2 0x00000000   Number         0  anon$$obj.o ABSOLUTE
    __ARM_use_no_argv                        0x00000000   Number         0  main.o ABSOLUTE
    __Vectors                                0x00000000   Data           4  startup_LPC17xx.o(RESET)
    __dso_handle                             0x00000000   Number         0  startup_LPC17xx.o(RESET)
    _printf_flags                            0x00000000   Number         0  printf_stubs.o ABSOLUTE
    _printf_return_value                     0x00000000   Number         0  printf_stubs.o ABSOLUTE
    _printf_sizespec                         0x00000000   Number         0  printf_stubs.o ABSOLUTE
    _printf_widthprec                        0x00000000   Number         0  printf_stubs.o ABSOLUTE
    SHT$$ARM_EXIDX$$Base                      - Undefined Reference
    SHT$$ARM_EXIDX$$Limit                     - Undefined Reference
    __ARM::default_unexpected_handler()       - Undefined Weak Reference
    __ARM_exceptions_buffer_required          - Undefined Weak Reference
    __ARM_exceptions_init                     - Undefined Weak Reference
    __aeabi_unwind_cpp_pr1                    - Undefined Weak Reference
    __aeabi_unwind_cpp_pr2                    - Undefined Weak Reference
    __alloca_initialize                       - Undefined Weak Reference
    __arm_preinit_                            - Undefined Weak Reference
    __cxa_begin_cleanup                       - Undefined Weak Reference
    __cxa_type_match                          - Undefined Weak Reference
    __rt_lib_shutdown                         - Undefined Weak Reference
    __sigvec_lookup                           - Undefined Weak Reference
    __user_heap_extent                        - Undefined Weak Reference
    _atexit_init                              - Undefined Weak Reference
    _clock_init                               - Undefined Weak Reference
    _fp_trap_init                             - Undefined Weak Reference
    _fp_trap_shutdown                         - Undefined Weak Reference
    _get_lc_collate                           - Undefined Weak Reference
    _get_lc_monetary                          - Undefined Weak Reference
    _get_lc_time                              - Undefined Weak Reference
    _getenv_init                              - Undefined Weak Reference
    _handle_redirection                       - Undefined Weak Reference
    _mutex_acquire                            - Undefined Weak Reference
    _mutex_free                               - Undefined Weak Reference
    _mutex_release                            - Undefined Weak Reference
    _printf_mbtowc                            - Undefined Weak Reference
    _printf_wc                                - Undefined Weak Reference
    _rand_init                                - Undefined Weak Reference
    _signal_finish                            - Undefined Weak Reference
    _signal_init                              - Undefined Weak Reference
    __main                                   0x000000c5   Thumb Code     8  __main.o(!!!main)
    __scatterload                            0x000000cd   Thumb Code     0  __scatter.o(!!!scatter)
    __scatterload_rt2                        0x000000cd   Thumb Code    44  __scatter.o(!!!scatter)
    __scatterload_rt2_thumb_only             0x000000cd   Thumb Code     0  __scatter.o(!!!scatter)
    __scatterload_null                       0x000000db   Thumb Code     0  __scatter.o(!!!scatter)
    __scatterload_copy                       0x00000101   Thumb Code    26  __scatter_copy.o(!!handler_copy)
    __scatterload_zeroinit                   0x0000011d   Thumb Code    28  __scatter_zi.o(!!handler_zi)
    _printf_n                                0x00000139   Thumb Code     0  _printf_n.o(.ARM.Collect$$_printf_percent$$00000001)
    _printf_percent                          0x00000139   Thumb Code     0  _printf_percent.o(.ARM.Collect$$_printf_percent$$00000000)
    _printf_p                                0x0000013f   Thumb Code     0  _printf_p.o(.ARM.Collect$$_printf_percent$$00000002)
    _printf_f                                0x00000145   Thumb Code     0  _printf_f.o(.ARM.Collect$$_printf_percent$$00000003)
    _printf_e                                0x0000014b   Thumb Code     0  _printf_e.o(.ARM.Collect$$_printf_percent$$00000004)
    _printf_g                                0x00000151   Thumb Code     0  _printf_g.o(.ARM.Collect$$_printf_percent$$00000005)
    _printf_a                                0x00000157   Thumb Code     0  _printf_a.o(.ARM.Collect$$_printf_percent$$00000006)
    _printf_ll                               0x0000015d   Thumb Code     0  _printf_ll.o(.ARM.Collect$$_printf_percent$$00000007)
    _printf_i                                0x00000167   Thumb Code     0  _printf_i.o(.ARM.Collect$$_printf_percent$$00000008)
    _printf_d                                0x0000016d   Thumb Code     0  _printf_d.o(.ARM.Collect$$_printf_percent$$00000009)
    _printf_u                                0x00000173   Thumb Code     0  _printf_u.o(.ARM.Collect$$_printf_percent$$0000000A)
    _printf_o                                0x00000179   Thumb Code     0  _printf_o.o(.ARM.Collect$$_printf_percent$$0000000B)
    _printf_x                                0x0000017f   Thumb Code     0  _printf_x.o(.ARM.Collect$$_printf_percent$$0000000C)
    _printf_lli                              0x00000185   Thumb Code     0  _printf_lli.o(.ARM.Collect$$_printf_percent$$0000000D)
    _printf_lld                              0x0000018b   Thumb Code     0  _printf_lld.o(.ARM.Collect$$_printf_percent$$0000000E)
    _printf_llu                              0x00000191   Thumb Code     0  _printf_llu.o(.ARM.Collect$$_printf_percent$$0000000F)
    _printf_llo                              0x00000197   Thumb Code     0  _printf_llo.o(.ARM.Collect$$_printf_percent$$00000010)
    _printf_llx                              0x0000019d   Thumb Code     0  _printf_llx.o(.ARM.Collect$$_printf_percent$$00000011)
    _printf_l                                0x000001a3   Thumb Code     0  _printf_l.o(.ARM.Collect$$_printf_percent$$00000012)
    _printf_c                                0x000001ad   Thumb Code     0  _printf_c.o(.ARM.Collect$$_printf_percent$$00000013)
    _printf_s                                0x000001b3   Thumb Code     0  _printf_s.o(.ARM.Collect$$_printf_percent$$00000014)
    _printf_lc                               0x000001b9   Thumb Code     0  _printf_lc.o(.ARM.Collect$$_printf_percent$$00000015)
    _printf_ls                               0x000001bf   Thumb Code     0  _printf_ls.o(.ARM.Collect$$_printf_percent$$00000016)
    _printf_percent_end                      0x000001c5   Thumb Code     0  _printf_percent_end.o(.ARM.Collect$$_printf_percent$$00000017)
    __rt_lib_init                            0x000001c9   Thumb Code     0  libinit.o(.ARM.Collect$$libinit$$00000000)
    __rt_lib_init_fp_1                       0x000001cb   Thumb Code     0  libinit2.o(.ARM.Collect$$libinit$$00000002)
    __rt_lib_init_heap_2                     0x000001cb   Thumb Code     0  libinit2.o(.ARM.Collect$$libinit$$00000005)
    __rt_lib_init_preinit_1                  0x000001cb   Thumb Code     0  libinit2.o(.ARM.Collect$$libinit$$00000004)
    __rt_lib_init_heap_1                     0x000001d3   Thumb Code     0  libinit2.o(.ARM.Collect$$libinit$$0000000A)
    __rt_lib_init_lc_common                  0x000001d3   Thumb Code     0  libinit2.o(.ARM.Collect$$libinit$$0000000F)
    __rt_lib_init_rand_1                     0x000001d3   Thumb Code     0  libinit2.o(.ARM.Collect$$libinit$$0000000E)
    __rt_lib_init_user_alloc_1               0x000001d3   Thumb Code     0  libinit2.o(.ARM.Collect$$libinit$$0000000C)
    __rt_lib_init_lc_collate_1               0x000001d9   Thumb Code     0  libinit2.o(.ARM.Collect$$libinit$$00000011)
    __rt_lib_init_lc_ctype_2                 0x000001d9   Thumb Code     0  libinit2.o(.ARM.Collect$$libinit$$00000012)
    __rt_lib_init_lc_ctype_1                 0x000001e5   Thumb Code     0  libinit2.o(.ARM.Collect$$libinit$$00000013)
    __rt_lib_init_lc_monetary_1              0x000001e5   Thumb Code     0  libinit2.o(.ARM.Collect$$libinit$$00000015)
    __rt_lib_init_lc_numeric_2               0x000001e5   Thumb Code     0  libinit2.o(.ARM.Collect$$libinit$$00000016)
    __rt_lib_init_alloca_1                   0x000001ef   Thumb Code     0  libinit2.o(.ARM.Collect$$libinit$$0000002E)
    __rt_lib_init_argv_1                     0x000001ef   Thumb Code     0  libinit2.o(.ARM.Collect$$libinit$$0000002C)
    __rt_lib_init_atexit_1                   0x000001ef   Thumb Code     0  libinit2.o(.ARM.Collect$$libinit$$0000001B)
    __rt_lib_init_clock_1                    0x000001ef   Thumb Code     0  libinit2.o(.ARM.Collect$$libinit$$00000021)
    __rt_lib_init_cpp_2                      0x000001ef   Thumb Code     0  libinit2.o(.ARM.Collect$$libinit$$00000031)
    __rt_lib_init_exceptions_1               0x000001ef   Thumb Code     0  libinit2.o(.ARM.Collect$$libinit$$00000030)
    __rt_lib_init_fp_trap_1                  0x000001ef   Thumb Code     0  libinit2.o(.ARM.Collect$$libinit$$0000001F)
    __rt_lib_init_getenv_1                   0x000001ef   Thumb Code     0  libinit2.o(.ARM.Collect$$libinit$$00000023)
    __rt_lib_init_lc_numeric_1               0x000001ef   Thumb Code     0  libinit2.o(.ARM.Collect$$libinit$$00000017)
    __rt_lib_init_lc_time_1                  0x000001ef   Thumb Code     0  libinit2.o(.ARM.Collect$$libinit$$00000019)
    __rt_lib_init_signal_1                   0x000001ef   Thumb Code     0  libinit2.o(.ARM.Collect$$libinit$$0000001D)
    __rt_lib_init_stdio_1                    0x000001ef   Thumb Code     0  libinit2.o(.ARM.Collect$$libinit$$00000025)
    __rt_lib_init_cpp_1                      0x000001f3   Thumb Code     0  libinit2.o(.ARM.Collect$$libinit$$00000032)
    __rt_lib_init_return                     0x000001f3   Thumb Code     0  libinit2.o(.ARM.Collect$$libinit$$00000033)
    __rt_entry                               0x000001f5   Thumb Code     0  __rtentry.o(.ARM.Collect$$rtentry$$00000000)
    __rt_entry_presh_1                       0x000001f5   Thumb Code     0  __rtentry2.o(.ARM.Collect$$rtentry$$00000002)
    __rt_entry_sh                            0x000001f5   Thumb Code     0  __rtentry4.o(.ARM.Collect$$rtentry$$00000004)
    __rt_lib_shutdown_cpp_2                  0x000001f5   Thumb Code     0  libshutdown2.o(.ARM.Collect$$libshutdown$$00000002)
    __rt_entry_li                            0x000001fb   Thumb Code     0  __rtentry2.o(.ARM.Collect$$rtentry$$0000000A)
    __rt_entry_postsh_1                      0x000001fb   Thumb Code     0  __rtentry2.o(.ARM.Collect$$rtentry$$00000009)
    __rt_entry_main                          0x000001ff   Thumb Code     0  __rtentry2.o(.ARM.Collect$$rtentry$$0000000D)
    __rt_entry_postli_1                      0x000001ff   Thumb Code     0  __rtentry2.o(.ARM.Collect$$rtentry$$0000000C)
    _maybe_terminate_alloc                   0x00000209   Thumb Code     0  maybetermalloc1.o(.emb_text)
    _nrk_spin_wait_1us                       0x00000209   Thumb Code     0  my_asm.o(.text)
    nrk_start_high_ready_task                0x00000217   Thumb Code     0  my_asm.o(.text)
    _swap                                    0x00000231   Thumb Code     0  my_asm.o(.text)
    PendSV_Handler                           0x0000023b   Thumb Code     0  my_asm.o(.text)
    Switch                                   0x00000255   Thumb Code     0  my_asm.o(.text)
    Reset_Handler                            0x00000281   Thumb Code     8  startup_LPC17xx.o(.text)
    NMI_Handler                              0x00000289   Thumb Code     2  startup_LPC17xx.o(.text)
    HardFault_Handler                        0x0000028b   Thumb Code     2  startup_LPC17xx.o(.text)
    MemManage_Handler                        0x0000028d   Thumb Code     2  startup_LPC17xx.o(.text)
    BusFault_Handler                         0x0000028f   Thumb Code     2  startup_LPC17xx.o(.text)
    UsageFault_Handler                       0x00000291   Thumb Code     2  startup_LPC17xx.o(.text)
    SVC_Handler                              0x00000293   Thumb Code     2  startup_LPC17xx.o(.text)
    DebugMon_Handler                         0x00000295   Thumb Code     2  startup_LPC17xx.o(.text)
    SysTick_Handler                          0x00000299   Thumb Code     2  startup_LPC17xx.o(.text)
    ADC_IRQHandler                           0x0000029b   Thumb Code     0  startup_LPC17xx.o(.text)
    BOD_IRQHandler                           0x0000029b   Thumb Code     0  startup_LPC17xx.o(.text)
    CAN_IRQHandler                           0x0000029b   Thumb Code     0  startup_LPC17xx.o(.text)
    DMA_IRQHandler                           0x0000029b   Thumb Code     0  startup_LPC17xx.o(.text)
    EINT0_IRQHandler                         0x0000029b   Thumb Code     0  startup_LPC17xx.o(.text)
    EINT1_IRQHandler                         0x0000029b   Thumb Code     0  startup_LPC17xx.o(.text)
    EINT2_IRQHandler                         0x0000029b   Thumb Code     0  startup_LPC17xx.o(.text)
    EINT3_IRQHandler                         0x0000029b   Thumb Code     0  startup_LPC17xx.o(.text)
    ENET_IRQHandler                          0x0000029b   Thumb Code     0  startup_LPC17xx.o(.text)
    I2C0_IRQHandler                          0x0000029b   Thumb Code     0  startup_LPC17xx.o(.text)
    I2C1_IRQHandler                          0x0000029b   Thumb Code     0  startup_LPC17xx.o(.text)
    I2C2_IRQHandler                          0x0000029b   Thumb Code     0  startup_LPC17xx.o(.text)
    I2S_IRQHandler                           0x0000029b   Thumb Code     0  startup_LPC17xx.o(.text)
    MCPWM_IRQHandler                         0x0000029b   Thumb Code     0  startup_LPC17xx.o(.text)
    PLL0_IRQHandler                          0x0000029b   Thumb Code     0  startup_LPC17xx.o(.text)
    PLL1_IRQHandler                          0x0000029b   Thumb Code     0  startup_LPC17xx.o(.text)
    PWM1_IRQHandler                          0x0000029b   Thumb Code     0  startup_LPC17xx.o(.text)
    QEI_IRQHandler                           0x0000029b   Thumb Code     0  startup_LPC17xx.o(.text)
    RIT_IRQHandler                           0x0000029b   Thumb Code     0  startup_LPC17xx.o(.text)
    RTC_IRQHandler                           0x0000029b   Thumb Code     0  startup_LPC17xx.o(.text)
    SPI_IRQHandler                           0x0000029b   Thumb Code     0  startup_LPC17xx.o(.text)
    SSP0_IRQHandler                          0x0000029b   Thumb Code     0  startup_LPC17xx.o(.text)
    SSP1_IRQHandler                          0x0000029b   Thumb Code     0  startup_LPC17xx.o(.text)
    TIMER2_IRQHandler                        0x0000029b   Thumb Code     0  startup_LPC17xx.o(.text)
    TIMER3_IRQHandler                        0x0000029b   Thumb Code     0  startup_LPC17xx.o(.text)
    UART0_IRQHandler                         0x0000029b   Thumb Code     0  startup_LPC17xx.o(.text)
    UART1_IRQHandler                         0x0000029b   Thumb Code     0  startup_LPC17xx.o(.text)
    UART2_IRQHandler                         0x0000029b   Thumb Code     0  startup_LPC17xx.o(.text)
    UART3_IRQHandler                         0x0000029b   Thumb Code     0  startup_LPC17xx.o(.text)
    USB_IRQHandler                           0x0000029b   Thumb Code     0  startup_LPC17xx.o(.text)
    WDT_IRQHandler                           0x0000029b   Thumb Code     0  startup_LPC17xx.o(.text)
    sprintf                                  0x000002a5   Thumb Code    38  sprintf.o(.text)
    __cpp_initialize__aeabi_                 0x000002d1   Thumb Code    26  init_aeabi.o(.text)
    __rt_ddtor_pointer_addr                  0x000002f5   Thumb Code     8  rt_ddtor_pointer_addr.o(.text)
    __aeabi_uldivmod                         0x00000301   Thumb Code     0  lludivv7m.o(.text)
    _ll_udiv                                 0x00000301   Thumb Code   238  lludivv7m.o(.text)
    _printf_int_dec                          0x000003f1   Thumb Code   104  _printf_dec.o(.text)
    _printf_longlong_hex                     0x00000469   Thumb Code    86  _printf_hex_int_ll_ptr.o(.text)
    _printf_int_hex                          0x000004bf   Thumb Code    28  _printf_hex_int_ll_ptr.o(.text)
    _printf_ll_hex                           0x000004db   Thumb Code    12  _printf_hex_int_ll_ptr.o(.text)
    _printf_hex_ptr                          0x000004e7   Thumb Code    18  _printf_hex_int_ll_ptr.o(.text)
    __printf                                 0x000004fd   Thumb Code   388  __printf_flags_ss_wp.o(.text)
    __aeabi_atexit                           0x00000685   Thumb Code    46  aeabi_atexit.o(.text)
    strcmp                                   0x000006b5   Thumb Code   128  strcmpv7m.o(.text)
    __rt_ctype_table                         0x00000735   Thumb Code    16  rt_ctype_table.o(.text)
    malloc                                   0x00000745   Thumb Code    94  h1_alloc.o(.text)
    free                                     0x000007a3   Thumb Code    78  h1_free.o(.text)
    _printf_pre_padding                      0x000007f1   Thumb Code    44  _printf_pad.o(.text)
    _printf_post_padding                     0x0000081d   Thumb Code    34  _printf_pad.o(.text)
    _printf_truncate_signed                  0x0000083f   Thumb Code    18  _printf_truncate.o(.text)
    _printf_truncate_unsigned                0x00000851   Thumb Code    18  _printf_truncate.o(.text)
    _printf_str                              0x00000863   Thumb Code    82  _printf_str.o(.text)
    _printf_int_common                       0x000008b5   Thumb Code   178  _printf_intcommon.o(.text)
    _printf_charcount                        0x00000967   Thumb Code    40  _printf_charcount.o(.text)
    _printf_char_common                      0x0000099b   Thumb Code    32  _printf_char_common.o(.text)
    _sputc                                   0x000009c1   Thumb Code    10  _sputc.o(.text)
    _printf_wctomb                           0x000009cd   Thumb Code   182  _printf_wctomb.o(.text)
    _printf_longlong_dec                     0x00000a89   Thumb Code   108  _printf_longlong_dec.o(.text)
    _printf_longlong_oct                     0x00000b05   Thumb Code    68  _printf_oct_int_ll.o(.text)
    _printf_int_oct                          0x00000b49   Thumb Code    24  _printf_oct_int_ll.o(.text)
    _printf_ll_oct                           0x00000b61   Thumb Code    12  _printf_oct_int_ll.o(.text)
    __cxa_finalize                           0x00000b75   Thumb Code    66  cxa_finalize.o(.text)
    _ttywrch                                 0x00000bb7   Thumb Code    14  sys_wrch.o(.text)
    _sys_exit                                0x00000bc5   Thumb Code     8  sys_exit.o(.text)
    __rt_heap_descriptor                     0x00000bd1   Thumb Code     8  rt_heap_descriptor.o(.text)
    __rt_locale                              0x00000bd9   Thumb Code     8  rt_locale.o(.text)
    __use_no_heap                            0x00000be1   Thumb Code     2  hguard.o(.text)
    __heap$guard                             0x00000be3   Thumb Code     2  hguard.o(.text)
    _terminate_user_alloc                    0x00000be5   Thumb Code     2  init_alloc.o(.text)
    _init_user_alloc                         0x00000be7   Thumb Code     2  init_alloc.o(.text)
    __Heap_Full                              0x00000be9   Thumb Code    34  init_alloc.o(.text)
    __Heap_Broken                            0x00000c0b   Thumb Code     6  init_alloc.o(.text)
    _init_alloc                              0x00000c11   Thumb Code    94  init_alloc.o(.text)
    __Heap_Initialize                        0x00000c6f   Thumb Code    10  h1_init.o(.text)
    __Heap_DescSize                          0x00000c79   Thumb Code     4  h1_init.o(.text)
    _ll_udiv10                               0x00000c7d   Thumb Code   138  lludiv10.o(.text)
    __lib_sel_fp_printf                      0x00000d07   Thumb Code     2  _printf_fp_dec.o(.text)
    _printf_fp_dec_real                      0x00000eb5   Thumb Code   620  _printf_fp_dec.o(.text)
    _printf_fp_hex_real                      0x00001121   Thumb Code   756  _printf_fp_hex.o(.text)
    _printf_cs_common                        0x0000141d   Thumb Code    20  _printf_char.o(.text)
    _printf_char                             0x00001431   Thumb Code    16  _printf_char.o(.text)
    _printf_string                           0x00001441   Thumb Code     8  _printf_char.o(.text)
    _printf_lcs_common                       0x00001449   Thumb Code    20  _printf_wchar.o(.text)
    _printf_wchar                            0x0000145d   Thumb Code    16  _printf_wchar.o(.text)
    _printf_wstring                          0x0000146d   Thumb Code     8  _printf_wchar.o(.text)
    _wcrtomb                                 0x00001475   Thumb Code    64  _wcrtomb.o(.text)
    __sig_exit                               0x000014b5   Thumb Code    10  defsig_exit.o(.text)
    __I$use$semihosting                      0x000014bf   Thumb Code     0  use_no_semi.o(.text)
    __use_no_semihosting_swi                 0x000014bf   Thumb Code     2  use_no_semi.o(.text)
    __Heap_ProvideMemory                     0x000014c1   Thumb Code    52  h1_extend.o(.text)
    __semihosting_library_function           0x000014c1   Thumb Code     0  indicate_semi.o(.text)
    _printf_fp_infnan                        0x000014f5   Thumb Code   112  _printf_fp_infnan.o(.text)
    _btod_etento                             0x00001575   Thumb Code   216  bigflt0.o(.text)
    __default_signal_display                 0x00001651   Thumb Code    50  defsig_general.o(.text)
    __rt_SIGRTMEM                            0x00001683   Thumb Code    14  defsig_rtmem_outer.o(.text)
    __rt_heap_escrow                         0x00001691   Thumb Code    22  heapauxa.o(.text)
    __rt_heap_expand                         0x000016a7   Thumb Code    52  heapauxa.o(.text)
    __rt_SIGRTMEM_inner                      0x000016e1   Thumb Code    22  defsig_rtmem_inner.o(.text)
    _btod_d2e                                0x00001731   Thumb Code    62  btod.o(CL$$btod_d2e)
    _d2e_denorm_low                          0x0000176f   Thumb Code    70  btod.o(CL$$btod_d2e_denorm_low)
    _d2e_norm_op1                            0x000017b5   Thumb Code    96  btod.o(CL$$btod_d2e_norm_op1)
    __btod_div_common                        0x00001815   Thumb Code   696  btod.o(CL$$btod_div_common)
    _e2e                                     0x00001b4d   Thumb Code   198  btod.o(CL$$btod_e2e)
    _btod_ediv                               0x00001c13   Thumb Code    40  btod.o(CL$$btod_ediv)
    _btod_emul                               0x00001c3b   Thumb Code    40  btod.o(CL$$btod_emul)
    __btod_mult_common                       0x00001c63   Thumb Code   580  btod.o(CL$$btod_mult_common)
    SystemInit                               0x00001ea9   Thumb Code   110  system_LPC17xx.o(i.SystemInit)
    TIMER0_IRQHandler                        0x00001f21   Thumb Code    52  nrk_timer.o(i.TIMER0_IRQHandler)
    TIMER1_IRQHandler                        0x00001f55   Thumb Code    24  nrk_timer.o(i.TIMER1_IRQHandler)
    GPIO_SetDir(unsigned char, unsigned, unsigned char) 0x00001f71   Thumb Code    48  ulib.o(i._Z11GPIO_SetDirhjh)
    set_PinFunc(unsigned char, unsigned char, unsigned char) 0x00001fa1   Thumb Code    60  ulib.o(i._Z11set_PinFunchhh)
    nrk_TCB_init(task_type*, unsigned*, unsigned*, unsigned short, void*, unsigned short) 0x00001fe1   Thumb Code   480  nrk.o(i._Z12nrk_TCB_initP9task_typePjS1_tPvt)
    setupSPIPins()                           0x000021c9   Thumb Code    74  ulib.o(i._Z12setupSPIPinsv)
    nrk_error_add(unsigned char)             0x00002215   Thumb Code    16  nrk_error.o(i._Z13nrk_error_addh)
    nrk_idle_task()                          0x00002231   Thumb Code    30  nrk_idle_task.o(i._Z13nrk_idle_taskv)
    _nrk_scheduler()                         0x0000226d   Thumb Code  1578  nrk_scheduler.o(i._Z14_nrk_schedulerv)
    nrk_int_enable()                         0x000028b9   Thumb Code     4  nrk.o(i._Z14nrk_int_enablev)
    setup_uartPins()                         0x000028bd   Thumb Code    74  ulib.o(i._Z14setup_uartPinsv)
    GPIO_ClearValue(unsigned char, unsigned) 0x00002907   Thumb Code    24  ulib.o(i._Z15GPIO_ClearValuehj)
    nrk_int_disable()                        0x00002959   Thumb Code     4  nrk.o(i._Z15nrk_int_disablev)
    nrk_setup_ports()                        0x0000295d   Thumb Code     8  ulib.o(i._Z15nrk_setup_portsv)
    PINSEL_ConfigPin(PINSEL_CFG_Type*)       0x00002965   Thumb Code    36  ulib.o(i._Z16PINSEL_ConfigPinP15PINSEL_CFG_Type)
    _nrk_setup_timer()                       0x00002989   Thumb Code   174  nrk_timer.o(i._Z16_nrk_setup_timerv)
    nrk_target_start()                       0x00002a49   Thumb Code    10  nrk_cpu.o(i._Z16nrk_target_startv)
    nrk_task_set_stk(task_type*, unsigned*, unsigned short) 0x00002a53   Thumb Code    30  nrk_cpu.o(i._Z16nrk_task_set_stkP9task_typePjt)
    set_ResistorMode(unsigned char, unsigned char, unsigned char) 0x00002a71   Thumb Code    60  ulib.o(i._Z16set_ResistorModehhh)
    _nrk_os_timer_get()                      0x00002ab1   Thumb Code    10  nrk_timer.o(i._Z17_nrk_os_timer_getv)
    nrk_activate_task(task_type*)            0x00002abd   Thumb Code   152  nrk_task.o(i._Z17nrk_activate_taskP9task_type)
    nrk_add_to_readyQ(signed char)           0x00002b59   Thumb Code   302  nrk_task.o(i._Z17nrk_add_to_readyQa)
    nrk_task_stk_init(void(*)(), unsigned*, unsigned*) 0x00002c95   Thumb Code   164  nrk_cpu.o(i._Z17nrk_task_stk_initPFvvEPjS1_)
    set_OpenDrainMode(unsigned char, unsigned char, unsigned char) 0x00002d39   Thumb Code    42  ulib.o(i._Z17set_OpenDrainModehhh)
    _nrk_time_to_ticks(nrk_time_t*)          0x00002d69   Thumb Code    84  nrk_time.o(i._Z18_nrk_time_to_ticksP10nrk_time_t)
    nrk_create_taskset()                     0x00002dc5   Thumb Code   144  main.o(i._Z18nrk_create_tasksetv)
    _nrk_os_timer_reset()                    0x00002e75   Thumb Code    12  nrk_timer.o(i._Z19_nrk_os_timer_resetv)
    _nrk_os_timer_start()                    0x00002e89   Thumb Code    18  nrk_timer.o(i._Z19_nrk_os_timer_startv)
    nrk_rem_from_readyQ(signed char)         0x00002e9d   Thumb Code   120  nrk_task.o(i._Z19nrk_rem_from_readyQa)
    _nrk_get_next_wakeup()                   0x00002f1d   Thumb Code    10  nrk_timer.o(i._Z20_nrk_get_next_wakeupv)
    _nrk_set_next_wakeup(unsigned char)      0x00002f27   Thumb Code     8  nrk_timer.o(i._Z20_nrk_set_next_wakeuph)
    nrk_kernel_error_add(unsigned char, unsigned char) 0x00002f31   Thumb Code    10  nrk_error.o(i._Z20nrk_kernel_error_addhh)
    nrk_stack_pointer_init()                 0x00002f45   Thumb Code   172  nrk_cpu.o(i._Z22nrk_stack_pointer_initv)
    _nrk_wait_for_scheduler()                0x00002ffd   Thumb Code    16  nrk_task.o(i._Z23_nrk_wait_for_schedulerv)
    _nrk_high_speed_timer_get()              0x00003011   Thumb Code    16  nrk_timer.o(i._Z25_nrk_high_speed_timer_getv)
    nrk_high_speed_timer_wait(unsigned short, unsigned short) 0x00003025   Thumb Code    52  nrk_timer.o(i._Z25nrk_high_speed_timer_waittt)
    nrk_stack_pointer_restore()              0x00003059   Thumb Code   158  nrk_cpu.o(i._Z25nrk_stack_pointer_restorev)
    nrk_get_high_ready_task_ID()             0x00003105   Thumb Code     8  nrk_task.o(i._Z26nrk_get_high_ready_task_IDv)
    nrk_wait_until_next_period()             0x00003111   Thumb Code    66  nrk_task.o(i._Z26nrk_wait_until_next_periodv)
    _nrk_high_speed_timer_reset()            0x0000315d   Thumb Code    24  nrk_timer.o(i._Z27_nrk_high_speed_timer_resetv)
    nrk_task_set_entry_function(task_type*, void(*)()) 0x00003179   Thumb Code     4  nrk_cpu.o(i._Z27nrk_task_set_entry_functionP9task_typePFvvE)
    Task1()                                  0x0000317d   Thumb Code    66  main.o(i._Z5Task1v)
    Task2()                                  0x000031c5   Thumb Code    52  main.o(i._Z5Task2v)
    initLED()                                0x000031fd   Thumb Code   160  ulib.o(i._Z7initLEDv)
    nrk_init()                               0x000032a1   Thumb Code   224  nrk.o(i._Z8nrk_initv)
    PORT_INIT()                              0x000033a9   Thumb Code    20  ulib.o(i._Z9PORT_INITv)
    initDEBUG()                              0x000033bd   Thumb Code   160  ulib.o(i._Z9initDEBUGv)
    nrk_start()                              0x00003461   Thumb Code   172  nrk.o(i._Z9nrk_startv)
    mbed::DigitalOut::DigitalOut(PinName, const char*) 0x00003525   Thumb Code    28  DigitalOut.cpp.lpc1768.arm.o(i._ZN4mbed10DigitalOutC1E7PinNamePKc)
    mbed::DigitalOut::DigitalOut__sub_object(PinName, const char*) 0x00003525   Thumb Code     0  DigitalOut.cpp.lpc1768.arm.o(i._ZN4mbed10DigitalOutC1E7PinNamePKc)
    mbed::DigitalOut::~DigitalOut__deallocating() 0x00003545   Thumb Code    14  DigitalOut.cpp.lpc1768.arm.o(i._ZN4mbed10DigitalOutD0Ev)
    mbed::DigitalOut::~DigitalOut()          0x00003553   Thumb Code     4  DigitalOut.cpp.lpc1768.arm.o(i._ZN4mbed10DigitalOutD1Ev)
    mbed::DigitalOut::~DigitalOut__sub_object() 0x00003553   Thumb Code     0  DigitalOut.cpp.lpc1768.arm.o(i._ZN4mbed10DigitalOutD1Ev)
    mbed::DigitalOut::operator =(int)        0x00003557   Thumb Code    14  DigitalOut.cpp.lpc1768.arm.o(i._ZN4mbed10DigitalOutaSEi)
    mbed::DigitalOut::operator int()         0x00003565   Thumb Code     6  DigitalOut.cpp.lpc1768.arm.o(i._ZN4mbed10DigitalOutcviEv)
    mbed::Base::clear(const char*, char*)    0x0000356d   Thumb Code    42  Base.cpp.lpc1768.arm.o(i._ZN4mbed4Base5clearEPKcPc)
    mbed::Base::list_objs(const char*, char*) 0x0000359d   Thumb Code    56  Base.cpp.lpc1768.arm.o(i._ZN4mbed4Base9list_objsEPKcPc)
    mbed::Base::Base(const char*)            0x000035dd   Thumb Code    28  Base.cpp.lpc1768.arm.o(i._ZN4mbed4BaseC1EPKc)
    mbed::Base::Base__sub_object(const char*) 0x000035dd   Thumb Code     0  Base.cpp.lpc1768.arm.o(i._ZN4mbed4BaseC1EPKc)
    mbed::Base::~Base__deallocating()        0x00003601   Thumb Code    44  Base.cpp.lpc1768.arm.o(i._ZN4mbed4BaseD0Ev)
    mbed::Base::~Base()                      0x00003635   Thumb Code    46  Base.cpp.lpc1768.arm.o(i._ZN4mbed4BaseD1Ev)
    mbed::Base::~Base__sub_object()          0x00003635   Thumb Code     0  Base.cpp.lpc1768.arm.o(i._ZN4mbed4BaseD1Ev)
    operator delete[] (void*)                0x0000366d   Thumb Code     8  array_del.o(i._ZdaPv)
    operator delete (void*)                  0x00003675   Thumb Code     8  delete.o(i._ZdlPv)
    __ARM_fpclassify                         0x0000367d   Thumb Code    40  fpclassify.o(i.__ARM_fpclassify)
    __user_setup_stackheap                   0x0000371d   Thumb Code     8  stackheap.o(i.__user_setup_stackheap)
    _is_digit                                0x00003729   Thumb Code    14  __printf_wp.o(i._is_digit)
    _nrk_timer_tick                          0x00003737   Thumb Code     8  nrk.o(i._nrk_timer_tick)
    exit                                     0x0000373f   Thumb Code    22  exit.c.lpc1768.arm.o(i.exit)
    gpio_output                              0x00003755   Thumb Code    48  gpio_api.c.lpc1768.arm.o(i.gpio_output)
    gpio_read                                0x00003785   Thumb Code    24  gpio_api.c.lpc1768.arm.o(i.gpio_read)
    gpio_write                               0x0000379d   Thumb Code    24  gpio_api.c.lpc1768.arm.o(i.gpio_write)
    main                                     0x000037b5   Thumb Code    22  main.o(i.main)
    mbed_die                                 0x000037cd   Thumb Code   114  utils_api.c.lpc1768.arm.o(i.mbed_die)
    pin_function                             0x00003845   Thumb Code    52  pinmap.c.lpc1768.arm.o(i.pin_function)
    pin_mode                                 0x0000387d   Thumb Code    52  pinmap.c.lpc1768.arm.o(i.pin_mode)
    semihost_exit                            0x000038b5   Thumb Code    12  semihost_api.c.lpc1768.arm.o(i.semihost_exit)
    timer_frequency                          0x000038c1   Thumb Code    16  timer_api.c.lpc1768.arm.o(i.timer_frequency)
    timer_init                               0x000038d5   Thumb Code   100  timer_api.c.lpc1768.arm.o(i.timer_init)
    timer_read                               0x00003945   Thumb Code     4  timer_api.c.lpc1768.arm.o(i.timer_read)
    timer_start                              0x00003949   Thumb Code    12  timer_api.c.lpc1768.arm.o(i.timer_start)
    us_ticker_read                           0x00003955   Thumb Code    44  us_ticker_api.c.lpc1768.arm.o(i.us_ticker_read)
    wait_ms                                  0x0000398d   Thumb Code    28  wait_api.c.lpc1768.arm.o(i.wait_ms)
    _get_lc_ctype                            0x000039a9   Thumb Code    44  lc_ctype_c.o(locale$$code)
    _get_lc_numeric                          0x000039d5   Thumb Code    44  lc_numeric_c.o(locale$$code)
    _printf_fp_dec                           0x00003a01   Thumb Code     4  printf1.o(x$fpl$printf1)
    _printf_fp_hex                           0x00003a05   Thumb Code     4  printf2.o(x$fpl$printf2)
    mbed::Base::_base_funcs                  0x00003a08   Data          24  Base.cpp.lpc1768.arm.o(.constdata)
    __I$use$fp                               0x00003a08   Number         0  usenofp.o(x$fpl$usenofp)
    vtable for mbed::DigitalOut              0x00003b20   Data          24  DigitalOut.cpp.lpc1768.arm.o(.constdata__ZTVN4mbed10DigitalOutE)
    vtable for mbed::Base                    0x00003b38   Data          24  Base.cpp.lpc1768.arm.o(.constdata__ZTVN4mbed4BaseE)
    Region$$Table$$Base                      0x00003b64   Number         0  anon$$obj.o(Region$$Table)
    Region$$Table$$Limit                     0x00003b84   Number         0  anon$$obj.o(Region$$Table)
    __ctype                                  0x00003b91   Data           0  lc_ctype_c.o(locale$$data)
    SHT$$INIT_ARRAY$$Base                    0x00003cb0   Number         0  main.o(.init_array)
    SHT$$INIT_ARRAY$$Limit                   0x00003cb4   Number         0  init_aeabi.o(.init_array)
    _nrk_prev_timer_val                      0x100000c4   Data           1  nrk_timer.o(.data)
    _nrk_time_trigger                        0x100000c5   Data           1  nrk_timer.o(.data)
    nrk_kernel_stk_ptr                       0x100000c8   Data           4  nrk.o(.data)
    nrk_wakeup_signal                        0x100000cc   Data           1  nrk.o(.data)
    _free_node                               0x100000d0   Data           4  nrk.o(.data)
    _head_node                               0x100000d4   Data           4  nrk.o(.data)
    nrk_cur_task_prio                        0x100000d8   Data           1  nrk.o(.data)
    nrk_cur_task_TCB                         0x100000dc   Data           4  nrk.o(.data)
    nrk_high_ready_prio                      0x100000e0   Data           1  nrk.o(.data)
    nrk_high_ready_TCB                       0x100000e4   Data           4  nrk.o(.data)
    _nrk_resource_cnt                        0x100000e8   Data           1  nrk.o(.data)
    nrk_sem_list                             0x100000e9   Data           6  nrk.o(.data)
    nrk_system_time                          0x100000f0   Data           8  nrk.o(.data)
    nrk_task_init_cnt                        0x100000f8   Data           1  nrk.o(.data)
    error_task                               0x100000f9   Data           1  nrk_error.o(.data)
    error_num                                0x100000fa   Data           1  nrk_error.o(.data)
    _nrk_cpu_state                           0x100000fc   Data           1  nrk_scheduler.o(.data)
    task_addr                                0x10000100   Data           4  nrk_scheduler.o(.data)
    t                                        0x10000104   Data           1  nrk_scheduler.o(.data)
    SystemCoreClock                          0x10000108   Data           4  system_LPC17xx.o(.data)
    mbed::Base::_head                        0x1000010c   Data           4  Base.cpp.lpc1768.arm.o(.data)
    mbed::Base::_classes                     0x10000110   Data           4  Base.cpp.lpc1768.arm.o(.data)
    mbed::Base::_base_class                  0x10000114   Data          12  Base.cpp.lpc1768.arm.o(.data)
    Stack1                                   0x10000128   Data         512  main.o(.bss)
    Stack2                                   0x10000328   Data         512  main.o(.bss)
    Stack3                                   0x10000528   Data         512  main.o(.bss)
    Stack4                                   0x10000728   Data         512  main.o(.bss)
    TaskOne                                  0x10000928   Data          44  main.o(.bss)
    TaskTwo                                  0x10000954   Data          44  main.o(.bss)
    led1                                     0x10000980   Data          20  main.o(.bss)
    led2                                     0x10000994   Data          20  main.o(.bss)
    led3                                     0x100009a8   Data          20  main.o(.bss)
    led4                                     0x100009bc   Data          20  main.o(.bss)
    nrk_kernel_stk                           0x100009d0   Data         128  nrk.o(.bss)
    nrk_idle_task_stk                        0x10000a50   Data         128  nrk.o(.bss)
    nrk_task_TCB                             0x10000ad0   Data         440  nrk.o(.bss)
    _nrk_readyQ                              0x10000c88   Data         132  nrk.o(.bss)
    Image$$RW_IRAM1$$ZI$$Limit               0x10000d28   Number         0  anon$$obj.o ABSOLUTE



==============================================================================

Memory Map of the image

  Image Entry point : 0x000000c5

  Load Region LR_IROM1 (Base: 0x00000000, Size: 0x00003ddc, Max: 0x00080000, ABSOLUTE)

    Execution Region ER_IROM1 (Base: 0x00000000, Size: 0x00003cb4, Max: 0x00080000, ABSOLUTE)

    Base Addr    Size         Type   Attr      Idx    E Section Name        Object

    0x00000000   0x000000c4   Data   RO         1851    RESET               startup_LPC17xx.o
    0x000000c4   0x00000008   Code   RO         2302  * !!!main             c_w.l(__main.o)
    0x000000cc   0x00000034   Code   RO         3195    !!!scatter          c_w.l(__scatter.o)
    0x00000100   0x0000001a   Code   RO         3197    !!handler_copy      c_w.l(__scatter_copy.o)
    0x0000011a   0x00000002   PAD
    0x0000011c   0x0000001c   Code   RO         3199    !!handler_zi        c_w.l(__scatter_zi.o)
    0x00000138   0x00000000   Code   RO         2266    .ARM.Collect$$_printf_percent$$00000000  c_w.l(_printf_percent.o)
    0x00000138   0x00000006   Code   RO         2621    .ARM.Collect$$_printf_percent$$00000001  c_w.l(_printf_n.o)
    0x0000013e   0x00000006   Code   RO         2622    .ARM.Collect$$_printf_percent$$00000002  c_w.l(_printf_p.o)
    0x00000144   0x00000006   Code   RO         2626    .ARM.Collect$$_printf_percent$$00000003  c_w.l(_printf_f.o)
    0x0000014a   0x00000006   Code   RO         2627    .ARM.Collect$$_printf_percent$$00000004  c_w.l(_printf_e.o)
    0x00000150   0x00000006   Code   RO         2628    .ARM.Collect$$_printf_percent$$00000005  c_w.l(_printf_g.o)
    0x00000156   0x00000006   Code   RO         2629    .ARM.Collect$$_printf_percent$$00000006  c_w.l(_printf_a.o)
    0x0000015c   0x0000000a   Code   RO         2634    .ARM.Collect$$_printf_percent$$00000007  c_w.l(_printf_ll.o)
    0x00000166   0x00000006   Code   RO         2624    .ARM.Collect$$_printf_percent$$00000008  c_w.l(_printf_i.o)
    0x0000016c   0x00000006   Code   RO         2265    .ARM.Collect$$_printf_percent$$00000009  c_w.l(_printf_d.o)
    0x00000172   0x00000006   Code   RO         2625    .ARM.Collect$$_printf_percent$$0000000A  c_w.l(_printf_u.o)
    0x00000178   0x00000006   Code   RO         2623    .ARM.Collect$$_printf_percent$$0000000B  c_w.l(_printf_o.o)
    0x0000017e   0x00000006   Code   RO         2264    .ARM.Collect$$_printf_percent$$0000000C  c_w.l(_printf_x.o)
    0x00000184   0x00000006   Code   RO         2631    .ARM.Collect$$_printf_percent$$0000000D  c_w.l(_printf_lli.o)
    0x0000018a   0x00000006   Code   RO         2632    .ARM.Collect$$_printf_percent$$0000000E  c_w.l(_printf_lld.o)
    0x00000190   0x00000006   Code   RO         2633    .ARM.Collect$$_printf_percent$$0000000F  c_w.l(_printf_llu.o)
    0x00000196   0x00000006   Code   RO         2638    .ARM.Collect$$_printf_percent$$00000010  c_w.l(_printf_llo.o)
    0x0000019c   0x00000006   Code   RO         2639    .ARM.Collect$$_printf_percent$$00000011  c_w.l(_printf_llx.o)
    0x000001a2   0x0000000a   Code   RO         2635    .ARM.Collect$$_printf_percent$$00000012  c_w.l(_printf_l.o)
    0x000001ac   0x00000006   Code   RO         2619    .ARM.Collect$$_printf_percent$$00000013  c_w.l(_printf_c.o)
    0x000001b2   0x00000006   Code   RO         2620    .ARM.Collect$$_printf_percent$$00000014  c_w.l(_printf_s.o)
    0x000001b8   0x00000006   Code   RO         2636    .ARM.Collect$$_printf_percent$$00000015  c_w.l(_printf_lc.o)
    0x000001be   0x00000006   Code   RO         2637    .ARM.Collect$$_printf_percent$$00000016  c_w.l(_printf_ls.o)
    0x000001c4   0x00000004   Code   RO         2630    .ARM.Collect$$_printf_percent$$00000017  c_w.l(_printf_percent_end.o)
    0x000001c8   0x00000002   Code   RO         3066    .ARM.Collect$$libinit$$00000000  c_w.l(libinit.o)
    0x000001ca   0x00000000   Code   RO         2682    .ARM.Collect$$libinit$$00000002  c_w.l(libinit2.o)
    0x000001ca   0x00000000   Code   RO         2684    .ARM.Collect$$libinit$$00000004  c_w.l(libinit2.o)
    0x000001ca   0x00000008   Code   RO         2685    .ARM.Collect$$libinit$$00000005  c_w.l(libinit2.o)
    0x000001d2   0x00000000   Code   RO         2687    .ARM.Collect$$libinit$$0000000A  c_w.l(libinit2.o)
    0x000001d2   0x00000000   Code   RO         2689    .ARM.Collect$$libinit$$0000000C  c_w.l(libinit2.o)
    0x000001d2   0x00000000   Code   RO         2691    .ARM.Collect$$libinit$$0000000E  c_w.l(libinit2.o)
    0x000001d2   0x00000006   Code   RO         2692    .ARM.Collect$$libinit$$0000000F  c_w.l(libinit2.o)
    0x000001d8   0x00000000   Code   RO         2694    .ARM.Collect$$libinit$$00000011  c_w.l(libinit2.o)
    0x000001d8   0x0000000c   Code   RO         2695    .ARM.Collect$$libinit$$00000012  c_w.l(libinit2.o)
    0x000001e4   0x00000000   Code   RO         2696    .ARM.Collect$$libinit$$00000013  c_w.l(libinit2.o)
    0x000001e4   0x00000000   Code   RO         2698    .ARM.Collect$$libinit$$00000015  c_w.l(libinit2.o)
    0x000001e4   0x0000000a   Code   RO         2699    .ARM.Collect$$libinit$$00000016  c_w.l(libinit2.o)
    0x000001ee   0x00000000   Code   RO         2700    .ARM.Collect$$libinit$$00000017  c_w.l(libinit2.o)
    0x000001ee   0x00000000   Code   RO         2702    .ARM.Collect$$libinit$$00000019  c_w.l(libinit2.o)
    0x000001ee   0x00000000   Code   RO         2704    .ARM.Collect$$libinit$$0000001B  c_w.l(libinit2.o)
    0x000001ee   0x00000000   Code   RO         2706    .ARM.Collect$$libinit$$0000001D  c_w.l(libinit2.o)
    0x000001ee   0x00000000   Code   RO         2708    .ARM.Collect$$libinit$$0000001F  c_w.l(libinit2.o)
    0x000001ee   0x00000000   Code   RO         2710    .ARM.Collect$$libinit$$00000021  c_w.l(libinit2.o)
    0x000001ee   0x00000000   Code   RO         2712    .ARM.Collect$$libinit$$00000023  c_w.l(libinit2.o)
    0x000001ee   0x00000000   Code   RO         2714    .ARM.Collect$$libinit$$00000025  c_w.l(libinit2.o)
    0x000001ee   0x00000000   Code   RO         2718    .ARM.Collect$$libinit$$0000002C  c_w.l(libinit2.o)
    0x000001ee   0x00000000   Code   RO         2720    .ARM.Collect$$libinit$$0000002E  c_w.l(libinit2.o)
    0x000001ee   0x00000000   Code   RO         2722    .ARM.Collect$$libinit$$00000030  c_w.l(libinit2.o)
    0x000001ee   0x00000004   Code   RO         2723    .ARM.Collect$$libinit$$00000031  c_w.l(libinit2.o)
    0x000001f2   0x00000000   Code   RO         2724    .ARM.Collect$$libinit$$00000032  c_w.l(libinit2.o)
    0x000001f2   0x00000002   Code   RO         2725    .ARM.Collect$$libinit$$00000033  c_w.l(libinit2.o)
    0x000001f4   0x00000000   Code   RO         2925    .ARM.Collect$$libshutdown$$00000002  c_w.l(libshutdown2.o)
    0x000001f4   0x00000000   Code   RO         2506    .ARM.Collect$$rtentry$$00000000  c_w.l(__rtentry.o)
    0x000001f4   0x00000000   Code   RO         2811    .ARM.Collect$$rtentry$$00000002  c_w.l(__rtentry2.o)
    0x000001f4   0x00000006   Code   RO         2823    .ARM.Collect$$rtentry$$00000004  c_w.l(__rtentry4.o)
    0x000001fa   0x00000000   Code   RO         2813    .ARM.Collect$$rtentry$$00000009  c_w.l(__rtentry2.o)
    0x000001fa   0x00000004   Code   RO         2814    .ARM.Collect$$rtentry$$0000000A  c_w.l(__rtentry2.o)
    0x000001fe   0x00000000   Code   RO         2816    .ARM.Collect$$rtentry$$0000000C  c_w.l(__rtentry2.o)
    0x000001fe   0x00000008   Code   RO         2817    .ARM.Collect$$rtentry$$0000000D  c_w.l(__rtentry2.o)
    0x00000206   0x00000002   PAD
    0x00000208   0x00000000   Code   RO         2988    .emb_text           c_w.l(maybetermalloc1.o)
    0x00000208   0x00000078   Code   RO         1847    .text               my_asm.o
    0x00000280   0x00000024   Code   RO         1853    .text               startup_LPC17xx.o
    0x000002a4   0x0000002c   Code   RO         2209    .text               c_w.l(sprintf.o)
    0x000002d0   0x00000024   Code   RO         2307    .text               c_w.l(init_aeabi.o)
    0x000002f4   0x00000008   Code   RO         2518    .text               c_w.l(rt_ddtor_pointer_addr.o)
    0x000002fc   0x00000004   Code   RO         1852    .ARM.__at_0x02FC    startup_LPC17xx.o
    0x00000300   0x000000ee   Code   RO         2205    .text               c_w.l(lludivv7m.o)
    0x000003ee   0x00000002   PAD
    0x000003f0   0x00000078   Code   RO         2221    .text               c_w.l(_printf_dec.o)
    0x00000468   0x00000094   Code   RO         2241    .text               c_w.l(_printf_hex_int_ll_ptr.o)
    0x000004fc   0x00000188   Code   RO         2261    .text               c_w.l(__printf_flags_ss_wp.o)
    0x00000684   0x0000002e   Code   RO         2282    .text               c_w.l(aeabi_atexit.o)
    0x000006b2   0x00000002   PAD
    0x000006b4   0x00000080   Code   RO         2299    .text               c_w.l(strcmpv7m.o)
    0x00000734   0x00000010   Code   RO         2507    .text               c_w.l(rt_ctype_table.o)
    0x00000744   0x0000005e   Code   RO         2532    .text               c_w.l(h1_alloc.o)
    0x000007a2   0x0000004e   Code   RO         2534    .text               c_w.l(h1_free.o)
    0x000007f0   0x0000004e   Code   RO         2592    .text               c_w.l(_printf_pad.o)
    0x0000083e   0x00000024   Code   RO         2594    .text               c_w.l(_printf_truncate.o)
    0x00000862   0x00000052   Code   RO         2596    .text               c_w.l(_printf_str.o)
    0x000008b4   0x000000b2   Code   RO         2598    .text               c_w.l(_printf_intcommon.o)
    0x00000966   0x00000028   Code   RO         2600    .text               c_w.l(_printf_charcount.o)
    0x0000098e   0x00000002   PAD
    0x00000990   0x00000030   Code   RO         2602    .text               c_w.l(_printf_char_common.o)
    0x000009c0   0x0000000a   Code   RO         2604    .text               c_w.l(_sputc.o)
    0x000009ca   0x00000002   PAD
    0x000009cc   0x000000bc   Code   RO         2608    .text               c_w.l(_printf_wctomb.o)
    0x00000a88   0x0000007c   Code   RO         2611    .text               c_w.l(_printf_longlong_dec.o)
    0x00000b04   0x00000070   Code   RO         2617    .text               c_w.l(_printf_oct_int_ll.o)
    0x00000b74   0x00000042   Code   RO         2670    .text               c_w.l(cxa_finalize.o)
    0x00000bb6   0x0000000e   Code   RO         2801    .text               c_w.l(sys_wrch.o)
    0x00000bc4   0x0000000c   Code   RO         2803    .text               c_w.l(sys_exit.o)
    0x00000bd0   0x00000008   Code   RO         2829    .text               c_w.l(rt_heap_descriptor.o)
    0x00000bd8   0x00000008   Code   RO         2834    .text               c_w.l(rt_locale.o)
    0x00000be0   0x00000004   Code   RO         2839    .text               c_w.l(hguard.o)
    0x00000be4   0x0000008a   Code   RO         2841    .text               c_w.l(init_alloc.o)
    0x00000c6e   0x0000000e   Code   RO         2845    .text               c_w.l(h1_init.o)
    0x00000c7c   0x0000008a   Code   RO         2859    .text               c_w.l(lludiv10.o)
    0x00000d06   0x0000041a   Code   RO         2863    .text               c_w.l(_printf_fp_dec.o)
    0x00001120   0x000002fc   Code   RO         2865    .text               c_w.l(_printf_fp_hex.o)
    0x0000141c   0x0000002c   Code   RO         2870    .text               c_w.l(_printf_char.o)
    0x00001448   0x0000002c   Code   RO         2872    .text               c_w.l(_printf_wchar.o)
    0x00001474   0x00000040   Code   RO         2901    .text               c_w.l(_wcrtomb.o)
    0x000014b4   0x0000000a   Code   RO         2906    .text               c_w.l(defsig_exit.o)
    0x000014be   0x00000002   Code   RO         2978    .text               c_w.l(use_no_semi.o)
    0x000014c0   0x00000000   Code   RO         2980    .text               c_w.l(indicate_semi.o)
    0x000014c0   0x00000034   Code   RO         2990    .text               c_w.l(h1_extend.o)
    0x000014f4   0x00000080   Code   RO         2994    .text               c_w.l(_printf_fp_infnan.o)
    0x00001574   0x000000dc   Code   RO         2998    .text               c_w.l(bigflt0.o)
    0x00001650   0x00000032   Code   RO         3036    .text               c_w.l(defsig_general.o)
    0x00001682   0x0000000e   Code   RO         3046    .text               c_w.l(defsig_rtmem_outer.o)
    0x00001690   0x00000050   Code   RO         3052    .text               c_w.l(heapauxa.o)
    0x000016e0   0x00000050   Code   RO         3119    .text               c_w.l(defsig_rtmem_inner.o)
    0x00001730   0x0000003e   Code   RO         3001    CL$$btod_d2e        c_w.l(btod.o)
    0x0000176e   0x00000046   Code   RO         3003    CL$$btod_d2e_denorm_low  c_w.l(btod.o)
    0x000017b4   0x00000060   Code   RO         3002    CL$$btod_d2e_norm_op1  c_w.l(btod.o)
    0x00001814   0x00000338   Code   RO         3011    CL$$btod_div_common  c_w.l(btod.o)
    0x00001b4c   0x000000c6   Code   RO         3008    CL$$btod_e2e        c_w.l(btod.o)
    0x00001c12   0x00000028   Code   RO         3005    CL$$btod_ediv       c_w.l(btod.o)
    0x00001c3a   0x00000028   Code   RO         3004    CL$$btod_emul       c_w.l(btod.o)
    0x00001c62   0x00000244   Code   RO         3010    CL$$btod_mult_common  c_w.l(btod.o)
    0x00001ea6   0x00000002   PAD
    0x00001ea8   0x00000078   Code   RO         1856    i.SystemInit        system_LPC17xx.o
    0x00001f20   0x00000034   Code   RO          622    i.TIMER0_IRQHandler  nrk_timer.o
    0x00001f54   0x0000001c   Code   RO          623    i.TIMER1_IRQHandler  nrk_timer.o
    0x00001f70   0x00000030   Code   RO         1555    i._Z11GPIO_SetDirhjh  ulib.o
    0x00001fa0   0x00000040   Code   RO         1560    i._Z11set_PinFunchhh  ulib.o
    0x00001fe0   0x000001e8   Code   RO          837    i._Z12nrk_TCB_initP9task_typePjS1_tPvt  nrk.o
    0x000021c8   0x0000004a   Code   RO         1566    i._Z12setupSPIPinsv  ulib.o
    0x00002212   0x00000002   PAD
    0x00002214   0x0000001c   Code   RO          982    i._Z13nrk_error_addh  nrk_error.o
    0x00002230   0x00000024   Code   RO         1187    i._Z13nrk_idle_taskv  nrk_idle_task.o
    0x00002254   0x00000016   Code   RO          624    i._Z14NVIC_EnableIRQ4IRQn  nrk_timer.o
    0x0000226a   0x00000002   PAD
    0x0000226c   0x0000064c   Code   RO         1206    i._Z14_nrk_schedulerv  nrk_scheduler.o
    0x000028b8   0x00000004   Code   RO          838    i._Z14nrk_int_enablev  nrk.o
    0x000028bc   0x0000004a   Code   RO         1573    i._Z14setup_uartPinsv  ulib.o
    0x00002906   0x00000018   Code   RO         1574    i._Z15GPIO_ClearValuehj  ulib.o
    0x0000291e   0x00000002   PAD
    0x00002920   0x00000038   Code   RO         1575    i._Z15GPIO_GetPointerh  ulib.o
    0x00002958   0x00000004   Code   RO          839    i._Z15nrk_int_disablev  nrk.o
    0x0000295c   0x00000008   Code   RO         1577    i._Z15nrk_setup_portsv  ulib.o
    0x00002964   0x00000024   Code   RO         1578    i._Z16PINSEL_ConfigPinP15PINSEL_CFG_Type  ulib.o
    0x00002988   0x000000c0   Code   RO          625    i._Z16_nrk_setup_timerv  nrk_timer.o
    0x00002a48   0x0000000a   Code   RO          384    i._Z16nrk_target_startv  nrk_cpu.o
    0x00002a52   0x0000001e   Code   RO          385    i._Z16nrk_task_set_stkP9task_typePjt  nrk_cpu.o
    0x00002a70   0x00000040   Code   RO         1580    i._Z16set_ResistorModehhh  ulib.o
    0x00002ab0   0x0000000a   Code   RO          627    i._Z17_nrk_os_timer_getv  nrk_timer.o
    0x00002aba   0x00000002   PAD
    0x00002abc   0x0000009c   Code   RO         1276    i._Z17nrk_activate_taskP9task_type  nrk_task.o
    0x00002b58   0x0000013c   Code   RO         1277    i._Z17nrk_add_to_readyQa  nrk_task.o
    0x00002c94   0x000000a4   Code   RO          386    i._Z17nrk_task_stk_initPFvvEPjS1_  nrk_cpu.o
    0x00002d38   0x00000030   Code   RO         1582    i._Z17set_OpenDrainModehhh  ulib.o
    0x00002d68   0x0000005c   Code   RO         1397    i._Z18_nrk_time_to_ticksP10nrk_time_t  nrk_time.o
    0x00002dc4   0x000000b0   Code   RO            1    i._Z18nrk_create_tasksetv  main.o
    0x00002e74   0x00000014   Code   RO          632    i._Z19_nrk_os_timer_resetv  nrk_timer.o
    0x00002e88   0x00000012   Code   RO          633    i._Z19_nrk_os_timer_startv  nrk_timer.o
    0x00002e9a   0x00000002   PAD
    0x00002e9c   0x00000080   Code   RO         1280    i._Z19nrk_rem_from_readyQa  nrk_task.o
    0x00002f1c   0x0000000a   Code   RO          636    i._Z20_nrk_get_next_wakeupv  nrk_timer.o
    0x00002f26   0x00000008   Code   RO          637    i._Z20_nrk_set_next_wakeuph  nrk_timer.o
    0x00002f2e   0x00000002   PAD
    0x00002f30   0x00000014   Code   RO          986    i._Z20nrk_kernel_error_addhh  nrk_error.o
    0x00002f44   0x000000b8   Code   RO          387    i._Z22nrk_stack_pointer_initv  nrk_cpu.o
    0x00002ffc   0x00000014   Code   RO         1380    i._Z23_nrk_wait_for_schedulerv  nrk_task.o
    0x00003010   0x00000014   Code   RO          639    i._Z25_nrk_high_speed_timer_getv  nrk_timer.o
    0x00003024   0x00000034   Code   RO          640    i._Z25nrk_high_speed_timer_waittt  nrk_timer.o
    0x00003058   0x000000ac   Code   RO          388    i._Z25nrk_stack_pointer_restorev  nrk_cpu.o
    0x00003104   0x0000000c   Code   RO         1283    i._Z26nrk_get_high_ready_task_IDv  nrk_task.o
    0x00003110   0x0000004c   Code   RO         1284    i._Z26nrk_wait_until_next_periodv  nrk_task.o
    0x0000315c   0x0000001c   Code   RO          642    i._Z27_nrk_high_speed_timer_resetv  nrk_timer.o
    0x00003178   0x00000004   Code   RO          389    i._Z27nrk_task_set_entry_functionP9task_typePFvvE  nrk_cpu.o
    0x0000317c   0x00000048   Code   RO            2    i._Z5Task1v         main.o
    0x000031c4   0x00000038   Code   RO            3    i._Z5Task2v         main.o
    0x000031fc   0x000000a4   Code   RO         1592    i._Z7initLEDv       ulib.o
    0x000032a0   0x00000108   Code   RO          841    i._Z8nrk_initv      nrk.o
    0x000033a8   0x00000014   Code   RO         1593    i._Z9PORT_INITv     ulib.o
    0x000033bc   0x000000a4   Code   RO         1595    i._Z9initDEBUGv     ulib.o
    0x00003460   0x000000c4   Code   RO          842    i._Z9nrk_startv     nrk.o
    0x00003524   0x00000020   Code   RO         1962    i._ZN4mbed10DigitalOutC1E7PinNamePKc  mbed.ar(DigitalOut.cpp.lpc1768.arm.o)
    0x00003544   0x0000000e   Code   RO         2007    i._ZN4mbed10DigitalOutD0Ev  mbed.ar(DigitalOut.cpp.lpc1768.arm.o)
    0x00003552   0x00000004   Code   RO         1992    i._ZN4mbed10DigitalOutD1Ev  mbed.ar(DigitalOut.cpp.lpc1768.arm.o)
    0x00003556   0x0000000e   Code   RO         1964    i._ZN4mbed10DigitalOutaSEi  mbed.ar(DigitalOut.cpp.lpc1768.arm.o)
    0x00003564   0x00000006   Code   RO         1965    i._ZN4mbed10DigitalOutcviEv  mbed.ar(DigitalOut.cpp.lpc1768.arm.o)
    0x0000356a   0x00000002   PAD
    0x0000356c   0x00000030   Code   RO         1881    i._ZN4mbed4Base5clearEPKcPc  mbed.ar(Base.cpp.lpc1768.arm.o)
    0x0000359c   0x00000040   Code   RO         1885    i._ZN4mbed4Base9list_objsEPKcPc  mbed.ar(Base.cpp.lpc1768.arm.o)
    0x000035dc   0x00000024   Code   RO         1886    i._ZN4mbed4BaseC1EPKc  mbed.ar(Base.cpp.lpc1768.arm.o)
    0x00003600   0x00000034   Code   RO         1887    i._ZN4mbed4BaseD0Ev  mbed.ar(Base.cpp.lpc1768.arm.o)
    0x00003634   0x00000038   Code   RO         1888    i._ZN4mbed4BaseD1Ev  mbed.ar(Base.cpp.lpc1768.arm.o)
    0x0000366c   0x00000008   Code   RO         2310    i._ZdaPv            cpprt_w.l(array_del.o)
    0x00003674   0x00000008   Code   RO         2317    i._ZdlPv            cpprt_w.l(delete.o)
    0x0000367c   0x00000028   Code   RO         3091    i.__ARM_fpclassify  m_ws.l(fpclassify.o)
    0x000036a4   0x00000078   Code   RO            4    i.__sti___8_main_cpp_led1  main.o
    0x0000371c   0x0000000c   Code   RO         1860    i.__user_setup_stackheap  stackheap.o
    0x00003728   0x0000000e   Code   RO         2254    i._is_digit         c_w.l(__printf_wp.o)
    0x00003736   0x00000008   Code   RO          843    i._nrk_timer_tick   nrk.o
    0x0000373e   0x00000016   Code   RO         2167    i.exit              capi.ar(exit.c.lpc1768.arm.o)
    0x00003754   0x00000030   Code   RO         2017    i.gpio_output       capi.ar(gpio_api.c.lpc1768.arm.o)
    0x00003784   0x00000018   Code   RO         2018    i.gpio_read         capi.ar(gpio_api.c.lpc1768.arm.o)
    0x0000379c   0x00000018   Code   RO         2019    i.gpio_write        capi.ar(gpio_api.c.lpc1768.arm.o)
    0x000037b4   0x00000016   Code   RO            5    i.main              main.o
    0x000037ca   0x00000002   PAD
    0x000037cc   0x00000078   Code   RO         2169    i.mbed_die          capi.ar(utils_api.c.lpc1768.arm.o)
    0x00003844   0x00000038   Code   RO         2157    i.pin_function      capi.ar(pinmap.c.lpc1768.arm.o)
    0x0000387c   0x00000038   Code   RO         2158    i.pin_mode          capi.ar(pinmap.c.lpc1768.arm.o)
    0x000038b4   0x0000000c   Code   RO         2179    i.semihost_exit     capi.ar(semihost_api.c.lpc1768.arm.o)
    0x000038c0   0x00000014   Code   RO         2123    i.timer_frequency   capi.ar(timer_api.c.lpc1768.arm.o)
    0x000038d4   0x00000070   Code   RO         2124    i.timer_init        capi.ar(timer_api.c.lpc1768.arm.o)
    0x00003944   0x00000004   Code   RO         2125    i.timer_read        capi.ar(timer_api.c.lpc1768.arm.o)
    0x00003948   0x0000000c   Code   RO         2126    i.timer_start       capi.ar(timer_api.c.lpc1768.arm.o)
    0x00003954   0x00000038   Code   RO         2025    i.us_ticker_read    capi.ar(us_ticker_api.c.lpc1768.arm.o)
    0x0000398c   0x0000001c   Code   RO         1870    i.wait_ms           capi.ar(wait_api.c.lpc1768.arm.o)
    0x000039a8   0x0000002c   Code   RO         2904    locale$$code        c_w.l(lc_ctype_c.o)
    0x000039d4   0x0000002c   Code   RO         3032    locale$$code        c_w.l(lc_numeric_c.o)
    0x00003a00   0x00000004   Code   RO         2774    x$fpl$printf1       fz_ws.l(printf1.o)
    0x00003a04   0x00000004   Code   RO         2776    x$fpl$printf2       fz_ws.l(printf2.o)
    0x00003a08   0x00000000   Code   RO         2786    x$fpl$usenofp       fz_ws.l(usenofp.o)
    0x00003a08   0x00000018   Data   RO         1908    .constdata          mbed.ar(Base.cpp.lpc1768.arm.o)
    0x00003a20   0x00000028   Data   RO         2242    .constdata          c_w.l(_printf_hex_int_ll_ptr.o)
    0x00003a48   0x00000011   Data   RO         2262    .constdata          c_w.l(__printf_flags_ss_wp.o)
    0x00003a59   0x00000003   PAD
    0x00003a5c   0x00000008   Data   RO         2609    .constdata          c_w.l(_printf_wctomb.o)
    0x00003a64   0x00000026   Data   RO         2866    .constdata          c_w.l(_printf_fp_hex.o)
    0x00003a8a   0x00000002   PAD
    0x00003a8c   0x00000094   Data   RO         2999    .constdata          c_w.l(bigflt0.o)
    0x00003b20   0x00000018   Data   RO         1988    .constdata__ZTVN4mbed10DigitalOutE  mbed.ar(DigitalOut.cpp.lpc1768.arm.o)
    0x00003b38   0x00000018   Data   RO         1929    .constdata__ZTVN4mbed4BaseE  mbed.ar(Base.cpp.lpc1768.arm.o)
    0x00003b50   0x0000000e   Data   RO         1910    .conststring        mbed.ar(Base.cpp.lpc1768.arm.o)
    0x00003b5e   0x00000005   Data   RO         1911    .conststring        mbed.ar(Base.cpp.lpc1768.arm.o)
    0x00003b63   0x00000001   PAD
    0x00003b64   0x00000020   Data   RO         3194    Region$$Table       anon$$obj.o
    0x00003b84   0x00000110   Data   RO         2903    locale$$data        c_w.l(lc_ctype_c.o)
    0x00003c94   0x0000001c   Data   RO         3031    locale$$data        c_w.l(lc_numeric_c.o)
    0x00003cb0   0x00000004   Data   RO           12    .init_array         main.o
    0x00003cb4   0x00000000   Data   RO         2305    .init_array         c_w.l(init_aeabi.o)


    Execution Region RW_IRAM1 (Base: 0x10000000, Size: 0x00000d28, Max: 0x00008000, ABSOLUTE)

    Base Addr    Size         Type   Attr      Idx    E Section Name        Object

    0x10000000   0x000000c4   Data   RW         1866    .ARM.__AT_0x10000000  cmsis_nvic.o
    0x100000c4   0x00000002   Data   RW          666    .data               nrk_timer.o
    0x100000c6   0x00000002   PAD
    0x100000c8   0x00000031   Data   RW          853    .data               nrk.o
    0x100000f9   0x00000002   Data   RW         1000    .data               nrk_error.o
    0x100000fb   0x00000001   PAD
    0x100000fc   0x00000009   Data   RW         1208    .data               nrk_scheduler.o
    0x10000105   0x00000003   PAD
    0x10000108   0x00000004   Data   RW         1857    .data               system_LPC17xx.o
    0x1000010c   0x00000008   Data   RW         1912    .data               mbed.ar(Base.cpp.lpc1768.arm.o)
    0x10000114   0x0000000c   Data   RW         1913    .data               mbed.ar(Base.cpp.lpc1768.arm.o)
    0x10000120   0x00000004   Data   RW         2026    .data               capi.ar(us_ticker_api.c.lpc1768.arm.o)
    0x10000124   0x00000004   Data   RW         3053    .data               c_w.l(heapauxa.o)
    0x10000128   0x000008a8   Zero   RW           11    .bss                main.o
    0x100009d0   0x0000033c   Zero   RW          852    .bss                nrk.o
    0x10000d0c   0x00000004   Zero   RW         2519    .bss                c_w.l(rt_ddtor_pointer_addr.o)
    0x10000d10   0x00000004   Zero   RW         2830    .bss                c_w.l(rt_heap_descriptor.o)
    0x10000d14   0x00000014   Zero   RW         2835    .bss                c_w.l(rt_locale.o)


    Execution Region RW_IRAM2 (Base: 0x2007c000, Size: 0x00000000, Max: 0x00004000, ABSOLUTE)

    **** No section assigned to this execution region ****


    Execution Region RW_IRAM3 (Base: 0x20080000, Size: 0x00000000, Max: 0x00004000, ABSOLUTE)

    **** No section assigned to this execution region ****


    Execution Region RW_IRAM4 (Base: 0x40038000, Size: 0x00000000, Max: 0x00000800, ABSOLUTE)

    **** No section assigned to this execution region ****


==============================================================================

Image component sizes


      Code (inc. data)   RO Data    RW Data    ZI Data      Debug   Object Name

         0          0          0        196          0          0   cmsis_nvic.o
       446         72          4          0       2216      39648   main.o
       120         14          0          0          0        324   my_asm.o
       964         72          0         49        828       6141   nrk.o
       564         26          0          0          0       4837   nrk_cpu.o
        48         22          0          2          0       1350   nrk_error.o
         0          0          0          0          0      21922   nrk_ext_int.o
        36          6          0          0          0        540   nrk_idle_task.o
      1612         62          0          9          0       1558   nrk_scheduler.o
       708         44          0          0          0       5298   nrk_task.o
        92          8          0          0          0       1845   nrk_time.o
       460         38          0          2          0      12722   nrk_timer.o
        12          4          0          0          0         60   stackheap.o
        40         12        196          0          0        220   startup_LPC17xx.o
       120         10          0          4          0         60   system_LPC17xx.o
       844         32          0          0          0       8836   ulib.o

    ----------------------------------------------------------------------
      6080        422        232        268       3044     105361   Object Totals
         0          0         32          0          0          0   (incl. Generated)
        14          0          0          6          0          0   (incl. Padding)

    ----------------------------------------------------------------------

      Code (inc. data)   RO Data    RW Data    ZI Data      Debug   Library Member Name

         8          0          0          0          0         68   __main.o
       392          4         17          0          0         92   __printf_flags_ss_wp.o
        14          0          0          0          0         68   __printf_wp.o
         0          0          0          0          0          0   __rtentry.o
        12          0          0          0          0          0   __rtentry2.o
         6          0          0          0          0          0   __rtentry4.o
        52          8          0          0          0          0   __scatter.o
        26          0          0          0          0          0   __scatter_copy.o
        28          0          0          0          0          0   __scatter_zi.o
         6          0          0          0          0          0   _printf_a.o
         6          0          0          0          0          0   _printf_c.o
        44          0          0          0          0        108   _printf_char.o
        48          6          0          0          0         96   _printf_char_common.o
        40          0          0          0          0         68   _printf_charcount.o
         6          0          0          0          0          0   _printf_d.o
       120         16          0          0          0         92   _printf_dec.o
         6          0          0          0          0          0   _printf_e.o
         6          0          0          0          0          0   _printf_f.o
      1050          0          0          0          0        216   _printf_fp_dec.o
       764          8         38          0          0        100   _printf_fp_hex.o
       128         16          0          0          0         84   _printf_fp_infnan.o
         6          0          0          0          0          0   _printf_g.o
       148          4         40          0          0        160   _printf_hex_int_ll_ptr.o
         6          0          0          0          0          0   _printf_i.o
       178          0          0          0          0         88   _printf_intcommon.o
        10          0          0          0          0          0   _printf_l.o
         6          0          0          0          0          0   _printf_lc.o
        10          0          0          0          0          0   _printf_ll.o
         6          0          0          0          0          0   _printf_lld.o
         6          0          0          0          0          0   _printf_lli.o
         6          0          0          0          0          0   _printf_llo.o
         6          0          0          0          0          0   _printf_llu.o
         6          0          0          0          0          0   _printf_llx.o
       124         16          0          0          0         92   _printf_longlong_dec.o
         6          0          0          0          0          0   _printf_ls.o
         6          0          0          0          0          0   _printf_n.o
         6          0          0          0          0          0   _printf_o.o
       112          8          0          0          0        124   _printf_oct_int_ll.o
         6          0          0          0          0          0   _printf_p.o
        78          0          0          0          0        108   _printf_pad.o
         0          0          0          0          0          0   _printf_percent.o
         4          0          0          0          0          0   _printf_percent_end.o
         6          0          0          0          0          0   _printf_s.o
        82          0          0          0          0         80   _printf_str.o
        36          0          0          0          0         84   _printf_truncate.o
         6          0          0          0          0          0   _printf_u.o
        44          0          0          0          0        108   _printf_wchar.o
       188          6          8          0          0         92   _printf_wctomb.o
         6          0          0          0          0          0   _printf_x.o
        10          0          0          0          0         68   _sputc.o
        64          0          0          0          0         92   _wcrtomb.o
        46          0          0          0          0         84   aeabi_atexit.o
       220          4        148          0          0         96   bigflt0.o
      1910        128          0          0          0        672   btod.o
        66          0          0          0          0         84   cxa_finalize.o
        10          0          0          0          0         68   defsig_exit.o
        50          0          0          0          0         88   defsig_general.o
        80         58          0          0          0         76   defsig_rtmem_inner.o
        14          0          0          0          0         80   defsig_rtmem_outer.o
        94          0          0          0          0         80   h1_alloc.o
        52          0          0          0          0         68   h1_extend.o
        78          0          0          0          0         80   h1_free.o
        14          0          0          0          0         84   h1_init.o
        80          6          0          4          0         96   heapauxa.o
         4          0          0          0          0        136   hguard.o
         0          0          0          0          0          0   indicate_semi.o
        36         10          0          0          0         80   init_aeabi.o
       138          0          0          0          0        168   init_alloc.o
        44         10        272          0          0         76   lc_ctype_c.o
        44         10         28          0          0         76   lc_numeric_c.o
         2          0          0          0          0          0   libinit.o
        42          0          0          0          0          0   libinit2.o
         0          0          0          0          0          0   libshutdown2.o
       138          0          0          0          0         80   lludiv10.o
       238          0          0          0          0        100   lludivv7m.o
         0          0          0          0          0          0   maybetermalloc1.o
        16          4          0          0          0         76   rt_ctype_table.o
         8          4          0          0          4         68   rt_ddtor_pointer_addr.o
         8          4          0          0          4         68   rt_heap_descriptor.o
         8          4          0          0         20         68   rt_locale.o
        44          6          0          0          0         84   sprintf.o
       128          0          0          0          0         68   strcmpv7m.o
        12          4          0          0          0         68   sys_exit.o
        14          0          0          0          0         76   sys_wrch.o
         2          0          0          0          0         68   use_no_semi.o
        22          0          0          0          0         76   exit.c.lpc1768.arm.o
        96          0          0          0          0        192   gpio_api.c.lpc1768.arm.o
       112          8          0          0          0        120   pinmap.c.lpc1768.arm.o
        12          0          0          0          0         68   semihost_api.c.lpc1768.arm.o
       148         16          0          0          0        240   timer_api.c.lpc1768.arm.o
        56         12          0          4          0         80   us_ticker_api.c.lpc1768.arm.o
       120          6          0          0          0         76   utils_api.c.lpc1768.arm.o
        28          0          0          0          0         72   wait_api.c.lpc1768.arm.o
         8          0          0          0          0         76   array_del.o
         8          0          0          0          0         76   delete.o
         4          0          0          0          0         68   printf1.o
         4          0          0          0          0         68   printf2.o
         0          0          0          0          0          0   usenofp.o
        40          0          0          0          0         68   fpclassify.o
       256         40         67         20          0        324   Base.cpp.lpc1768.arm.o
        70          4         24          0          0        332   DigitalOut.cpp.lpc1768.arm.o

    ----------------------------------------------------------------------
      8580        430        648         28         28       7040   Library Totals
        16          0          6          0          0          0   (incl. Padding)

    ----------------------------------------------------------------------

      Code (inc. data)   RO Data    RW Data    ZI Data      Debug   Library Name

      7580        344        551          4         28       5104   c_w.l
       594         42          0          4          0        924   capi.ar
        16          0          0          0          0        152   cpprt_w.l
         8          0          0          0          0        136   fz_ws.l
        40          0          0          0          0         68   m_ws.l
       326         44         91         20          0        656   mbed.ar

    ----------------------------------------------------------------------
      8580        430        648         28         28       7040   Library Totals

    ----------------------------------------------------------------------

==============================================================================


      Code (inc. data)   RO Data    RW Data    ZI Data      Debug   

     14660        852        880        296       3072     106013   Grand Totals
     14660        852        880        296       3072     106013   ELF Image Totals
     14660        852        880        296          0          0   ROM Totals

==============================================================================

    Total RO  Size (Code + RO Data)                15540 (  15.18kB)
    Total RW  Size (RW Data + ZI Data)              3368 (   3.29kB)
    Total ROM Size (Code + RO Data + RW Data)      15836 (  15.46kB)

==============================================================================

